✔ actual directory controller preserves the entire index set despite loaded manufacturer and retailer records (97493.9195ms)
✔ failed generated shard loading cannot substitute a cached or manufacturer-only directory (19.2951ms)
✔ every generated brand directory has exactly its admitted identities across all pages and categories (14901.0019ms)
✔ priority counts, source spellings, Hash Browns membership and exact products remain admitted (211.5742ms)
✔ brand labels, manufacturer supplements and excluded raw products cannot grant generated-directory admission (1498.1868ms)
✔ retailer aliases reuse the admitted canonical GTIN without losing either membership (7.2285ms)
✔ fresh brand hydration resolves retailer authority, retains OFF evidence and uses canonical Review nutrition (32.6214ms)
✔ 39 distinct candidates obey all four ceilings and dispositions reconcile without fabricated admissions (5.5325ms)
✔ all retained Coles exclusions remain excluded with exact nutrition and serving facts (913.8734ms)
✔ all reviewed category moves preserve identity, nutrition, unknowns, serving and provenance (1040.101ms)
✔ shared product-head rules are retailer-neutral and reject compounds and ambiguous fragments (1.1025ms)
✔ Coles/Woolworths/Aldi counts, category deltas and every moved house identity reconcile (1500.1726ms)
✔ independent McCain discovery improves the existing global canonical record without ownership or nutrition substitution (415.4221ms)
✔ thin-family and second independent discovery holds never create substitute canonical identities (7.6281ms)
✔ accepted Woolworths vegetables and Campbell stock retain exact logged energy and missing fibre (571.3598ms)
✔ every changed global category has whole-product evidence and retains index/shard parity (1282.1658ms)
✔ protected OFF, restaurant, reference and deployment payloads remain byte-for-byte unchanged (1982.729ms)
✔ all catalogue projections reproduce byte-for-byte and retain the complete evidence groups (39452.8415ms)
✔ 39 enrolled identities resolve uniquely and category moves are subsets of improvements (1.6855ms)
✔ 15 retained holds and four deferrals stay out of normal admission (426.8071ms)
✔ exact package GTINs complete existing identities without collapsing other milk or vegetable formulations (17.0944ms)
✔ two package-evidenced Aldi trademarks enter house browse, independent Pepsi stays global (27.5307ms)
✔ unknown fibre, true printed zero, preparation and human measures survive a complete review flow (34.8593ms)
✔ shared fallback semantics handle product forms and reject ingredient/flavour/compound traps (1.3639ms)
✔ all three retailer totals and each cross-retailer category consequence reconcile (1988.6463ms)
✔ all moved existing products retain exact identity, nutrients, measures and ownership (11991.8498ms)
✔ new exact brand products are globally reachable and every index entry matches its shard (1629.0491ms)
✔ all protected source payloads are unchanged (1198.5972ms)
✔ real catalogue identity outranks broad beverage ancestry (63.0035ms)
✔ raw solid mL is quarantined at the final profile and resolved-food boundary (4.1523ms)
✔ raw solid L is quarantined at the final profile and resolved-food boundary (2.2445ms)
✔ raw solid cup is quarantined at the final profile and resolved-food boundary (2.9764ms)
✔ package volume and unsuitable source units cannot redefine a named solid (6.2433ms)
✔ genuine per-100-mL solid conflict is not relabelled or scaled as grams (2.623ms)
✔ valid gram nutrition survives an incompatible source serving (2.4914ms)
✔ volume aliases are validated by user-facing family, not a countable default (2.4599ms)
✔ guided Review cannot reintroduce quarantined units (18.2346ms)
✔ voice and typed measure resolution rejects solid volume and accepts supported grams (1.7715ms)
✔ liquid identity preserves volumes and rejects unrelated solid item units (3.4753ms)
✔ spreads preserve validated household-to-gram measures without becoming liquid (4.2568ms)
✔ sliced food preserves source slice and grams (1.6705ms)
✔ official restaurant item preserves its natural unit (134.6112ms)
✔ unknown identity with only volume metadata has a conservative completion state (6.9115ms)
✔ specific short-plural food categories outrank beverage flavour words (2.5065ms)
✔ specific liquid categories retain milk despite chocolate flavour metadata (3.4807ms)
✔ powdered milk remains solid despite liquid ancestry (0.6602ms)
✔ explicit source mL denominator is preserved before semantic normalization (1.5126ms)
✔ trusted density conversion supports grams without exposing volume for a solid (3.2584ms)
✔ late carried candidates and legacy allowed lists cross the same firewall (1.3696ms)
✔ consumedPortion rejects a quarantined carried measure when food is supplied (0.9367ms)
✔ legacy inferred catalogue form cannot override solid identity (2.1714ms)
✔ explicit source slice counts on a countable product keep their gram conversion (3.0986ms)
✔ real McCain product is safe through production search and rendered Portion Choice (15096.8122ms)
✔ every actual retailer category and house brand has eligible products and settles with exactly those identities (8225.7946ms)
✔ stale category, stale brand and empty intersection settle empty without offering zero choices (2.2818ms)
✔ unresolved adapter is bounded; late result cannot refill caches or overwrite retry (36.8089ms)
✔ shard deadline aborts stalled read, evicts rejected promise and allows real retry (30.0414ms)
✔ loader rejection and catalogue replacement terminate as errors (6.1152ms)
✔ timeout from an old request cannot finish a newer request (27.2314ms)
✔ compatible title punctuation and casing retains authority, aliases and original source titles (43.5279ms)
✔ compatible title harmless wording refresh retains authority, aliases and original source titles (8.3154ms)
✔ compatible title retailer wording and word order retains authority, aliases and original source titles (3.0415ms)
✔ compatible title duplicated pack wording retains authority, aliases and original source titles (3.2764ms)
✔ compatible title current verified title retains authority, aliases and original source titles (5.6813ms)
✔ equally trusted compatible titles use existing publication currentness (1.4127ms)
✔ material title Original versus Chocolate remains unresolved (10.9568ms)
✔ material title Full Cream versus Reduced Fat remains unresolved (7.4997ms)
✔ material title regular versus Gluten Free remains unresolved (4.2666ms)
✔ material title title pack 420 g versus 840 g remains unresolved (4.6433ms)
✔ material title 6 Pack versus 12 Pack remains unresolved (7.1584ms)
✔ material title salt formulation remains unresolved (3.7767ms)
✔ material title sweetening remains unresolved (3.2454ms)
✔ material title title size remains unresolved (5.091ms)
✔ material title product family remains unresolved (6.2466ms)
✔ structured pack versus title-only pack cannot bypass identity checking (3.3061ms)
✔ compatible same-GTIN evidence still corroborates with manufacturer authority and both sources (1.5066ms)
✔ same GTIN 420 g versus 840 g is inspectable identity conflict even with stronger manufacturer evidence (4.7584ms)
✔ incompatible same-GTIN flavour blocks ordinary logging (3.9663ms)
✔ incompatible same-GTIN brand blocks ordinary logging (3.3358ms)
✔ incompatible same-GTIN physical form blocks ordinary logging (2.3591ms)
✔ incompatible same-GTIN explicit variant blocks ordinary logging (5.1973ms)
✔ incompatible same-GTIN count blocks ordinary logging (5.2249ms)
✔ incompatible same-GTIN size blocks ordinary logging (4.0896ms)
✔ same-GTIN identity conflict cannot be cleared by re-canonicalising with the preferred clean source (3.6794ms)
✔ equal-authority nutrition conflict remains blocked and never averaged (0.7727ms)
✔ different GTINs remain distinct without manufacturing or replacing barcodes (0.38ms)
✔ all shared dedupe surfaces retain the same-GTIN conflict instead of choosing a clean rank winner (6.28ms)
✔ retailer index loads all same-GTIN evidence on the same page before permitting selection (7.2889ms)
✔ unlisted OFF evidence for a listed GTIN is retained for conflict analysis without creating another retailer product (2.8875ms)
ℹ tests 89
ℹ suites 0
ℹ pass 89
ℹ fail 0
ℹ cancelled 0
ℹ skipped 0
ℹ todo 0
ℹ duration_ms 115516.4176
