✔ frozen pool is pinned and the reviewed projection rebuilds byte-identically (1391.0436ms)
✔ retailers register once in the established deterministic order (131.7619ms)
✔ directory counts and All Items are deterministic and lazy (162.5858ms)
✔ every retained first-wave record preserves Australia-only community evidence, source brand and attribution (106.4834ms)
✔ all 705 retained exclusions and lexical rejects remain outside the production index (60.5049ms)
✔ community provenance cannot be fabricated from names, brand, partial store text, foreign country or missing pins (62.6087ms)
✔ tampered hydrated community evidence fails closed (135.8844ms)
✔ guided bread is limited to its approved Aldi concept (95.5348ms)
✔ guided yoghurt is limited to its approved Aldi concept (75.2184ms)
✔ guided cheese is limited to its approved Aldi concept (92.5457ms)
✔ guided cereal is limited to its approved Aldi concept (79.4899ms)
✔ retailer-aware Aldi bread uses the food concept even without bread in the source title (75.592ms)
✔ cancellation clears Aldi ownership and preserves generic Bread intent (61.8869ms)
✔ all 20 existing protected OFF GTIN records merge compatibly without changing brand or nutrition (269.5927ms)
✔ incompatible same-GTIN identity remains blocked through repeated canonicalisation (68.8571ms)
✔ bread slices preserves identity, amount conversion and one final Review (63.6759ms)
✔ liquid Pepsi preserves identity, amount conversion and one final Review (62.2191ms)
✔ gram cheese preserves identity, amount conversion and one final Review (57.7426ms)
✔ muesli serve preserves identity, amount conversion and one final Review (61.052ms)
✔ gram yoghurt preserves identity, amount conversion and one final Review (62.218ms)
✔ unknown values stay unknown; explicit water zeroes remain zero; packs never create count measures (56.6218ms)
✔ bounded Woolworths and Coles regressions retain their roots and accepted catalogues (116.4269ms)
✔ submitted retailer product filter keeps approved concept evidence across either merge order (80.7999ms)
✔ shared concept source choices expose covered retailers without altering generic-only concepts (56.0932ms)
✔ retailer search uses registered food-concept aliases before title matching (86.3137ms)
ℹ tests 25
ℹ suites 0
ℹ pass 25
ℹ fail 0
ℹ cancelled 0
ℹ skipped 0
ℹ todo 0
ℹ duration_ms 4360.0596
