✔ frozen pool is pinned and the reviewed projection rebuilds byte-identically (1906.343ms)
✔ retailers register once in the established deterministic order (157.2148ms)
✔ directory counts and All Items are deterministic and lazy (231.0128ms)
✔ every retained first-wave record preserves Australia-only community evidence, source brand and attribution (145.2041ms)
✔ all 705 retained exclusions and lexical rejects remain outside the production index (88.1944ms)
✔ community provenance cannot be fabricated from names, brand, partial store text, foreign country or missing pins (69.8548ms)
✔ tampered hydrated community evidence fails closed (129.4592ms)
✔ guided bread is limited to its approved Aldi concept (95.4027ms)
✔ guided yoghurt is limited to its approved Aldi concept (96.6482ms)
✔ guided cheese is limited to its approved Aldi concept (100.9747ms)
✔ guided cereal is limited to its approved Aldi concept (73.8779ms)
✔ retailer-aware Aldi bread uses the food concept even without bread in the source title (96.9379ms)
✔ cancellation clears Aldi ownership and preserves generic Bread intent (70.2113ms)
✔ all 20 existing protected OFF GTIN records merge compatibly without changing brand or nutrition (393.5326ms)
✔ incompatible same-GTIN identity remains blocked through repeated canonicalisation (85.4817ms)
✔ bread slices preserves identity, amount conversion and one final Review (71.9236ms)
✔ liquid Pepsi preserves identity, amount conversion and one final Review (70.6927ms)
✔ gram cheese preserves identity, amount conversion and one final Review (66.9834ms)
✔ muesli serve preserves identity, amount conversion and one final Review (63.1231ms)
✔ gram yoghurt preserves identity, amount conversion and one final Review (65.5006ms)
✔ unknown values stay unknown; explicit water zeroes remain zero; packs never create count measures (59.8443ms)
✔ bounded Woolworths and Coles regressions retain their roots and accepted catalogues (157.4454ms)
✔ submitted retailer product filter keeps approved concept evidence across either merge order (85.3987ms)
✔ shared concept source choices expose covered retailers without altering generic-only concepts (56.4812ms)
✔ retailer search uses registered food-concept aliases before title matching (96.5933ms)
✔ canonical identity is stable across display renames and respects explicit source identity (1.3244ms)
✔ brand normalization handles punctuation, case and spacing without product-specific branches (9.5355ms)
✔ different GTINs, pack sizes and nutritional variants remain distinct (1.5833ms)
✔ same GTIN prefers sourced authority and preserves contradictory evidence (5.707ms)
✔ equal-trust unresolved contradictions block logging rather than average (0.728ms)
✔ a matching brand/name alone is insufficient cross-source identity proof (0.209ms)
✔ retailer evidence and online candidates cannot masquerade as manufacturer verification (12.5646ms)
✔ unknown metadata remains unknown on canonical identity (2.1591ms)
✔ source checks detect impossible servings and nutrition contradictions (0.7106ms)
✔ canonical eligibility agrees across preview, submitted Search and restaurant branch (40.8287ms)
✔ legacy preview-only identities are excluded by the shared contract (1.3967ms)
✔ selecting a weak result cannot discard its contextual eligibility restriction (11.4259ms)
✔ query revisions discard all previous intent and reject asynchronous writes (1.7754ms)
✔ Australian-first brand results are bounded and contain only the resolved brand (6.2883ms)
✔ brand-only queries do not become a food concept inherited from cached products (6.4755ms)
✔ noisy indexed brands cannot capture generic facets or declared menu families (37.6385ms)
✔ spread evidence is gated by food form; an unknown spread gets no borrowed spoons (3.8109ms)
✔ Flora accepted measures, nutrition and canonical identity survive data migration (5.0713ms)
✔ legacy classification record precedes edits and obsolete production maps are removed (11.0256ms)
✔ pilot expansion has multiple source families and preserves qualified nutrient values (23.0875ms)
✔ shared quality preserves base, semantic groups, alphabetical references and bounds (246.7266ms)
✔ strong AU names and variants precede category-only foreign names despite brand diversity (58.6872ms)
✔ plain milk precedes a recognised flavoured restaurant product (3.5962ms)
✔ containing dishes cannot outrank direct identities through source or brand trust (21.1513ms)
✔ catalogue prevalence is distinct compatible AU records, cached per growing snapshot (10.8185ms)
✔ committed Bread and Milk discovery replaces weak first-list probes and retains exact foreign products (3038.8228ms)
✔ every generated record passes identity, GTIN, AU, nutrition, conflicts and unknown preservation (11306.0474ms)
✔ all admitted source tokens meet reproducible tiers without merging companies or sub-brands (8663.5297ms)
✔ the wave adds no duplicate OFF identity and retains existing retailer evidence (1650.1283ms)
✔ known solids never gain liquid measures in the complete generated wave (2086.1583ms)
✔ brand plus exact product outranks lexical extensions and incomplete records never enter brand browse (251.8774ms)
✔ brand browse is bounded, category scoped, and all pages cover the complete brand (128.6164ms)
✔ generic food and retailer intent cannot become an exact-brand catalogue query (2.6607ms)
✔ a complete indexed brand outranks a shorter registered brand prefix (13.699ms)
✔ concept Brand Name options contain accepted relevant products only (321.6793ms)
✔ source tokens allow secondary explicit brand membership without ownership inference (1.1398ms)
✔ cancelled asynchronous queries cannot hand off foods (4.0988ms)
✔ decorated brand sorting preserves the existing complete ranking order (222.5463ms)
✔ cached raw OFF rows cannot bypass audited brand admission (77.0076ms)
✔ representative real products retain one amount-to-Review conversion (29.0567ms)
✔ actual directory controller preserves the entire index set despite loaded manufacturer and retailer records (98408.0907ms)
✔ failed generated shard loading cannot substitute a cached or manufacturer-only directory (25.6372ms)
✔ every generated brand directory has exactly its admitted identities across all pages and categories (20088.6199ms)
✔ priority counts, source spellings, Hash Browns membership and exact products remain admitted (58.3212ms)
✔ raw labels cannot grant admission; accepted manufacturer identities share brand discovery (337.9225ms)
✔ retailer aliases reuse the admitted canonical GTIN without losing either membership (9.7837ms)
✔ fresh brand hydration resolves retailer authority, retains OFF evidence and uses canonical Review nutrition (25.911ms)
✔ audited brand generation is byte deterministic and committed outputs match (33878.6713ms)
✔ classification snapshots match uncached decisions after scalar and in-place category/source mutations (1083.6446ms)
✔ complete-record cache hits are identical, isolated, and invalidate every safety/ranking input (50.7996ms)
✔ hydrated OFF adapter records reuse unchanged decisions despite optional undefined metadata (317.5822ms)
✔ memoized and uncached addability agree across all 1922 admitted products (11806.2355ms)
✔ complete concept candidate groups, diagnostics and ranking match the uncached reference (25410.9523ms)
✔ serving normalization preserves the uncached text algorithm (58.2691ms)
✔ the established percentile is the maximum at 20 and index 47 at 50 (1.3913ms)
✔ all samples including a slow first search remain in arrival order (2.5492ms)
✔ generic median and p95 are independent inclusive gates, evaluated without rounding (0.6704ms)
✔ cold check is separate, exactly one observation, and inclusive at 500 ms (2.975ms)
✔ all other rendered operations retain their existing strict 250 ms p95 gate (0.6373ms)
✔ incomplete distributions, unknown operations and invalid durations cannot pass (0.9066ms)
✔ one failing independent run or cold check fails acceptance without averaging (0.6128ms)
✔ classification cache distinguishes category fields and invalidates edited identities (10.4809ms)
✔ indexed peer identity decisions equal the established scan for every admitted category (1813.8921ms)
✔ indexed identity preserves duplicate labels, family shells and distinct GTIN exceptions (0.7294ms)
✔ missing source nutrients stay absent; explicit source zero remains zero (2.6377ms)
✔ whole source brand field and separate tokens are preserved without ownership inference (0.98ms)
✔ simple punctuation normalization does not merge unrelated accents or parent labels (0.3586ms)
✔ unsupported source domains cannot enter through a secondary food tag (0.5867ms)
✔ category assignment requires explicit supported source category; name or brand is insufficient (0.6791ms)
✔ noise values are held rather than rewritten into a consumer brand (1.1358ms)
✔ ingredient suffixes cannot turn pizzas and pasta sauces into cheese (0.6308ms)
✔ contradictory serving quantities and mixed cheese identities are excluded (0.9478ms)
✔ cached online renderer and subsequent lookup retain conflict, retailer evidence and both packs (41.3989ms)
✔ product cache retains complete canonical evidence even when one competing source did not score (3.073ms)
✔ online canonical ranking retains score, Australian preference and name tie ordering (2.4519ms)
✔ federated and repeatedly canonicalised conflicts remain blocked through the cached UI (3.9985ms)
✔ legacy online result policy retains canonical legacy records and stable lookup (7.0036ms)
✔ independent source identities retain eligibility and ranking when weaker same-label rows arrive (59.4571ms)
✔ copies of one canonical identity cannot manufacture label ambiguity (1.1339ms)
✔ ambiguous labels within one source stay blocked and exact preview cannot bypass that decision (8.1813ms)
✔ independent sources do not make generic or unnamed records specific products (8.734ms)
✔ shared GTIN conflict and source authority checks still control canonical merging (8.949ms)
Chiko regression evidence: C:\Users\mlwes\AppData\Local\Temp\hec-chiko-regression-QU2o4q
✔ real production Chiko preview, hydrated Search and selection retain the accepted roll identity (14170.1631ms)
✔ automatic apostrophe products preserve display and canonical identity across matching variants (108.3256ms)
ℹ {"kind":"apostrophe","id":"off:9319133334670","brand":"Carman's","name":"Classic Fruit & Nut Muesli","canonicalId":"barcode:9319133334670","variants":3}
ℹ {"kind":"apostrophe","id":"off:9340156084976","brand":"Rafferty's Garden","name":"Summer fruits & quinoa","canonicalId":"barcode:9340156084976","variants":3}
✔ automatic typographic products preserve display and canonical identity across matching variants (90.9748ms)
ℹ {"kind":"typographic","id":"off:8711327638372","brand":"Ben & Jerry’s","name":"Chocolate Chip Cookie Dough 79g","canonicalId":"barcode:8711327638372","variants":4}
ℹ {"kind":"typographic","id":"off:8801083421179","brand":"Kellogg’s","name":"Rice Bubbles - Gluten Free","canonicalId":"barcode:8801083421179","variants":3}
✔ automatic hyphen products preserve display and canonical identity across matching variants (70.3893ms)
ℹ {"kind":"hyphen","id":"off:8801047168324","brand":"Dogani Seolleongtang - 도가니 설렁탕","name":"Cow Knee And Bone Soup","canonicalId":"barcode:8801047168324","variants":5}
ℹ {"kind":"hyphen","id":"off:3415581105360","brand":"Häagen-Dazs","name":"STRAWBERRIES & CREAM","canonicalId":"barcode:3415581105360","variants":7}
✔ automatic ampersand products preserve display and canonical identity across matching variants (55.7161ms)
ℹ {"kind":"ampersand","id":"off:9310375002495","brand":"Dimmies & Tinnies","name":"Chicken And Corn Dim Sim","canonicalId":"barcode:9310375002495","variants":2}
ℹ {"kind":"ampersand","id":"off:9300682100113","brand":"m&m's","name":"crunchy cookie m&m's - 11 pieces","canonicalId":"barcode:9300682100113","variants":4}
✔ automatic punctuationSpacing products preserve display and canonical identity across matching variants (71.9416ms)
ℹ {"kind":"punctuationSpacing","id":"off:2132780010318","brand":"Ready- Set... Cook!","name":"Boneless Butterfly Chicken Greek Style","canonicalId":"barcode:2132780010318","variants":5}
ℹ {"kind":"punctuationSpacing","id":"off:9337096101467","brand":"Well & Good","name":"Choc Chip Cookie Mix","canonicalId":"barcode:9337096101467","variants":2}
✔ all house-brand admissions reuse accepted canonical identity, brand, nutrition and measures (893.311ms)
✔ official house-brand relationship is bound to both identities and AU product evidence (2.7241ms)
✔ every retailer root exposes only audited eligible house families once (1954.0538ms)
✔ direct house-brand search reaches the same canonical records without retailer brand replacement (481.4164ms)
✔ source spelling keys, legacy Select and unresolved candidate holds remain explicit (1028.5294ms)
✔ unknown nutrition stays unknown and natural measures do not change (98.9755ms)
✔ incomplete nutrition and same-GTIN conflicts never gain ordinary admission (1560.2235ms)
✔ protected McCain canonical alias and 75 g Review energy are unchanged (4.9718ms)
✔ family audit and admissions are hash-pinned with private-testing policy intact (21.9434ms)
✔ all accepted brand identity, panel and measure bytes match starting SOURCE (911.3406ms)
✔ house-brand ingredient and use mentions cannot pollute concept narrowing (0.8922ms)
✔ explicit retailer and house-brand product requests preserve evidenced identity (16.5507ms)
✔ all admitted expansion identities are unique, loggable, attributable, and retain public release review (5767.434ms)
✔ unknown OFF nutrients stay absent and qualified official panel values are never invented as zero (591.944ms)
✔ every expanded retailer page has actual evidence and no duplicate canonical choices (2677.3664ms)
✔ multi-market explicit Australia store evidence is accepted; a foreign-only or fabricated store claim is rejected (1.3694ms)
✔ manufacturer catalogue identities without GTIN are admitted only by canonical identity (6.3448ms)
✔ all preserved accepted brand identities remain admitted exactly once (99.312ms)
✔ new regional identity holds and ingredient-only family mentions stay out of unrelated categories (180.8739ms)
✔ new manufacturer products without a known barcode do not display a literal null barcode (10.9287ms)
✔ category coverage never acts as an admission cap for otherwise eligible foods (88.2974ms)
✔ 1. exact barcode intent resolves one product (1140.8618ms)
✔ 2. exact product intent requires a defensible product identity (0.2845ms)
✔ 3. consumer brand intent comes from the brand index (0.1256ms)
✔ 4. brand plus product intent is composed before ranking (0.1235ms)
✔ 5. generic category intent comes from category intelligence (0.1112ms)
✔ 6. broad fallback remains available (0.1616ms)
✔ 7. no confident match is explicit (0.1007ms)
✔ 8. brand spaces normalise generically (0.1149ms)
✔ 9. brand punctuation is ignored by the generic key (0.2239ms)
✔ 10. apostrophes normalise generically (0.1969ms)
✔ 11. case normalises generically (1.0157ms)
✔ 12. company/source text is not consumer-brand membership (0.3406ms)
✔ 13. exact product-name field outranks weak text (0.4195ms)
✔ 14. Australian catalogue source outranks broad online fallback (0.1178ms)
✔ 15. category membership is grouped ahead of incidental text (0.0963ms)
✔ 16. adding product words restricts a recognised brand (0.0682ms)
✔ 17. online federation does not mutate local order (1.7409ms)
✔ 18. query progression reports meaningful refinement (0.3623ms)
✔ 19. brand reference is navigation-only (0.3804ms)
✔ 20. barcode-only identity is not exact eligible (0.5235ms)
✔ 21. all-uppercase source labels receive readable capitalization (0.4733ms)
✔ 22. exact GTIN deduplication is conservative (8.8904ms)
✔ 23. real variants with different GTINs remain separate (0.1951ms)
✔ 24. brand enters the one guided engine (13.1412ms)
✔ 25. a weak large-brand category facet falls back to product pagination (181.3502ms)
✔ 26. manageable data-derived variants present concrete products (1.1611ms)
✔ 27. only facets that divide candidates are asked (0.6071ms)
✔ 28. Back recomputes from identity answers (4.8644ms)
✔ 29. upstream identity change clears amount state (7.7113ms)
✔ 30. liquid profile uses mL (3.3279ms)
✔ 31. liquid profile offers an Australian 250 mL cup (1.6671ms)
✔ 32. spread profile uses grams (1.6005ms)
✔ 33. spread retains an explicit compatible manufacturer serve (1.3068ms)
✔ 34. trusted generic spread teaspoon uses the existing HEC 5 g conversion (1.3829ms)
✔ 35. an explicit package teaspoon count is allowed (1.4858ms)
✔ 36. countable package derives a piece measure (1.7247ms)
✔ 37. custom decimal amount scales after measure (3.3646ms)
✔ 38. package size is not selected consumption (1.5677ms)
✔ 39. nutrition basis is not selected consumption (1.6456ms)
✔ 40. conflicting kcal and kJ are normalised from one source (0.1772ms)
✔ 41. one basis factor scales kcal and kJ together (0.1058ms)
✔ 42. missing nutrient remains unknown (0.1155ms)
✔ 43. energy conflict downgrades integrity (0.1123ms)
✔ 44. missing macros produce partial nutrition (0.1092ms)
✔ 45. identity-only product is blocked safely (0.3939ms)
✔ 46. real Flora brand universe remains 30 products (0.1828ms)
✔ 47. real Meadow Lea variants share one brand and omit the reference as exact (1.1307ms)
✔ 48. real Milk ranks plain identity/category members first (0.2261ms)
✔ 49. real Pauls excludes similar unrelated brands (0.2565ms)
✔ 50. real Trim Milk keeps both Australian candidates (0.2182ms)
✔ 51. Pauls Trim Milk restricts within Pauls (0.1093ms)
✔ 52. Big Mac authoritative source remains present (0.6142ms)
✔ 53. Large McDonald’s Fries remains present (0.4982ms)
✔ 54. Hotcakes complete-meal rule remains present (0.3627ms)
✔ 55. Bunnings natural item remains present (2.8573ms)
✔ 56. Chiko canonical dedup remains one display row (0.2612ms)
✔ 57. generic Fries routing remains preserved (0.9651ms)
✔ 58. Weight foundation remains loaded (0.8821ms)
✔ 59. focused keyboard handler preserves the caret (10.1139ms)
✔ 60. all 73,300 committed products remain indexed (0.2545ms)
✔ 61. product shards remain lazy rather than startup-preloaded (1.5789ms)
✔ 62. broader online remains a weaker source tier (0.187ms)
✔ 63. exact catalogue product taps enter the shared guide (3.222ms)
✔ 64. serving UI asks measure then amount clearly (8.2335ms)
✔ 65. architecture audit answers all ten requirements YES (9.467ms)
✔ 66. punctuation-heavy single-brand products use the derived exact-name index (0.355ms)
✔ 1. delayed online arrivals never reorder or replace the local Trim Milk snapshot (20.5307ms)
✔ 2. a stale Trim mil response is rejected after Trim milk becomes active (14.5374ms)
✔ 3. continuing the exact query preserves its revision and immutable local result (2.0774ms)
✔ 4. every changed raw query receives a monotonic revision (0.4448ms)
✔ 5. weak names cannot become exact while meaningful peer identities exist (2.1973ms)
✔ 6. barcode-known identity remains incomplete rather than exact (7.0368ms)
✔ 7. brand references remain navigation-only (0.1958ms)
✔ 8. small and medium sets use direct concrete products (21.1986ms)
✔ 9. a balanced shopper-facing facet is accepted only for a genuinely large set (34.0174ms)
✔ 10. broad taxonomy noise is rejected and large results paginate real products (114.9097ms)
✔ 11. unspecified spread keeps grams without borrowed household measures (24.304ms)
✔ 12. liquid milk keeps arbitrary mL and the Australian 250 mL cup (9.7124ms)
✔ 13. production online append updates only the broader surface (0.7987ms)
✔ 14. production large-search awaits are guarded by token, revision and current input (0.8293ms)
✔ 15. weak online shells are excluded from exact-product selection (1.3579ms)
✔ 16. recovery production modules contain no named-brand resolver branches (5.2163ms)
✔ 17. mobile safeguards retain bounded choices, stable caret and unresolved-action suppression (3.8937ms)
✔ 18. catalogue manifest remains the approved production-scale snapshot (0.1461ms)
✔ ordinary supermarket browse is relationship-gated, current or uncertain, never sale or provenance alone (1834.0723ms)
✔ independent and legacy products retain useful global search and canonical identity (207.3443ms)
✔ retailer Brands navigation reaches Seasons Pride and Elmsbury, with category intersection (6.5662ms)
✔ compound foods outrank ingredient and broad cake tokens in projected categories and concepts (2.6921ms)
✔ Jewel/Gem aliases resolve one canonical product, preserve authentic names and exact branded intent (10.1864ms)
✔ all accepted source identity, nutrition, measure and evidence facts remain byte-equivalent (1218.8323ms)
✔ protected McCain review still resolves its canonical alias and accepted energy (1.5288ms)
✔ fixed manifest is bounded, canonical-distinct and all decisions reconcile (4.8427ms)
✔ all 15 existing restrictions survive fresh evidence and runtime hydration (675.0995ms)
✔ 24 Wave 1B corrections survive; Waves 2A and 3A account for later shared fallback changes (375.0339ms)
✔ shared category rules are retailer-neutral and reject misleading ingredients and forms (0.626ms)
✔ stock and flavour cues never hijack chicken, while ordinary chicken remains compatible (2.6127ms)
✔ retailer concept queries retrieve evidenced families without lexical cereal in every title (72.5259ms)
✔ dry preparation words take precedence over beverage ancestry without changing prepared drinks (4.4931ms)
✔ structured Australian savoury biscuits provide generic Crackers without admitting sweet biscuits (20.3862ms)
✔ concepts with a source-context chooser cannot be pre-filtered to generic records (0.3436ms)
✔ new admissions have complete required nutrients and preserve unknown fibre (2.6954ms)
✔ physical form and explicit serving support one amount handoff with no pack-derived units (10.2513ms)
✔ independent consumer brand and retailer presence remain separate throughout global hydration (319.5921ms)
✔ deferred candidates cannot gain a Wave 1B admission or bypass existing restrictions (0.3464ms)
✔ global index/shard hashes, canonical uniqueness and brand counts reconcile (827.334ms)
✔ new evidence cannot override a material same-GTIN identity or formulation conflict (13.4451ms)
✔ Woolworths outputs regenerate byte-for-byte offline without replacing source evidence (4266.2088ms)
✔ the standalone Woolworths builder check resolves its adapter dependency without a circular-export failure (2800.5899ms)
✔ 39 distinct candidates obey all four ceilings and dispositions reconcile without fabricated admissions (6.2486ms)
✔ all retained Coles exclusions remain excluded with exact nutrition and serving facts (936.1272ms)
✔ all reviewed category moves preserve identity, nutrition, unknowns, serving and provenance (1215.1907ms)
✔ shared product-head rules are retailer-neutral and reject compounds and ambiguous fragments (0.843ms)
✔ Coles/Woolworths/Aldi counts, category deltas and every moved house identity reconcile (1456.8366ms)
✔ independent McCain discovery improves the existing global canonical record without ownership or nutrition substitution (480.6289ms)
✔ thin-family and second independent discovery holds never create substitute canonical identities (7.1101ms)
✔ accepted Woolworths vegetables and Campbell stock retain exact logged energy and missing fibre (653.8902ms)
✔ every changed global category has whole-product evidence and retains index/shard parity (959.9253ms)
✔ protected OFF, restaurant, reference and deployment payloads remain byte-for-byte unchanged (3989.3144ms)
✔ all catalogue projections reproduce byte-for-byte and retain the complete evidence groups (19730.0471ms)
✔ 39 enrolled identities resolve uniquely and category moves are subsets of improvements (1.3624ms)
✔ 15 retained holds and four deferrals stay out of normal admission (339.1076ms)
✔ exact package GTINs complete existing identities without collapsing other milk or vegetable formulations (10.8137ms)
✔ two package-evidenced Aldi trademarks enter house browse, independent Pepsi stays global (28.0156ms)
✔ unknown fibre, true printed zero, preparation and human measures survive a complete review flow (12.2232ms)
✔ shared fallback semantics handle product forms and reject ingredient/flavour/compound traps (0.4668ms)
✔ all three retailer totals and each cross-retailer category consequence reconcile (1391.5417ms)
✔ all moved existing products retain exact identity, nutrients, measures and ownership (927.7808ms)
✔ new exact brand products are globally reachable and every index entry matches its shard (962.4307ms)
✔ all protected source payloads are unchanged (712.0545ms)
✔ 32 distinct reviews reconcile; improvements and category changes are not new identities (1.1318ms)
✔ all official banners and forgiving voice/text aliases resolve to one IGA root (30.2185ms)
✔ IGA browse contains exactly eight private-label identities in six categories and two families (5.7613ms)
✔ store evidence survives canonicalisation without national stock or ownership leakage (3.3892ms)
✔ new relationship cannot override consumer brand, AU scope or exact product evidence (1.8298ms)
✔ existing nutrition, unknowns, serving basis and measures are byte-equivalent facts (27.3914ms)
✔ same GTIN pack and formulation conflicts remain blocked with new retailer evidence (6.6261ms)
✔ three category improvements use whole-product rules for every retailer and reject flavour traps (2.5736ms)
✔ global index reuses every canonical identity and matches IGA projection (248.4197ms)
✔ all previous retailer identities, categories, nutrient and serving facts remain unchanged (1700.6186ms)
✔ frozen OFF, AFCD/AUSNUT, restaurants and unrelated retailer payloads remain unchanged (598.2456ms)
✔ IGA builder and all index hashes regenerate deterministically (224.3139ms)
✔ hungry-jacks-au Biscoff Shake Small retains evidenced portion and eligibility (216.7847ms)
✔ hungry-jacks-au Pistachio Shake Small retains evidenced portion and eligibility (127.7215ms)
✔ hungry-jacks-au Tea Black Small retains evidenced portion and eligibility (122.4185ms)
✔ hungry-jacks-au Hash Brown retains evidenced portion and eligibility (123.4392ms)
✔ hungry-jacks-au Whopper retains evidenced portion and eligibility (137.0505ms)
✔ hungry-jacks-au Whopper Value Meal Small retains evidenced portion and eligibility (131.1058ms)
✔ mcdonalds-au Medium Coca-Cola retains evidenced portion and eligibility (111.7142ms)
✔ mcdonalds-au Small Cappuccino retains evidenced portion and eligibility (107.775ms)
✔ mcdonalds-au Big Mac retains evidenced portion and eligibility (126.7065ms)
✔ mcdonalds-au Hash Brown retains evidenced portion and eligibility (97.7993ms)
✔ mcdonalds-au McSmart Meal retains evidenced portion and eligibility (111.6388ms)
✔ kfc-au Large Pepsi retains evidenced portion and eligibility (102.0441ms)
✔ kfc-au 3 Wicked Wings retains evidenced portion and eligibility (102.6408ms)
✔ kfc-au 6 Wicked Wings retains evidenced portion and eligibility (105.702ms)
✔ kfc-au 10 Wicked Wings retains evidenced portion and eligibility (106.5488ms)
✔ kfc-au Zinger Burger retains evidenced portion and eligibility (109.3312ms)
✔ kfc-au 3 Wicked Wings Combo retains evidenced portion and eligibility (101.1548ms)
✔ official fixed restaurant portion requires explicit matching evidence and grants no conversion (30.3863ms)
✔ restaurant semantic families retain every meaningful sibling and configurable detail (303.6711ms)
✔ shortlist bounds are context specific; family decisions are never blindly cut at 24 (0.4793ms)
✔ compound food guards preserve buns, soup, pickles and ambiguous chicken chips (1.1986ms)
✔ blank official energy is unknown, not an evidenced zero (29.789ms)
✔ returning from a transient Review consumes its history entry and preserves the real origin (2.8166ms)
✔ brand query families unite membership without merging variant nutrition identities (341.1918ms)
✔ bare roots and specific product queries retain distinct ownership (2.7354ms)
✔ reviewed unsafe beverage identities remain held across all canonical consumers (10.9601ms)
✔ volume and energy audit 9313820004518 (1.8932ms)
✔ volume and energy audit 9313820016108 (1.6068ms)
✔ volume and energy audit 9300675001410 (1.0165ms)
✔ volume and energy audit 9300675011419 (0.9965ms)
✔ volume and energy audit 9300675090667 (2.0605ms)
✔ volume and energy audit 9310021039028 (2.3308ms)
✔ volume and energy audit 9310077313011 (2.3634ms)
✔ mass, energy units, printed zero and Unknown remain distinct (2.3932ms)
✔ food heads outrank ingredient words and unsupported snack-stick classification stays deferred (1.5925ms)
✔ retailer totals, ownership, filtering, paging and category membership stay consistent (1917.9961ms)
✔ small catalogue navigation is adaptive and large catalogues stay bounded (0.1709ms)
✔ accepted local brand products cannot bypass conflicting same-GTIN retailer evidence (9.3986ms)
✔ all Coles source rows reproduce from pinned, attributable OFF bytes without changing the protected layer (1968.9518ms)
✔ reviewed collection directory is lazy, paged and excludes restricted rows (341.9622ms)
✔ guided Coles bread uses evidenced house families and separately retained retailer or collection relationships (165.9869ms)
✔ synthetic national-brand, missing-pin, foreign-source and wrong-record claims cannot enter the collection (146.0401ms)
✔ compatible same-GTIN OFF hydration retains one identity and the separate collection provenance (139.2026ms)
✔ synthetic compatible cross-retailer evidence keeps memberships separate and never manufactures Coles listing evidence (132.9343ms)
✔ synthetic same-GTIN brand/pack/form conflicts remain blocked after re-canonicalisation (144.9299ms)
✔ missing and conflicting real nutrition remains restricted; unknown optional nutrients stay unknown (137.8674ms)
✔ source natural bread slices and mL drink amounts retain one confirmation and unchanged nutrition (136.2763ms)
✔ late Coles requests cannot replace Woolworths or generic query ownership (313.103ms)
✔ changed hydrated collection evidence fails closed and cannot silently admit a different source (337.2027ms)
✔ generic intent and existing OFF identifiers remain unchanged (171.3772ms)
✔ base bread asks origin, then supported bread types (93.3486ms)
✔ compound bread identities cannot compete with ordinary bread (0.9164ms)
✔ whole meal spelling and supplied white/wholemeal facets agree (10.1812ms)
✔ quantity, food identity and supplied bread type remain separate (1.0935ms)
✔ milk source is unresolved before cow, oat and other source choices (4.2487ms)
✔ milk compounds are excluded while genuine chocolate flavoured milk remains fluid milk (1.6749ms)
✔ plant source queries never acquire cow fat/lactose questions (5.1733ms)
✔ cow source and milk fat/lactose intent are preserved independently (2.0244ms)
✔ AFCD ingredient qualifiers cannot replace an egg or bread head concept (0.7066ms)
✔ plain cereal, cheese, chicken, apple and rice exclude containing foods (0.6837ms)
✔ specific confectionery and condiment categories outrank ingredient-like product names (0.7177ms)
✔ edited identity metadata invalidates classification and facet caches (0.5471ms)
✔ fresh apple is distinct from dried apple and whole eggs never acquire poultry measures (23.807ms)
✔ hash-brown identity supports plural and spacing without admitting composed dishes (0.5418ms)
✔ chips asks food class before preparation and distinguishes fries from crisps (3.6891ms)
✔ declared restaurant identities survive an unrelated same-title incomplete record (95.7791ms)
✔ exact product semantics beat a longer variant independently of product names and scores (5.2331ms)
✔ restaurant aliases and explicit counts retain distinct shared intent (98.9346ms)
✔ natural measure utility prioritises slices and fluid volumes without restoring rejected units (3.9059ms)
✔ thin/thick spread cannot acquire invented conversions (2.2243ms)
✔ submitted generic diagnostics separate related concepts from equivalent identities (7.8171ms)
✔ bare family aliases do not pre-answer catch-all subtype facets (4.1542ms)
✔ yoghurt cannot inherit the nut ingredient standard serve (1.6139ms)
✔ non-adjacent chocolate egg names are confectionery (0.2958ms)
✔ brand and subtype inference separates bread from wraps using committed category evidence (0.5466ms)
✔ catalogue discovery expands declared alias inflections before concept filtering (0.5729ms)
✔ egg preparation preserves named methods and skips supplied cooking information (5.2336ms)
✔ current official snapshot has explicit source authority, freshness and reproducible hash (3.6874ms)
✔ protected 144 rows retain 126 identities and the reviewed supplement adds 22 across the same categories (2.422ms)
✔ quality states are conservative and every active identity is reachable without duplicate results (1.1086ms)
✔ official kJ is retained and displayed kcal is explicitly derived without invented macros (0.6713ms)
✔ current component values win disclosed conflicts and standard burger extras stay optional (0.7823ms)
✔ shared editor variants add known official extras and block unknown-extra energy (6.7878ms)
✔ central semantics preserve burger, count, size, component and configurable identities (15.185ms)
✔ source-only aliases, exact KFC intent and data-driven family choices use the shared resolver (212.2261ms)
✔ shared voice quantity semantics select counted identity once and scale natural servings correctly (25.5033ms)
✔ Diary snapshot keeps KFC identity, source priority and nutrition derivation immutable (1.4701ms)
✔ integrity, offline loading, legacy removal, responsive hub and refresh tooling contracts are present (202.604ms)
✔ KFC and unrelated generic ranking stay lightweight at current scale (1582.9711ms)
✔ source identity, official references, refresh metadata and Founder-Trial licensing are explicit (2.973ms)
✔ complete current catalogue has the reviewed 167-family classification and 211 runtime records (1.0511ms)
✔ all 17 official category surfaces and overlapping memberships are retained (2.1204ms)
✔ official per-serving and per-100 facts retain all published fields without inventing fibre or weight (1.1145ms)
✔ the 17 incomplete products are searchable but cannot enter Diary and contain no estimated energy (42.5218ms)
✔ eight configurable bundles use a future component-assembly model and never a fixed value (1.8462ms)
✔ McCafé families resolve to complete size children while incomplete families remain details-only (2.5038ms)
✔ Iced Chai defective source links are recorded and are not converted to latte size records (1.0392ms)
✔ promotional and explicitly limited-time classifications match the reviewed official surfaces (1.0292ms)
✔ source, punctuation and product aliases use the shared exact-first resolver (45.8882ms)
✔ every record uses its central semantic serving and none defaults to 1 g (15.5316ms)
✔ official fries sizes keep distinct servings and January 2026 source-backed nutrition (0.6223ms)
✔ Diary snapshots preserve catalogue facts, variant identity and non-production licensing immutably (2.5635ms)
✔ refresh reconciliation retires removals and versions nutrition/detail changes without deletion (254.7693ms)
✔ current resolver excludes retired records while historical snapshots remain usable (17.5881ms)
✔ source catalogue uses the common resolver and all runtime dependencies are offline-cached in order (7.8134ms)
✔ AFCD, My Foods, Recent and recipes retain their established central paths (5.7869ms)
✔ published source anomalies remain verbatim facts rather than silent corrections (0.3886ms)
✔ official provenance is factual verification and never implies production reuse permission (1.0438ms)
✔ program integrity report returns the reviewed totals with zero errors (27.0768ms)
✔ UI contract keeps blocked products details-only and displays exact reasons and licensing (5.3392ms)
✔ 1. Flora uses trusted current Australian candidates as active tier one (140.861ms)
✔ 2. Becel Classic is excluded from Flora active candidates (0.8591ms)
✔ 3. generic Butter is excluded from Flora active candidates (0.5913ms)
✔ 4. foreign-language Flora is excluded while trusted Australian products exist (0.4557ms)
✔ 5. a brand-level Flora reference is excluded from exact choices (0.5312ms)
✔ 6. broader exact-brand products remain separate from active choices (1.2749ms)
✔ 7. company/source alias evidence is not consumer-brand membership (0.1845ms)
✔ 8. plain Flora orders the simpler exact identity first (0.7254ms)
✔ 9. Flora ProActiv query evidence narrows to ProActiv (12.8199ms)
✔ 10. Flora ProActiv Light resolves exact immediately (5.5181ms)
✔ 11. actual rendered Flora Light control follows the delegated click path (8.2441ms)
✔ 12. actual rendered Flora ProActiv Light control follows the delegated click path (3.6381ms)
✔ 13. rendered click works in focused mobile mode (4.4598ms)
✔ 14. rendered click works with the keyboard dismissed (4.9329ms)
✔ 15. stale choice IDs are rejected without changing the guide (2.7079ms)
✔ 16. guided choices are genuine type button controls (2.1559ms)
✔ 17. unresolved guide suppresses the floating global action (2.6932ms)
✔ 18. exact product is reached after a rendered tap (4.3031ms)
✔ 19. serving UI is absent before exact product and present after tap (3.1327ms)
✔ 20. rendered selection preserves destination date and meal (2.971ms)
✔ 21. rendered Back returns from exact product to brand choices (4.8282ms)
✔ 22. changing product after Back clears downstream serving state (8.8376ms)
✔ 23. an active session candidate snapshot does not absorb later catalogue arrivals (2.1807ms)
✔ 24. rendered grams control accepts amount 5 through the selected-surface event path (4.3018ms)
✔ 25. rendered 5 g flow calculates about 18.5 Cal and hands directly to final Review (3.8597ms)
✔ 26. one manufacturer serve calculates 37 Cal and hands directly to final Review (4.8287ms)
✔ 27. nutrition reference does not preselect consumption amount (1.227ms)
✔ 28. exact Flora ProActiv Light skips the brand stage (1.2554ms)
✔ 29. product filtering now retains a selected canonical product (1.4473ms)
✔ 30. an invalid engine answer cannot enter the answer history (0.6934ms)
✔ 31. manageable synthetic families present concrete products (1.1963ms)
✔ 32. curated data contains the two current canonical Flora records (1.2188ms)
✔ 33. the repair contains no Flora-specific resolver branch (1.3662ms)
✔ 34. touch controls remain at least 48 px with manipulation semantics (0.3111ms)
✔ 35. nested arrow decoration cannot steal pointer targeting (0.2557ms)
✔ 36. compact mode retains one-column bounded choices (0.2357ms)
✔ 37. 390x844 keyboard model remains compact and usable (0.8294ms)
✔ 38. 390x520 dismissed keyboard model restores full mode (0.8163ms)
✔ 39. 430x932 reduced viewport follows the existing compact policy (0.6676ms)
✔ 40. the central handler rerenders exactly once after a valid product choice (0.4891ms)
✔ 41. actual 30-member Flora renders meaningful products and separates incomplete identities before review (18.576ms)
✔ 42. actual Meadow Lea renders products without a mandatory taxonomy detour (2.9897ms)
✔ 43. Meadow, Meadow le and Meadow lea keep product-list-first rendered state (11.0858ms)
✔ 44. production controller carries generic Margarine teaspoon state directly into final Review (15.7999ms)
✔ 45. locked generic identity freezes the rendered surface against later arrivals (9.8998ms)
✔ 46. production controller renders generic Milk without a branded detour (30.5137ms)
✔ 47. production controller renders sliced Bread and its trusted regular-slice measure (18.4015ms)
✔ 1. brand-family query is not an exact product (11.8349ms)
✔ 2. exact product query resolves one canonical identity (34.6337ms)
✔ 3. manageable candidate sets present concrete products (3.8671ms)
✔ 4. known family words narrow the direct product list (4.1647ms)
✔ 5. choosing one canonical product reaches serving measure (5.8031ms)
✔ 6. back recomputes and permits a different concrete product (6.2677ms)
✔ 7. Flora enters family resolution (1.2843ms)
✔ 8. Flora does not preselect 10 g (1.8907ms)
✔ 9. Flora does not preselect 5 g (1.3481ms)
✔ 10. generic Flora reference is not an exact consumable food (1.4953ms)
✔ 11. Flora ProActiv narrows without an unnecessary question (2.3995ms)
✔ 12. Flora ProActiv Light becomes one exact product (1.7632ms)
✔ 13. exact Flora then exposes serving stage (1.5375ms)
✔ 14. serving stage is separate from product results (1.174ms)
✔ 15. 5 g can be chosen after exact identity (6.3381ms)
✔ 16. 10 g serving can be chosen after exact identity (2.7401ms)
✔ 17. Flora nutrition scales correctly (3.953ms)
✔ 18. explicit Flora ProActiv Light 5 g skips resolved stages (2.5104ms)
✔ 19. one exact product does not appear once per serving basis (1.2064ms)
✔ 20. conflicting source nutrition stays attached for review without duplicate identity rows (0.4002ms)
✔ 21. Big Mac exact product bypasses grocery narrowing (4.9869ms)
✔ 22. two Big Macs preserves quantity two (2.8439ms)
✔ 23. McDonald’s fries presents the concrete size products directly (3.2193ms)
✔ 24. Large Macca’s Fries does not ask size again (4.8697ms)
✔ 25. MeadowLea-like family presents real products first (1.3054ms)
✔ 26. milk-like family selects a named product before serving (6.712ms)
✔ 27. cereal-like family selects a named product and skips its sole measure (3.1767ms)
✔ 28. peanut-butter-like family presents named products (1.5469ms)
✔ 29. bread resolves a named identity before slice amount (2.5051ms)
✔ 30. yoghurt resolves a named identity before tub or grams (2.5948ms)
✔ 31. pack size is identity metadata and never automatic consumption (2.8926ms)
✔ 32. nutrition reference serving is not automatic user amount (1.4759ms)
✔ 33. measure stage occurs only after exact identity (2.6131ms)
✔ 34. amount occurs after measure (2.1792ms)
✔ 35. invalid household measures are not offered (1.4563ms)
✔ 36. grams or mL fallback works only from a defensible per-100 basis (2.0866ms)
✔ 37. exact product plus quantity and destination reaches confirmation (2.7255ms)
✔ 38. brand-only voice-equivalent request enters guided resolution (1.7822ms)
✔ 39. brand exact variant and measure skips answered questions through the shared voice hook (4.4237ms)
✔ 40. Bunnings does not regain Vegetable Serve (2.2297ms)
✔ 41. Chiko remains deduplicated (0.5515ms)
✔ 42. Hotcakes remains complete meal ahead of syrup (0.3329ms)
✔ 43. generic Fries remains a 100 g reference (5.4102ms)
✔ 44. Flora ProActiv Light nutrition remains 37 Cal per 10 g serve (3.64ms)
✔ 45. architecture audit separates all five required concepts (1.4685ms)
✔ 46. module loads before alpha and is cached offline (2.0485ms)
✔ 47. UI presents identity, measure and amount before one final Review editor (2.1918ms)
✔ 48. responsive guided choices remain bounded at required mobile widths (0.7187ms)
✔ 49. guided UI exposes Back and Cancel without a trapped modal (1.2439ms)
✔ 50. scalability brands exist only in fixtures, not production resolution code (0.7561ms)
✔ Hungry Jack's exact identity, portion and Review: Hash Brown (61.584ms)
✔ Hungry Jack's exact identity, portion and Review: Toastie Ham Cheese (17.7743ms)
✔ Hungry Jack's exact identity, portion and Review: Whopper (36.2539ms)
✔ Hungry Jack's exact identity, portion and Review: Whopper Double (10.9569ms)
✔ Hungry Jack's exact identity, portion and Review: Chicken Royale (10.5308ms)
✔ Hungry Jack's exact identity, portion and Review: JFC Saucy Tender Smoky Chipotle 3 x Pack (9.2076ms)
✔ Hungry Jack's exact identity, portion and Review: JFC Saucy Tender Smoky Chipotle 5 x Pack (7.8538ms)
✔ Hungry Jack's exact identity, portion and Review: Nugget 3 Pack (9.1363ms)
✔ Hungry Jack's exact identity, portion and Review: Nugget 6 Pack (8.1772ms)
✔ Hungry Jack's exact identity, portion and Review: Nugget 12 Pack (6.3568ms)
✔ Hungry Jack's exact identity, portion and Review: Chips Small (9.0693ms)
✔ Hungry Jack's exact identity, portion and Review: Chips Medium (8.9148ms)
✔ Hungry Jack's exact identity, portion and Review: Chips Large (5.8867ms)
✔ Hungry Jack's exact identity, portion and Review: Biscoff Storm (7.4887ms)
✔ Hungry Jack's exact identity, portion and Review: Biscoff Shake Small (7.7867ms)
✔ the complete Hungry Jack’s catalogue satisfies the shared source and eligibility audit (738.5453ms)
✔ both restaurant spellings own the source and exact Whopper precedes longer variants (61.613ms)
✔ count and size families remain neutral until a specific variant is supplied (15.673ms)
✔ conflicting pages and incomplete products cannot progress to ordinary logging (5.5226ms)
✔ configurable meals retain their separate identities without a fabricated default order (1.6637ms)
✔ unclear PDF glyphs remain Details Only and old extraction stays available for history (8.5449ms)
✔ source category concepts generalise to unrelated restaurant names without accepting community claims (0.854ms)
✔ embedded package counts never become consumed orders in an unrelated source (2.4828ms)
✔ one-to-one description repairs preserve IDs and split count variants cannot reuse the ambiguous identity (1.4211ms)
✔ raw tables retain wrapped product counts, blank top-product values and publication evidence (1.8992ms)
✔ Hungry Jack’s rendered mobile matrix reaches one Review and synthetic Diary (100380.7452ms)
✔ historical storage address for Acorn is ASCII and identity remains exact (4.7881ms)
✔ historical storage address for Ácorn is ASCII and identity remains exact (1.1478ms)
✔ historical storage address for Eclair is ASCII and identity remains exact (1.7403ms)
✔ historical storage address for Éclair is ASCII and identity remains exact (1.3596ms)
✔ historical storage address for Cote is ASCII and identity remains exact (1.239ms)
✔ historical storage address for Côte is ASCII and identity remains exact (1.3795ms)
✔ NFC/NFD input shares only the explicitly identified source entry (2.147ms)
✔ Burgen approved storage addresses preserve family retrieval and fresh query ownership (2.1809ms)
✔ Häagen-Dazs approved storage addresses preserve family retrieval and fresh query ownership (1.1255ms)
✔ shorter accented prefixes use historical ASCII addresses without authorizing an alias (2.1827ms)
✔ a minimal single-product brand supports exact lookup without inventing a broader prefix match (2.5356ms)
✔ unlisted intelligence prefix is an empty lookup without an asset request (1.4974ms)
✔ listed required intelligence shard failure propagates instead of becoming no matches (4.7485ms)
✔ routing classification keeps required assets strict and optional misses narrowly bounded (0.4767ms)
✔ a locally generated required-asset 502 is fatal but is not live fallthrough (3.2294ms)
✔ successful local responses satisfy strict accounting (3.4666ms)
✔ optional local 404 is counted separately and handled by production as an empty posting lookup (4.6422ms)
✔ an unhandled response or service-worker response remains fatal live fallthrough (1.0684ms)
✔ live ordinary candidates are alphabetic after dedupe and before either candidate/display truncation (20.8084ms)
✔ ordinary ordering ignores source insertion, length scores, usage and popularity (4.3649ms)
✔ Ban and Bac narrow the existing legitimate prefix candidates (3.377ms)
✔ general rule preserves alias matching and normalized visible duplicates (2.7316ms)
✔ entity treatment and default non-live ranking remain independent (3.6178ms)
✔ approved brand spellings and distinct unapproved identities are preserved (0.584ms)
Live prefix evidence: C:\Users\mlwes\AppData\Local\Temp\hec-live-prefix-nterYs
✔ alphabetical live phone flow, query ownership and accepted product guards (29298.7245ms)
✔ approved historical compatibility preserves NFC/NFD, unaccented and hyphen queries (20.8636ms)
✔ verified alias metadata authorizes widening independently of index compatibility (2.5525ms)
✔ unapproved same-folded diacritic brands remain separate in brand and exact product retrieval (3.9908ms)
✔ unapproved exact accented spelling can address its own historical shard without enabling an unaccented alias (4.6612ms)
✔ approved alias pagination preserves distinct records and GTINs (2.5444ms)
✔ evidence lookup and successful historical shard access are cached (1.4955ms)
✔ switching approved and unapproved brands never reuses prior family members (3.4899ms)
✔ same-folded unrelated brand names do not bypass canonical membership or the complete-name collision guard (45.0154ms)
✔ real approved family retains all eight protected GTINs and exact source spellings (1181.5084ms)
✔ protected apostrophe and historical-index products remain reachable through shared matching (1885.1266ms)
✔ 1. complete Australian source subset meets production scale (10788.4201ms)
✔ 2. complete global source was scanned (0.4054ms)
✔ 3. source IDs are stable off barcode identities (31.6065ms)
✔ 4. no duplicate same-source barcode records exist (40.8511ms)
✔ 5. every record retains source provenance (7.6747ms)
✔ 6. explicit Australian country scope is preserved (11.444ms)
✔ 7. completeness classifications are exhaustive (0.3724ms)
✔ 8. exact barcode lookup resolves the source product (0.9872ms)
✔ 9. exact brand lookup exposes the measured brand universe (24.4955ms)
✔ 10. brand spacing normalization is generic (1.3792ms)
✔ 11. product-name tokens retrieve real products (1.4871ms)
✔ 12. brand plus product finds a real exact identity (1.7124ms)
✔ 13. generic terms retain thousands-scale results while adding category members (28.4886ms)
✔ 14. serving sizes never create duplicate product IDs (38.665ms)
✔ 15. generated active records contain no non-Australian country-only row (9.297ms)
✔ 16. company/source text cannot create consumer-brand membership (0.5402ms)
✔ 17. real imported Flora member count is measured (0.1761ms)
✔ 18. every eligible Flora member is accessible (7.179ms)
✔ 19. safe cross-source barcode duplicates consolidate only in federation (7.8336ms)
✔ 20. Flora serving is absent before exact identity (15.5912ms)
✔ 21. real Meadow Lea member count is measured (0.1365ms)
✔ 22. MeadowLea and Meadow Lea resolve identically (0.1503ms)
✔ 23. deterministic retrieval audit samples 1000 real products (0.1035ms)
✔ 24. strong identity top-10 retrieval exceeds 98 percent (0.1984ms)
✔ 25. deterministic brand completeness audit samples 100 brands (0.1077ms)
✔ 26. all audited brand members remain accessible without contamination (6241.1701ms)
✔ 27. retail package size is identity metadata, not selected consumption (1.7017ms)
✔ 28. nutrition basis does not become selected amount (12.9882ms)
✔ 29. multi-product identity precedes serving (12.6343ms)
✔ 30. incomplete products never receive invented calories (1.0421ms)
✔ 31. full catalogue is not loaded or precached at startup (1.9112ms)
✔ 32. product and search shards are loaded on demand (0.56ms)
✔ 33. runtime catalogue caching uses the active installation cache (0.5334ms)
✔ 34. catalogue caching introduces no My Data cache name (0.5032ms)
✔ 35. Big Mac authoritative catalogue remains present (0.5569ms)
✔ 36. McDonald’s sized Fries remain present (0.5805ms)
✔ 37. Hotcakes complete-meal contract remains present (0.4338ms)
✔ 38. Bunnings natural-item correction remains present (3.2881ms)
✔ 39. Chiko canonical duplicate protection remains present (0.7573ms)
✔ 40. generic Fries AFCD resolution remains present (1.0326ms)
✔ 41. focused mobile search remains bounded and paginated (5.0344ms)
✔ 42. Weight foundation is untouched and still loaded (1.2921ms)
✔ real catalogue identity outranks broad beverage ancestry (35.1614ms)
✔ raw solid mL is quarantined at the final profile and resolved-food boundary (3.9476ms)
✔ raw solid L is quarantined at the final profile and resolved-food boundary (1.1749ms)
✔ raw solid cup is quarantined at the final profile and resolved-food boundary (0.9014ms)
✔ package volume and unsuitable source units cannot redefine a named solid (3.9498ms)
✔ genuine per-100-mL solid conflict is not relabelled or scaled as grams (2.7314ms)
✔ valid gram nutrition survives an incompatible source serving (1.1024ms)
✔ volume aliases are validated by user-facing family, not a countable default (1.2563ms)
✔ guided Review cannot reintroduce quarantined units (9.7067ms)
✔ voice and typed measure resolution rejects solid volume and accepts supported grams (1.4635ms)
✔ liquid identity preserves volumes and rejects unrelated solid item units (2.5956ms)
✔ spreads preserve validated household-to-gram measures without becoming liquid (3.6089ms)
✔ sliced food preserves source slice and grams (2.7329ms)
✔ official restaurant item preserves its natural unit (60.727ms)
✔ unknown identity with only volume metadata has a conservative completion state (4.0419ms)
✔ specific short-plural food categories outrank beverage flavour words (2.9396ms)
✔ specific liquid categories retain milk despite chocolate flavour metadata (1.0111ms)
✔ powdered milk remains solid despite liquid ancestry (0.3077ms)
✔ explicit source mL denominator is preserved before semantic normalization (0.7175ms)
✔ trusted density conversion supports grams without exposing volume for a solid (0.8795ms)
✔ late carried candidates and legacy allowed lists cross the same firewall (0.5509ms)
✔ consumedPortion rejects a quarantined carried measure when food is supplied (0.398ms)
✔ legacy inferred catalogue form cannot override solid identity (0.8434ms)
✔ explicit source slice counts on a countable product keep their gram conversion (1.3854ms)
✔ real McCain product is safe through production search and rendered Portion Choice (13644.3225ms)
✔ A. generic Margarine persists one teaspoon as exactly 5 g (83.6255ms)
✔ B. generic Margarine persists an arbitrary 7 g amount (32.4534ms)
✔ C. Flora spread persists one teaspoon without reverting to its 10 g serve (10.0632ms)
✔ D. explicit manufacturer serve persists one by 10 g (3.5314ms)
✔ E. generic milk persists 250 mL (48.8051ms)
✔ F. generic milk persists one metric cup as 250 mL (35.6712ms)
✔ G. wholemeal bread persists one regular slice as 40 g (28.3909ms)
✔ H. countable food persists two biscuits as 30 g (3.8823ms)
✔ final Review amount edits update the same consumed-portion contract (20.7345ms)
✔ final Review measure edits update the contract without selecting a reference-basis default (19.8927ms)
✔ production editor scales Review nutrition from the consumed contract and persists it twice (0.8338ms)
✔ AUSNUT spread profile: generic margarine (1.551ms)
✔ AUSNUT spread profile: Flora (0.9021ms)
✔ AUSNUT spread profile: Meadow Lea (0.9158ms)
✔ AUSNUT spread profile: Bega almond (0.9381ms)
✔ AUSNUT spread profile: peanut butter (0.9139ms)
✔ AUSNUT spread profile: yeast spread (0.956ms)
✔ spread packet weights remain product-specific (1.1896ms)
✔ AUSNUT source metadata and disabled thickness gap are machine-auditable (0.1406ms)
✔ declared consumer family retains a manufacturer product without moving other manufacturer products (26.4906ms)
✔ approved Nescafe spellings retrieve the same protected GTINs on cold and loaded lookups (235.7743ms)
✔ a loggable flavour superset cannot become the best identity of a less specific brand query (17.2686ms)
✔ Strong identity and raw conflicting nutrition remain distinct, blocked, and on a dry reference (49.7655ms)
✔ specific instant preparation metadata outranks drink ancestry without changing prepared drinks (0.4269ms)
Post-KFC rendered evidence: C:\Users\mlwes\AppData\Local\Temp\hec-post-kfc-y8muGN
✔ reported paths survive real phone controls through source browse, product choice and Review (92137.6277ms)
✔ complete stored brand plus product survives a longer inferred brand consuming product words (46.1529ms)
✔ longer-prefix exception does not license partial, alias-only, wrong-brand or missing-word queries (3.6852ms)
✔ unregistered text fallback does not claim registered brand identity (0.7166ms)
✔ complete product names survive an inferred indexed-brand prefix collision (6.639ms)
✔ partial names, aliases and explicit brand qualifiers cannot cross brand boundaries (4.8443ms)
✔ exact-name matching preserves retired, legacy and nutrition eligibility restrictions (2.179ms)
✔ explicit runtime lookup preserves possessive brand spelling after quantity removal (373.5605ms)
✔ real Arnott’s and Kellogg’s products retain possessive identity and separate quantity through the complete controller (1039.7818ms)
✔ semantic source order prefers explicit metadata before source metadata and inference (3.246ms)
✔ representative records cover all eight reusable semantic roles (3.5908ms)
✔ serving policy retains natural, count, size, package and 100 g reference semantics (1.2984ms)
✔ Hotcakes is a complete source-backed meal and never a condiment serving (0.7241ms)
✔ Hotcakes and hot cakes rank the complete item first while explicit syrup intent ranks the component first (105.0005ms)
✔ parent/component ranking is general rather than a Hotcakes-only rule (0.8259ms)
✔ semantic validation rejects unsafe meal, package, natural-item and configurable combinations (0.5465ms)
✔ the deterministic McDonald’s audit covers all 211 records with no unresolved conflict (22.1028ms)
✔ counted and configurable records remain nutritionally safe (23.6301ms)
✔ exact and close mobile result names use three-line and two-line wrapping contracts (4.7089ms)
✔ focused search layout leaves the first result usable at 390x844 and 390x520 (5.9881ms)
✔ incremental product ranking converges without changing the editable search field (127.5423ms)
✔ existing representative food behavior remains intact (23.0833ms)
✔ the semantic module is loaded once before catalogue imports and cached offline (3.5046ms)
✔ 1. generic concept initialized (54.9884ms)
✔ 2. brand product initialized (3.1469ms)
✔ 3. known attributes populated (27.5636ms)
✔ 4. unresolved attributes identified (24.3438ms)
✔ 5. milk source remains unresolved across supported source types (41.9976ms)
✔ 6. best next question selected (16.8325ms)
✔ 7. answer narrows state (20.3603ms)
✔ 8. exact generic identity reached (35.3396ms)
✔ 9. exact branded identity reached (10.2207ms)
✔ 10. Back clears invalid downstream state (22.942ms)
✔ 11. generic margarine enters progressive flow (17.3444ms)
✔ 12. real supported margarine attributes are asked (1.3986ms)
✔ 13. unsupported margarine attributes are not invented (0.3197ms)
✔ 14. final generic nutritional identity achieved (16.9984ms)
✔ 15. generic margarine requires no brand (17.7569ms)
✔ 16. serving appears only after identity (30.4455ms)
✔ 17. amount appears only after serving (19.6636ms)
✔ 18. Flora recognizes brand intent (1.0137ms)
✔ 19. exact product metadata skips generic attributes (2.5701ms)
✔ 20. ProActive family shell does not wrongly become exact (0.4769ms)
✔ 21. exact selection locks search state (2.9453ms)
✔ 22. delayed online response is gated from locked flow (0.4825ms)
✔ 23. grams remain available (22.3968ms)
✔ 24. trusted teaspoon remains available (19.5325ms)
✔ 25. manufacturer serving remains explicit (0.5235ms)
✔ 26. only validated spread presets are enabled (17.0402ms)
✔ 27. arbitrary gram amount is supported (18.7265ms)
✔ 28. fractional household amount is supported (15.8247ms)
✔ 29. package size is not consumption (5.1467ms)
✔ 30. nutrition basis is not consumption (1.8972ms)
✔ 31. generic milk uses progressive resolution (27.7945ms)
✔ 32. exact generic milk identity is reached (30.6106ms)
✔ 33. generic milk offers mL (30.0192ms)
✔ 34. generic milk offers a 250 mL cup (35.317ms)
✔ 35. generic milk accepts arbitrary mL (33.0598ms)
✔ 36. sliced generic bread reaches an exact identity (26.8018ms)
✔ 37. sliced generic bread has a trusted natural unit (22.9312ms)
✔ 38. sliced generic bread accepts an amount (21.0133ms)
✔ 39. fully specified brand product and measure skip questions (5.0379ms)
✔ 40. partially specified generic food retains answered attributes (13.4459ms)
✔ 41. voice and typed requests share the same exported engine (0.3152ms)
✔ 42. incomplete nutrition is classified before portion entry (2.4841ms)
✔ 43. missing nutrition cannot become a false-zero logging flow (1.6932ms)
✔ 44. kcal and kJ scale consistently (2.5819ms)
✔ 45. weak exact product is rejected (0.216ms)
✔ 46. selected identity hides live and online result surfaces (0.4453ms)
✔ 47. active workflow renders one exact card surface (0.4031ms)
✔ 48. Back restores the previous search state (1.4701ms)
✔ 49. stale async work is ignored after selection lock (0.1892ms)
✔ 50. online append cannot alter active portion flow (0.1844ms)
✔ 51. generic audit covers at least 50 AFCD concepts without stuck states (112.882ms)
✔ 52. brand inheritance audit covers 100 real Australian products (1164.5145ms)
✔ 53. portion audit records spread evidence gap and six forms (3.9212ms)
✔ 54. resolution benchmark executes bounded candidate steps (1087.1626ms)
✔ 55. portion policy documents provenance and metric fallback (0.2052ms)
✔ 56. selected generic identity preserves Diary destination (23.2661ms)
✔ 57. generic route never substitutes a branded online product (16.6616ms)
✔ 58. floating add is hidden throughout progressive resolution (0.1775ms)
✔ 59. locked flow remains horizontally bounded (0.1123ms)
✔ 60. architecture preserves version 0.6.33 (0.0705ms)
✔ P01 central vocabulary exposes stable IDs (3.6143ms)
✔ P02 aliases normalize through one engine (0.4698ms)
✔ P03 spread physical form is recognized (17.6402ms)
✔ P04 liquid physical form is recognized (5.4787ms)
✔ P05 sliced physical form is recognized (2.2752ms)
✔ P06 countable physical form is recognized (1.0774ms)
✔ P07 spread profile includes grams (1.3676ms)
✔ P08 unvalidated spread receives no invented teaspoon or tablespoon (4.5883ms)
✔ P08b explicit reviewed fixture evidence supplies its own teaspoon (3.4655ms)
✔ P09 spread profile includes manufacturer serving additively (0.9679ms)
✔ P10 spread profile excludes volume measures (0.5572ms)
✔ P11 unvalidated spread thickness remains unavailable (0.4743ms)
✔ P12 liquid profile includes mL (1.5356ms)
✔ P13 liquid profile includes a metric cup (0.9372ms)
✔ P14 liquid profile includes litres (0.6474ms)
✔ P15 liquid profile excludes spread teaspoon (0.7029ms)
✔ P16 sliced profile retains a source slice (0.5882ms)
✔ P17 countable profile retains a source biscuit (0.515ms)
✔ P18 every choice carries conversion and provenance (0.4364ms)
✔ P19 manufacturer serve has a readable label (0.6779ms)
✔ P20 singular review label is grammatical (1.7401ms)
✔ P21 plural review label is grammatical (1.078ms)
✔ P22 decimal review label is clean (0.8001ms)
✔ P23 zero amount is rejected (0.1839ms)
✔ P24 negative amount is rejected (0.1374ms)
✔ P25 positive decimal amount is accepted (0.124ms)
✔ P26 fraction parsing shares stable measure IDs (3.0338ms)
✔ P27 measure always precedes amount (14.193ms)
✔ P28 amount starts blank in state and markup (2.368ms)
✔ P29 amount selection reaches confirmation (4.0563ms)
✔ P30 edit amount preserves identity and measure (2.5401ms)
✔ P31 edit measure clears only downstream state (2.0939ms)
✔ P32 cancel clears active downstream state (2.4961ms)
✔ P33 compact answer history is rendered and wraps without clipping (0.8504ms)
✔ P34 choice auto-advance has no identity Continue gate (0.8298ms)
✔ P35 active-card positioning is transition-scoped (0.707ms)
✔ P36 responsive controls stay bounded and tappable (0.3455ms)
✔ P37 policy marks thickness values NOT YET VALIDATED (0.114ms)
✔ P38 vocabulary audit is complete and human readable (0.4648ms)
✔ P39 200-product audit meets required mix (41201.2709ms)
✔ P40 200-product audit yields safe source-backed profiles (0.1055ms)
✔ P41 20 unmentioned foods generalize safely (39242.5358ms)
✔ P42 deterministic generalization spans 100 shards (300.3942ms)
✔ P43 deterministic generalization has no nonsense failures (0.1945ms)
✔ P44 portion benchmark executes 500 central profiles (1326.3009ms)
✔ P45 no production brand-specific portion branch exists (2.5981ms)
✔ P46 architecture stays on Alpha 0.6.33 (0.213ms)
✔ exact query ownership retires Cote for Côte (13.3427ms)
✔ exact query ownership retires Côte for Cote (1.0308ms)
✔ exact query ownership retires resume for résumé (0.6718ms)
✔ exact query ownership retires résumé for resume (0.9635ms)
✔ exact query ownership retires Burgen for Bürgen (0.9992ms)
✔ exact query ownership retires Häagen-Dazs for Haagen-Dazs (1.1154ms)
✔ exact query ownership retires Milk for milk (3.7264ms)
✔ exact query ownership retires milk for milk  (1.188ms)
✔ exact query ownership retires Bürgen for Bürgen (1.277ms)
✔ returning to an earlier exact spelling cannot revive its old ticket (0.9241ms)
✔ approved retrieval equivalence never defines input identity (0.4208ms)
✔ production brand cache and late hydration stay owned across Cote → Côte (39.0663ms)
✔ production brand cache and late hydration stay owned across Côte → Cote (6.4463ms)
✔ production brand cache and late hydration stay owned across resume → résumé (5.5595ms)
✔ production brand cache and late hydration stay owned across résumé → resume (3.5507ms)
✔ production brand cache and late hydration stay owned across Burgen → Bürgen (3.8385ms)
✔ production brand cache and late hydration stay owned across Häagen-Dazs → Haagen-Dazs (3.9242ms)
✔ currentness checks require exact input even if a caller supplies the current revision (2.6889ms)
✔ production OFF await rejects a late response after an exact-input edit (3.1665ms)
✔ production delayed preview cannot revive a retired query (3.2483ms)
✔ production explicit-product hydration ignores a retired owner even with the same local request token (2.4261ms)
✔ production guided-source hydration rejects a retired central owner (3.079ms)
✔ generated shell and worker exactly match the canonical content generation (148.7361ms)
✔ same visible version with changed controller produces a new shared generation (100.7199ms)
✔ complete dependency inventory includes bootstrap configuration and both deployment variants (1.3786ms)
✔ my-data installs verified core before skipWaiting and exposes safe readiness (159.9906ms)
✔ test installs verified core before skipWaiting and exposes safe readiness (95.2294ms)
✔ required core 404 rejects installation and keeps incomplete staging unreadable for retry (96.8602ms)
✔ required core wrong-bytes rejects installation and keeps incomplete staging unreadable for retry (76.7441ms)
✔ slow required dependency does not publish readiness or skipWaiting early (94.6941ms)
✔ optional artwork failure is outside atomic core readiness (88.5549ms)
✔ navigation and versioned core remain cached and coherent while offline (86.6416ms)
✔ missing generation and unknown generation cannot fall back to old core or HTML (93.1423ms)
✔ unversioned core data consumers receive the verified current data, not a network revalidation (81.4861ms)
✔ activation retains previous caches until every live client reports current readiness (79.3556ms)
✔ same-path cached assets cannot cross a generation boundary (88.4048ms)
✔ bootstrap owns update lifecycle and leaves personal storage contracts untouched (5.4003ms)
✔ legacy client-ready pruning during install cannot publish a detached new core cache (4086.877ms)
✔ late client readiness cannot delete a future generation staged after installation (88.1859ms)
✔ core readiness precedes lazy data cache; a missing required entry invalidates a surviving marker (141.0074ms)
✔ activation repairs completion lost after install before claiming clients (175.8825ms)
✔ navigation during cache loss repairs online; offline recovery has actionable Retry and no runtime (155.6618ms)
✔ concurrent Retry joins pending core repair and never reports premature readiness (77.3963ms)
✔ delayed install and waiting worker under old controller do not reload the new shell backwards (110.2493ms)
✔ controllerchange after the original readiness deadline resumes the paused page (434.7359ms)
✔ cache completion after initial check and Retry during progress converge without reload loops (474.5102ms)
✔ Retry after partial runtime execution verifies the core before its one explicit reload (78.0656ms)
✔ late reply from a replaced controller cannot cause a reload to the wrong generation (36.81ms)
✔ existing waiting worker is resumed even when the current old page is already coherent (43.6637ms)
✔ controller replacement during registration lookup cannot pass the old readiness reply (16.4086ms)
✔ recovery document Retry advances waiting activation, waits for control and reloads once (318.8318ms)
✔ submitted family grouping overrides lexical order and saved-score preference (98.744ms)
✔ submitted explicit 3 selects the matching direct identity (40.8579ms)
✔ submitted explicit 6 selects the matching direct identity (25.4516ms)
✔ submitted explicit 10 selects the matching direct identity (25.6681ms)
✔ committed named-size family remains neutral until a named size is supplied (56.7648ms)
✔ shared metadata handles an unrelated named-size fixture and explicit sizes (12.3829ms)
✔ unique products retain Best match; family metadata alone does not create ambiguity (0.6643ms)
✔ additional identity modifiers and explicit combo intent do not become direct-family choices (18.1776ms)
✔ canonical duplicates cannot create a false family (2.1369ms)
✔ another source derives one family from source family fields and declared sizes (116.8057ms)
✔ every committed KFC choice family includes all direct peers, including a single-piece order (211.6907ms)
✔ incomplete size peers retain early completion actions in their neutral group (1.6271ms)
✔ actual Search button/Return rendering preserves neutral and explicit families through persisted Review (14433.3444ms)
✔ exact retailer recognition remains separate from consumer-brand identity (15.5143ms)
✔ no name, OFF URL or brand-index match can substitute for verified retailer membership (14.2236ms)
✔ membership keeps the national and private-label consumer brands and provenance intact (26.1602ms)
✔ community nutrition with separate official listing evidence does not become manufacturer verification (5.7685ms)
✔ food-only categories and all-items postings exclude non-food products (2.0795ms)
✔ root and category directory do not hydrate products; pages have a strict bound and cache (9.9763ms)
✔ category and Back navigation retain retailer ownership (1.8867ms)
✔ retiring retailer intent leaves subsequent generic and brand searches independent (52.0169ms)
✔ late retailer hydration cannot replace a newer owner or refill its cancelled session (1.7592ms)
✔ late category result cannot overwrite a newer category within the same query (1.9464ms)
✔ a synthetic second retailer uses the identical registration, evidence and browse contracts (1.4418ms)
✔ guided supermarket identity requires separate house/private-label evidence, not retailer stock (1.6959ms)
✔ actual consumer-brand selection still uses consumer-brand membership (0.8807ms)
✔ unverified or wrong-brand commercial identity evidence cannot widen the guided route (0.8793ms)
✔ product handoff keeps canonical identity, unknown nutrients and one confirmation (11.125ms)
✔ a loader cannot substitute foreign IDs or weaken the indexed listing evidence (2.6893ms)
✔ retailer aliases cannot take over generic food or known consumer-brand recognition (0.9847ms)
✔ the generic source converter requires consumer brand and does not turn retailers into restaurants (4.2158ms)
✔ every actual retailer category and house brand has eligible products and settles with exactly those identities (5115.4856ms)
✔ stale category, stale brand and empty intersection settle empty without offering zero choices (1.1555ms)
✔ unresolved adapter is bounded; late result cannot refill caches or overwrite retry (37.7217ms)
✔ shard deadline aborts stalled read, evicts rejected promise and allows real retry (19.74ms)
✔ loader rejection and catalogue replacement terminate as errors (4.4854ms)
✔ timeout from an old request cannot finish a newer request (28.0174ms)
✔ compatible title punctuation and casing retains authority, aliases and original source titles (33.2225ms)
✔ compatible title harmless wording refresh retains authority, aliases and original source titles (4.481ms)
✔ compatible title retailer wording and word order retains authority, aliases and original source titles (2.3396ms)
✔ compatible title duplicated pack wording retains authority, aliases and original source titles (5.0154ms)
✔ compatible title current verified title retains authority, aliases and original source titles (3.7993ms)
✔ equally trusted compatible titles use existing publication currentness (0.8078ms)
✔ material title Original versus Chocolate remains unresolved (8.0076ms)
✔ material title Full Cream versus Reduced Fat remains unresolved (7.5014ms)
✔ material title regular versus Gluten Free remains unresolved (3.5101ms)
✔ material title title pack 420 g versus 840 g remains unresolved (4.0744ms)
✔ material title 6 Pack versus 12 Pack remains unresolved (7.2652ms)
✔ material title salt formulation remains unresolved (3.8226ms)
✔ material title sweetening remains unresolved (3.5756ms)
✔ material title title size remains unresolved (4.6706ms)
✔ material title product family remains unresolved (2.5912ms)
✔ structured pack versus title-only pack cannot bypass identity checking (2.7604ms)
✔ compatible same-GTIN evidence still corroborates with manufacturer authority and both sources (1.8112ms)
✔ same GTIN 420 g versus 840 g is inspectable identity conflict even with stronger manufacturer evidence (3.2845ms)
✔ incompatible same-GTIN flavour blocks ordinary logging (2.1638ms)
✔ incompatible same-GTIN brand blocks ordinary logging (2.6321ms)
✔ incompatible same-GTIN physical form blocks ordinary logging (4.3188ms)
✔ incompatible same-GTIN explicit variant blocks ordinary logging (3.5702ms)
✔ incompatible same-GTIN count blocks ordinary logging (2.5498ms)
✔ incompatible same-GTIN size blocks ordinary logging (2.8406ms)
✔ same-GTIN identity conflict cannot be cleared by re-canonicalising with the preferred clean source (3.1973ms)
✔ equal-authority nutrition conflict remains blocked and never averaged (1.0871ms)
✔ different GTINs remain distinct without manufacturing or replacing barcodes (0.6276ms)
✔ all shared dedupe surfaces retain the same-GTIN conflict instead of choosing a clean rank winner (4.8845ms)
✔ retailer index loads all same-GTIN evidence on the same page before permitting selection (5.6136ms)
✔ unlisted OFF evidence for a listed GTIN is retained for conflict analysis without creating another retailer product (3.3046ms)
✔ empty and partial panels retain same-basis saved nutrition without mutating baseline (38.979ms)
✔ changed serving or metric column never inherits incompatible old cells (1.8023ms)
✔ explicit zero replaces saved cell while printed energy is retained for conflict review (1.9761ms)
✔ serving and pack distinct: 170 g (1.8634ms)
✔ serving and pack distinct: 125 g (1.2872ms)
✔ serving and pack distinct: 250 mL (1.3238ms)
✔ serving and pack distinct: 1 piece (0.6858ms)
✔ decimal literal preserved: 5.3 (0.4594ms)
✔ decimal literal preserved: 3.3 (0.4111ms)
✔ decimal literal preserved: 0.8 (0.4581ms)
✔ decimal literal preserved: 12.5 (1.1287ms)
✔ decimal literal preserved: 1.7 (0.4857ms)
✔ decimal literal preserved: 0.3 (0.3685ms)
✔ decimal literal preserved: 33 (0.3071ms)
✔ table geometry associates words across column blocks and preserves missing-cell ownership (6.953ms)
✔ geometry rejects low confidence integer and split decimal without losing other column (4.3053ms)
✔ geometry respects reversed printed column headings (2.2985ms)
✔ geometry without supported heading evidence falls back without guessing column (0.7179ms)
✔ metadata-only read retains pack count without erasing a saved column through a misread serving (1.808ms)
✔ partial per-100 reading selects that populated baseline column for future nutrition (1.2121ms)
✔ source metadata lookup retains registry order and detached values (14.8175ms)
✔ restaurant recognition retains prefix results without reading catalogue items (548.6616ms)
✔ recognising KFC does not call application blur (5.2483ms)
✔ KFC remains focused so typing can continue (4.5494ms)
✔ recognition does not commit restaurant browse state (3.7258ms)
✔ one central search-session controller owns typing state (0.424ms)
✔ production typing controller advances exact ownership for Cote → Côte (12.2821ms)
✔ production typing controller advances exact ownership for resume → résumé (4.3083ms)
✔ production typing controller advances exact ownership for Burgen → Bürgen (4.1762ms)
✔ production typing controller advances exact ownership for Häagen-Dazs → Haagen-Dazs (4.948ms)
✔ production typing controller advances exact ownership for Milk → milk  (11.2656ms)
✔ KFC retains focus through a 0 ms result delay (3.9637ms)
✔ KFC retains focus through a 250 ms result delay (3.8433ms)
✔ KFC retains focus through a 750 ms result delay (3.1667ms)
✔ KFC retains focus through a 1500 ms result delay (3.2654ms)
✔ the same input DOM node survives character-by-character updates (4.4483ms)
✔ McDonald’s and Flora ProActiv Light remain continuously typeable (12.8092ms)
✔ explicit source tap commits and dismisses the keyboard through the shared filter transition (5.1173ms)
✔ recognition preview cannot instantiate Guided Product Resolution (0.5296ms)
✔ chips has a data-backed generic schema (0.0672ms)
✔ chips begins generic progressive resolution (50.2176ms)
✔ food family is the first chips question (25.3413ms)
✔ chips amount begins blank and no 100 g is committed (33.2505ms)
✔ verified AUSNUT chip measures are available for the matching AFCD row (1.7315ms)
✔ KFC alone is a restaurant source and not an arbitrary product (0.7753ms)
✔ KFC source inventory exposes all 12 categories and 148 products including the reviewed supplement (4.2753ms)
✔ KFC product terms remain restricted to authoritative KFC records (9.3928ms)
✔ consumer/OFF records cannot masquerade as the KFC restaurant source (0.2589ms)
✔ Popcorn Chicken without a source infers the unique restaurant family (7.6465ms)
✔ KFC 3 Wicked Wings resolves one official identity (1.6488ms)
✔ KFC 6 Wicked Wings resolves one official identity (0.6728ms)
✔ KFC 10 Wicked Wings resolves one official identity (0.5262ms)
✔ KFC Wicked Wings exposes exactly the three committed count choices (1.346ms)
✔ KFC Popcorn Chicken exposes Snack, Regular and Maxi sizes (1.3516ms)
✔ KFC Regular Popcorn Chicken resolves exact (6.2409ms)
✔ KFC Maxi Popcorn Chicken resolves exact (2.6873ms)
✔ KFC chips exposes only Regular and Large official sizes (2.9858ms)
✔ chips food family and source/context are separate dimensions (0.1904ms)
✔ Hot Chips path asks the data-backed source context next (23.8117ms)
✔ Packet Chips path is separate and asks its supported flavour (21.7005ms)
✔ typed oven-baked preparation skips the redundant question (20.6364ms)
✔ an unsupported air-fried method is not silently mapped (0.7819ms)
✔ generic chips exposes measure only after exact nutritional identity (43.8888ms)
✔ generic chips grams persist to final Review (30.619ms)
✔ generic chips AUSNUT chip measure persists to final Review (22.9742ms)
✔ generic chips never substitutes a branded online product (20.8496ms)
✔ source and data-backed generic typing do not launch racing automatic online searches (0.2713ms)
✔ stale no-record ownership is retired on query change and exact identity (1.0062ms)
✔ KFC Regular Popcorn Chicken final portion is one natural portion (5.725ms)
✔ KFC Maxi Popcorn Chicken final portion is one natural portion (2.6064ms)
✔ KFC Regular Chips final portion is one natural portion (2.57ms)
✔ one six-piece Wicked Wings portion scales nutrition exactly once (6.4022ms)
✔ six individual Wicked Wings pieces also scale the identity exactly once (2.0832ms)
✔ Big Mac remains one burger with official McDonald’s provenance (2.7885ms)
✔ source switching classifies McDonald’s, KFC and generic chips without bleed (113.8829ms)
✔ control: protected KFC snapshot remains 126 unique products without invented standalone Corn Chips (17.2497ms)
✔ Bread: bounded shortlist starts with its base concept (161.3797ms)
✔ Milk: bounded shortlist starts with its base concept (29.0896ms)
✔ Hash Brown: bounded shortlist starts with its base concept (4.9878ms)
✔ Bread relationships identify crumbs, rolls and common prepared foods without equating them (10.9504ms)
✔ Bread commercial entry offers four source classes and retains wholemeal (1.7889ms)
✔ Missing explicit restaurant and brand identities do not match another source (2.7367ms)
✔ Big Mac capability requires Standard, blocks unsupported extras and preserves nutrition (9.5564ms)
✔ Diary hides bulk units while central safe mass and volume remain available (3.1825ms)
✔ Flora current acceptance uses evidenced measures without requiring thickness (2.7577ms)
✔ explicit missing brand products use the absence path while brand-only and source-only queries retain their hubs (1.84ms)
✔ explicit brand concept queries reject containing dishes while preserving exact compound intent (1.3318ms)
✔ plural exact identity survives lexical filtering while consumed quantity stays separate (729.8278ms)
✔ unrelated loaded packs cannot reclassify consumed quantity as an exact product count (63.1167ms)
✔ 1. catalogue records keep a stable source identity and Australian market context (2.759ms)
✔ 2. AFCD, packaged, private, recipe and online candidates remain distinct record types (0.88ms)
✔ 3. exact canonical names outrank exact aliases (6.0839ms)
✔ 4. exact aliases outrank order-independent all-token matches (0.8197ms)
✔ 5. all query tokens may match in any order (0.519ms)
✔ 6. potato scallop is a controlled Australian alias for potato cake (0.718ms)
✔ 7. bare scallop is not silently rewritten to a potato food (1.3711ms)
✔ 8. bare chips remains ambiguous while hot chips and potato chips are explicit (0.2821ms)
✔ 9. Bunnings sausage and snag vocabulary remains explicit and local (2.7113ms)
✔ 10. controlled cappuccino spelling errors are recognised below Australian aliases (0.7802ms)
✔ 11. unlisted spelling differences are not accepted as speculative fuzzy identity (0.4161ms)
✔ 12. broader substring results stay below controlled typos (0.5846ms)
✔ 13. duplicate source IDs collapse to one canonical AFCD record (0.8959ms)
✔ 14. compatible title refresh retains the stronger verified title and older evidence (39.1775ms)
✔ 15. preparation variants are not merged merely because their names match (0.4405ms)
✔ 16. provenance clearly distinguishes AFCD, My Foods and online candidates (0.3038ms)
✔ 17. a recognised-only record cannot be logged without usable nutrition (5.0712ms)
✔ 18. a new search is blank while Back restores the same search snapshot (0.3279ms)
✔ 19. the search parser recognises toast as bread and preserves preparation (2.998ms)
✔ 20. egg preparation choices include oven and air-fryer pathways without merging them (2.1685ms)
✔ 21. required Australian retailers and brands are recognised as commercial context (1.0762ms)
✔ 22. all 1,588 local AFCD records remain present (7.8633ms)
✔ 23. the active search controller delegates to the catalogue and de-duplicates ranked products (0.9319ms)
✔ 24. catalogue loading, offline caching and release runtime version are consistent (0.5113ms)
✔ 25. Woolworths beef sausage preserves known meat and commercial source context (1.1558ms)
✔ 26. herb and garlic sausage detail is preserved as an answered flavour facet (1.1582ms)
✔ 27. hyphen and space variations normalise to the same exact identity (0.5774ms)
✔ 28. brand, retailer, food-service context and serving descriptions are searchable fields (0.813ms)
✔ 29. generic sausage branching remains useful while supplied details skip redundant source questions (1.5207ms)
✔ 30. production online ownership rejects late OFF arrival across "milk" → "milk " (6.2907ms)
✔ 30. production online ownership rejects late OFF arrival across "milk " → "milk" (2.7401ms)
✔ 30. production online ownership rejects late OFF arrival across "Cote" → "Côte" (1.7156ms)
✔ 30. production online ownership rejects late OFF arrival across "Burgen" → "Bürgen" (1.7947ms)
✔ 30. production online ownership rejects late OFF arrival across " Häagen-Dazs" → "Häagen-Dazs" (2.1908ms)
✔ 30. accepted OFF cache survives "milk" → "milk " while late USDA cannot render (2.8267ms)
✔ 30. accepted OFF cache survives "milk " → "milk" while late USDA cannot render (2.1976ms)
✔ 30. production cancellation aborts in-flight work and rejects its later completion (2.5779ms)
✔ 31. My Foods, My Recipes and Recent stay on their established stores and render paths (0.5475ms)
✔ 1. quantity parsing supports the complete approved unit vocabulary (8.313ms)
✔ 2. parsed quantities and count units remain attached to each component (0.5412ms)
✔ 3. eggs on toast splits conservatively while preserving both quantities (3.0265ms)
✔ 4. poached eggs and wholemeal toast retain preparation and component amount (5.9488ms)
✔ 5. banana and yoghurt is an approved high-confidence compound (0.8096ms)
✔ 6. cereal with milk is an approved high-confidence compound (0.8353ms)
✔ 7. toast with Flora is recognised without inventing a generic spread record (0.7755ms)
✔ 8. low-confidence phrases are not split into fabricated foods (1.3469ms)
✔ 9. per-serving and per-100 columns remain independently represented (0.6708ms)
✔ 10. a per-100 reference is never renamed or assumed to be one serving (0.9543ms)
✔ 11. an explicit manufacturer serving may be calculated from its matching per-100 basis (0.2786ms)
✔ 12. incompatible or unknown unit conversions return missing values rather than guesses (0.2652ms)
✔ 13. Flora ProActiv package semantics use the explicit two-teaspoon serving (21.0108ms)
✔ 14. explicit package cracker counts create a valid per-cracker conversion (5.436ms)
✔ 15. kilogram and litre options appear only from valid metric conversions (22.132ms)
✔ 16. package foods never borrow household units solely from words in a product name (4.1012ms)
✔ 17. incomplete recognised products can be saved for review but cannot enter Diary (3.6508ms)
✔ 18. a complete reviewed packaged food may be saved or logged (1.3165ms)
✔ 19. Diary snapshots retain identity, serving, provenance and scaled nutrition (2.6538ms)
✔ 20. changing a catalogue product later cannot rewrite an existing Diary snapshot (3.7463ms)
✔ 21. an entry can be reconstructed from its stored snapshot after catalogue removal (1.4123ms)
✔ 22. material per-serving versus per-100 discrepancies are flagged for review (1.0305ms)
✔ 23. active online conversion preserves missing energy as null rather than zero (0.9731ms)
✔ 24. active Diary creation and historical editing use an immutable food snapshot (0.6958ms)
✔ 25. packaged-food foundation is loaded offline at the release version without changing migrations (2.0799ms)
✔ 26. missing online nutrient fields remain null rather than fabricated zeroes (1.1502ms)
✔ 27. voice and meal-planner Diary paths also preserve food snapshots (1.8735ms)
✔ 28. only an explicit parsed amount survives the guided wizard handoff (1.6247ms)
✔ 1. HEC_APP remains the one canonical active release authority (14.4568ms)
✔ 2. every active visible and static release copy is 0.6.33 (4.8634ms)
✔ 3. runtime module diagnostics report the release version (7.8243ms)
✔ 4. generation gate precedes runtime loading and keeps failed startup unavailable (1.5701ms)
✔ 5. dynamic runtime files share the internal generation and dependency order (8.8332ms)
✔ 6. service-worker core coverage exactly includes every required runtime module (10.5784ms)
✔ 7. companion authoring sources remain absent and only 48 runtime WebPs ship (3.0665ms)
✔ 8. My Data prunes only unused same-role application caches (317.8499ms)
✔ 9. a new generation cannot use an old same-path cache entry (377.4274ms)
✔ 10. the Alpha 0.6.16 profileStart ReferenceError path is removed (1.7569ms)
✔ 11. malformed-but-recoverable records remain present while valid records gain identities (4.7317ms)
✔ 12. reset paths retain one owner, repeated-click protection and the exact protected library scope (1.7964ms)
✔ 13. backup and diagnostics metadata derive from the canonical release (1.8939ms)
✔ 14. blank USDA configuration makes no DEMO_KEY request and leaves local search independent (2.1078ms)
✔ 15. HTML IDs are unique (1.9269ms)
✔ 16. all local static and dynamic entry references resolve (35.9532ms)
✔ 17. core release forms retain labels and validation accessibility wiring (3.7924ms)
✔ 18. release documentation filenames are reserved for this candidate (0.4515ms)
✔ 19. Reset & Keep My Library preserves exactly the protected library fields (6.5258ms)
✔ 20. keep-library and full reset paths are single-shot and clear their exact key sets (22.7446ms)
✔ 21. restored Alpha 0.6.32 backup records migrate without payload loss (13.984ms)
✔ 22. static icon-only buttons have accessible names (2.4492ms)
✔ 23. the inline release loader and manifest both parse (3.0123ms)
✔ 1. bare Hash Brown has a reusable generic concept (6.135ms)
✔ 2. submitted bare generic search ranks the generic concept first (39.2755ms)
✔ 3. solid identity quarantines an incompatible source mL measure (6.4439ms)
✔ 3a. generic concept metadata outranks malformed source volume inference (3.0237ms)
✔ 4. composite generic source plan keeps four canonical paths separate (4.7864ms)
✔ 5. purchased frozen and home-prepared are never one guided state (0.6204ms)
✔ 6. answer history wraps readable labels at phone width (1.2773ms)
✔ 7. main food search exposes semantic form and visible submit control (0.4588ms)
✔ 8. deliberate measure selection focuses the newly rendered amount field (1.2477ms)
✔ 9. written variant count resolves like a digit without multiplying consumption (1.7211ms)
✔ 10. consumed quantity remains separate from a counted product variant (1.5896ms)
✔ 11. unfinished prefixes cannot claim the best-match slot (5.7152ms)
✔ 12. a strong complete exact product submission leads with Best match (3.9631ms)
✔ 13. simple whole foods can skip source branching (0.2497ms)
✔ 14. submitted groups are immutable snapshots (6.0727ms)
✔ 15. stale asynchronous work loses ownership after a new preview (1.0862ms)
✔ 16. decimal, common fraction and written mixed quantities share one parser (0.8152ms)
✔ 17. quantity may follow the food phrase and dozen is explicit (0.4189ms)
✔ 18. an exact product-name count is identity metadata, not consumption (0.8609ms)
✔ 19. exact candidate context separates prefixed consumed count and variant count (0.4305ms)
✔ 20. explicit solid form wins over a malformed source volume (2.1596ms)
✔ 21. liquid, spread and sliced forms retain compatible measure families (2.0931ms)
✔ 22. source plans expose stable route metadata (0.4114ms)
✔ 23. ordinary technical source questions provide a Not Sure path (0.165ms)
✔ 24. the controller records universal destination, source and preparation state (1.1775ms)
✔ 25. search and amount controls retain visible touch-sized responsive rules (0.3917ms)
✔ 26. supplied generic source words keep a generic route and mark it direct (1.1413ms)
✔ 27. delayed online results append a labelled group without reordering primary results (3.433ms)
✔ 28. committed universal results guard the legacy asynchronous renderer (1.2126ms)
✔ 29. online completion appends its group without replacing primary result nodes (1.1862ms)
✔ 30. repeated legacy render requests preserve the owned committed surface (1.2493ms)
✔ 31. pointer activation survives a legacy focus render without making scroll gestures select (1.2719ms)
✔ 32. valid custom decimal amounts stay exact in the review label (1.8953ms)
✔ 33. amount typing and quick amounts update one live nutrition preview (1.3084ms)
✔ 34. simple whole foods bypass source branching instead of opening an empty chooser (0.8567ms)
✔ 35. exact result rows expose central eligibility through actions and Details (2.254ms)
✔ 36. fraction words in an exact product name remain identity language (0.3596ms)
✔ 37. packaged catalogue arrivals append inside the owned packaged branch (0.7487ms)
✔ official product 277727 retains factual brand, provenance, pack and unknown nutrients (19.6863ms)
✔ official product 353871 retains factual brand, provenance, pack and unknown nutrients (2.9091ms)
✔ official product 814281 retains factual brand, provenance, pack and unknown nutrients (2.1469ms)
✔ official product 151547 retains factual brand, provenance, pack and unknown nutrients (3.703ms)
✔ official product 382738 retains factual brand, provenance, pack and unknown nutrients (1.9275ms)
✔ official product 571487 retains factual brand, provenance, pack and unknown nutrients (1.7232ms)
✔ official product 310237 retains factual brand, provenance, pack and unknown nutrients (1.6306ms)
✔ official product 224941 retains factual brand, provenance, pack and unknown nutrients (2.1069ms)
✔ official product 311844 retains factual brand, provenance, pack and unknown nutrients (1.6455ms)
✔ official product 702098 retains factual brand, provenance, pack and unknown nutrients (1.6078ms)
✔ official product 321220 retains factual brand, provenance, pack and unknown nutrients (1.3119ms)
✔ official product 158188 retains factual brand, provenance, pack and unknown nutrients (4.3079ms)
✔ official product 47682 retains factual brand, provenance, pack and unknown nutrients (2.186ms)
✔ official product 700589 retains factual brand, provenance, pack and unknown nutrients (2.7224ms)
✔ official product 35007 retains factual brand, provenance, pack and unknown nutrients (1.4006ms)
✔ official product 346830 retains factual brand, provenance, pack and unknown nutrients (2.3144ms)
✔ official product 83763 retains factual brand, provenance, pack and unknown nutrients (2.0244ms)
✔ official product 904775 retains factual brand, provenance, pack and unknown nutrients (2.1907ms)
✔ official product 93530 retains factual brand, provenance, pack and unknown nutrients (7.2234ms)
✔ official product 233922 retains factual brand, provenance, pack and unknown nutrients (1.9362ms)
✔ official product 69286 retains factual brand, provenance, pack and unknown nutrients (1.6133ms)
✔ official product 824365 retains factual brand, provenance, pack and unknown nutrients (1.7057ms)
✔ official product 355265 retains factual brand, provenance, pack and unknown nutrients (1.3626ms)
✔ official product 824442 retains factual brand, provenance, pack and unknown nutrients (1.3884ms)
✔ official product 36009 retains factual brand, provenance, pack and unknown nutrients (1.4528ms)
✔ official product 396254 retains factual brand, provenance, pack and unknown nutrients (2.3712ms)
✔ official product 756826 retains factual brand, provenance, pack and unknown nutrients (2.1988ms)
✔ official product 248249 retains factual brand, provenance, pack and unknown nutrients (1.2845ms)
✔ official product 754170 retains factual brand, provenance, pack and unknown nutrients (2.089ms)
✔ official product 924103 retains factual brand, provenance, pack and unknown nutrients (1.3638ms)
✔ official product 98299 retains factual brand, provenance, pack and unknown nutrients (1.2607ms)
✔ official product 38939 retains factual brand, provenance, pack and unknown nutrients (1.1176ms)
✔ official product 230519 retains factual brand, provenance, pack and unknown nutrients (1.9679ms)
✔ official product 665356 retains factual brand, provenance, pack and unknown nutrients (2.1124ms)
✔ official product 756086 retains factual brand, provenance, pack and unknown nutrients (4.6046ms)
✔ official product 6033180 retains factual brand, provenance, pack and unknown nutrients (2.5213ms)
✔ official product 825528 retains factual brand, provenance, pack and unknown nutrients (2.7235ms)
✔ official product 228345 retains factual brand, provenance, pack and unknown nutrients (2.6391ms)
✔ official product 830211 retains factual brand, provenance, pack and unknown nutrients (1.9111ms)
✔ official product 288440 retains factual brand, provenance, pack and unknown nutrients (2.4199ms)
✔ official product 208679 retains factual brand, provenance, pack and unknown nutrients (2.9359ms)
✔ official product 905257 retains factual brand, provenance, pack and unknown nutrients (1.9556ms)
✔ official product 902837 retains factual brand, provenance, pack and unknown nutrients (1.2137ms)
✔ bounded wave totals are exact and all retained canonical displays use actual official consumer brands (0.5806ms)
✔ source shards and exact OFF corroboration remain pinned to committed bytes (192.2722ms)
✔ invalid GTINs are never corrected and qualified values never become zero (0.5356ms)
✔ directory is registered with food-only categories and performs zero product hydration (150.0636ms)
✔ real pagination hydrates complete same-GTIN groups and keeps page context (98.9115ms)
✔ real private-label breadth is verified product by product and national bread stays outside guided Woolworths (11.0488ms)
✔ indexed search preserves private product intent and national consumer brands (19.8217ms)
✔ La Gina title evolution safely merges, retains OFF alias and prefers the official nutrition (2.6942ms)
✔ sandwich slice bread is a loaf and harmless title evolution is retained (1.8825ms)
✔ equivalent shared solid-form labels do not manufacture a material identity conflict (1.3183ms)
✔ real different brand evidence remains conflict-blocked even with a valid shared GTIN (6.5987ms)
✔ barcode capture actions cannot re-enable ordinary logging for the real identity conflict (4.414ms)
✔ official source serving discrepancy retains official identity and cannot fall back to incomplete OFF nutrition (1.3249ms)
✔ higher-trust nutrition differences are retained, never averaged (1.6237ms)
✔ missing water/produce nutrition stays missing and package produce stays distinct from generic composition (3.5502ms)
✔ real spread uses documented measures without invented teaspoons or borrowed conversions (1.2278ms)
✔ dry and uncooked product nutrition states are visible and ingredient facts remain available (0.1545ms)
✔ retailer search cancellation discards stale results and never hydrates a whole catalogue (293.941ms)
ℹ tests 1159
ℹ suites 0
ℹ pass 1159
ℹ fail 0
ℹ cancelled 0
ℹ skipped 0
ℹ todo 0
ℹ duration_ms 735874.6627
