✔ frozen pool is pinned and the reviewed projection rebuilds byte-identically (1547.6269ms)
✔ retailers register once in the established deterministic order (144.9566ms)
✔ directory counts and All Items are deterministic and lazy (191.2388ms)
✔ every retained first-wave record preserves Australia-only community evidence, source brand and attribution (139.0847ms)
✔ all 705 retained exclusions and lexical rejects remain outside the production index (70.3317ms)
✔ community provenance cannot be fabricated from names, brand, partial store text, foreign country or missing pins (69.2075ms)
✔ tampered hydrated community evidence fails closed (136.4969ms)
✔ guided bread is limited to its approved Aldi concept (83.4161ms)
✔ guided yoghurt is limited to its approved Aldi concept (102.8976ms)
✔ guided cheese is limited to its approved Aldi concept (99.1795ms)
✔ guided cereal is limited to its approved Aldi concept (76.2568ms)
✔ retailer-aware Aldi bread uses the food concept even without bread in the source title (78.1324ms)
✔ cancellation clears Aldi ownership and preserves generic Bread intent (61.3025ms)
✔ all 20 existing protected OFF GTIN records merge compatibly without changing brand or nutrition (292.764ms)
✔ incompatible same-GTIN identity remains blocked through repeated canonicalisation (87.0051ms)
✔ bread slices preserves identity, amount conversion and one final Review (79.2683ms)
✔ liquid Pepsi preserves identity, amount conversion and one final Review (74.5552ms)
✔ gram cheese preserves identity, amount conversion and one final Review (88.3678ms)
✔ muesli serve preserves identity, amount conversion and one final Review (62.2259ms)
✔ gram yoghurt preserves identity, amount conversion and one final Review (60.5546ms)
✔ unknown values stay unknown; explicit water zeroes remain zero; packs never create count measures (65.642ms)
✔ bounded Woolworths and Coles regressions retain their roots and accepted catalogues (125.6815ms)
✔ submitted retailer product filter keeps approved concept evidence across either merge order (99.7719ms)
✔ shared concept source choices expose covered retailers without altering generic-only concepts (69.096ms)
✔ retailer search uses registered food-concept aliases before title matching (88.1806ms)
✔ every generated record passes identity, GTIN, AU, nutrition, conflicts and unknown preservation (11668.2142ms)
✔ all admitted source tokens meet reproducible tiers without merging companies or sub-brands (8706.6465ms)
✔ the wave adds no duplicate OFF identity and retains existing retailer evidence (1257.6421ms)
✔ known solids never gain liquid measures in the complete generated wave (1951.4036ms)
✔ brand plus exact product outranks lexical extensions and incomplete records never enter brand browse (243.8661ms)
✔ brand browse is bounded, category scoped, and all pages cover the complete brand (132.9695ms)
✔ generic food and retailer intent cannot become an exact-brand catalogue query (2.4773ms)
✔ a complete indexed brand outranks a shorter registered brand prefix (10.0114ms)
✔ concept Brand Name options contain accepted relevant products only (335.2259ms)
✔ source tokens allow secondary explicit brand membership without ownership inference (1.369ms)
✔ cancelled asynchronous queries cannot hand off foods (3.4507ms)
✔ decorated brand sorting preserves the existing complete ranking order (216.493ms)
✔ cached raw OFF rows cannot bypass audited brand admission (83.4622ms)
✔ representative real products retain one amount-to-Review conversion (23.2295ms)
✔ audited brand generation is byte deterministic and committed outputs match (44528.0908ms)
✔ cached online renderer and subsequent lookup retain conflict, retailer evidence and both packs (51.381ms)
✔ product cache retains complete canonical evidence even when one competing source did not score (4.2754ms)
✔ online canonical ranking retains score, Australian preference and name tie ordering (2.4492ms)
✔ federated and repeatedly canonicalised conflicts remain blocked through the cached UI (4.5845ms)
✔ legacy online result policy retains canonical legacy records and stable lookup (9.1562ms)
✔ independent source identities retain eligibility and ranking when weaker same-label rows arrive (68.5597ms)
✔ copies of one canonical identity cannot manufacture label ambiguity (1.3778ms)
✔ ambiguous labels within one source stay blocked and exact preview cannot bypass that decision (9.7147ms)
✔ independent sources do not make generic or unnamed records specific products (9.8804ms)
✔ shared GTIN conflict and source authority checks still control canonical merging (11.2646ms)
Chiko regression evidence: C:\Users\mlwes\AppData\Local\Temp\hec-chiko-regression-FYkQXO
✔ real production Chiko preview, hydrated Search and selection retain the accepted roll identity (14322.4616ms)
✔ all admitted expansion identities are unique, loggable, attributable, and retain public release review (6038.8571ms)
✔ unknown OFF nutrients stay absent and qualified official panel values are never invented as zero (623.557ms)
✔ every expanded retailer page has actual evidence and no duplicate canonical choices (2673.0759ms)
✔ multi-market explicit Australia store evidence is accepted; a foreign-only or fabricated store claim is rejected (1.6022ms)
✔ manufacturer catalogue identities without GTIN are admitted only by canonical identity (9.3253ms)
✔ all preserved accepted brand identities remain admitted exactly once (79.2492ms)
✔ new regional identity holds and ingredient-only family mentions stay out of unrelated categories (289.0704ms)
✔ new manufacturer products without a known barcode do not display a literal null barcode (8.5119ms)
✔ category coverage never acts as an admission cap for otherwise eligible foods (53.6792ms)
✔ 1. exact barcode intent resolves one product (499.3055ms)
✔ 2. exact product intent requires a defensible product identity (0.3039ms)
✔ 3. consumer brand intent comes from the brand index (0.1596ms)
✔ 4. brand plus product intent is composed before ranking (0.1241ms)
✔ 5. generic category intent comes from category intelligence (0.1285ms)
✔ 6. broad fallback remains available (0.227ms)
✔ 7. no confident match is explicit (0.1184ms)
✔ 8. brand spaces normalise generically (0.1502ms)
✔ 9. brand punctuation is ignored by the generic key (0.1946ms)
✔ 10. apostrophes normalise generically (0.1782ms)
✔ 11. case normalises generically (1.1281ms)
✔ 12. company/source text is not consumer-brand membership (0.4036ms)
✔ 13. exact product-name field outranks weak text (0.5734ms)
✔ 14. Australian catalogue source outranks broad online fallback (0.0959ms)
✔ 15. category membership is grouped ahead of incidental text (0.0955ms)
✔ 16. adding product words restricts a recognised brand (0.063ms)
✔ 17. online federation does not mutate local order (1.5119ms)
✔ 18. query progression reports meaningful refinement (0.1579ms)
✔ 19. brand reference is navigation-only (0.0985ms)
✔ 20. barcode-only identity is not exact eligible (0.0924ms)
✔ 21. all-uppercase source labels receive readable capitalization (0.0904ms)
✔ 22. exact GTIN deduplication is conservative (7.0121ms)
✔ 23. real variants with different GTINs remain separate (0.1646ms)
✔ 24. brand enters the one guided engine (9.7085ms)
✔ 25. a weak large-brand category facet falls back to product pagination (175.6573ms)
✔ 26. manageable data-derived variants present concrete products (1.3956ms)
✔ 27. only facets that divide candidates are asked (0.7834ms)
✔ 28. Back recomputes from identity answers (5.0025ms)
✔ 29. upstream identity change clears amount state (9.2616ms)
✔ 30. liquid profile uses mL (1.7023ms)
✔ 31. liquid profile offers an Australian 250 mL cup (1.1472ms)
✔ 32. spread profile uses grams (1.2027ms)
✔ 33. spread retains an explicit compatible manufacturer serve (1.0485ms)
✔ 34. trusted generic spread teaspoon uses the existing HEC 5 g conversion (1.2071ms)
✔ 35. an explicit package teaspoon count is allowed (2.7207ms)
✔ 36. countable package derives a piece measure (2.1126ms)
✔ 37. custom decimal amount scales after measure (3.8548ms)
✔ 38. package size is not selected consumption (1.6069ms)
✔ 39. nutrition basis is not selected consumption (1.7621ms)
✔ 40. conflicting kcal and kJ are normalised from one source (0.1596ms)
✔ 41. one basis factor scales kcal and kJ together (0.1249ms)
✔ 42. missing nutrient remains unknown (0.0762ms)
✔ 43. energy conflict downgrades integrity (0.2107ms)
✔ 44. missing macros produce partial nutrition (0.0739ms)
✔ 45. identity-only product is blocked safely (0.3693ms)
✔ 46. real Flora brand universe remains 30 products (0.0971ms)
✔ 47. real Meadow Lea variants share one brand and omit the reference as exact (0.9757ms)
✔ 48. real Milk ranks plain identity/category members first (0.2198ms)
✔ 49. real Pauls excludes similar unrelated brands (0.2952ms)
✔ 50. real Trim Milk keeps both Australian candidates (0.2094ms)
✔ 51. Pauls Trim Milk restricts within Pauls (0.0798ms)
✔ 52. Big Mac authoritative source remains present (0.677ms)
✔ 53. Large McDonald’s Fries remains present (0.4719ms)
✔ 54. Hotcakes complete-meal rule remains present (0.485ms)
✔ 55. Bunnings natural item remains present (3.0259ms)
✔ 56. Chiko canonical dedup remains one display row (0.2184ms)
✔ 57. generic Fries routing remains preserved (0.806ms)
✔ 58. Weight foundation remains loaded (0.6257ms)
✔ 59. focused keyboard handler preserves the caret (7.471ms)
✔ 60. all 73,300 committed products remain indexed (0.1354ms)
✔ 61. product shards remain lazy rather than startup-preloaded (0.4583ms)
✔ 62. broader online remains a weaker source tier (0.103ms)
✔ 63. exact catalogue product taps enter the shared guide (2.7519ms)
✔ 64. serving UI asks measure then amount clearly (7.6034ms)
✔ 65. architecture audit answers all ten requirements YES (7.4148ms)
✔ 66. punctuation-heavy single-brand products use the derived exact-name index (0.1233ms)
✔ 1. delayed online arrivals never reorder or replace the local Trim Milk snapshot (23.8987ms)
✔ 2. a stale Trim mil response is rejected after Trim milk becomes active (14.429ms)
✔ 3. continuing the exact query preserves its revision and immutable local result (7.1511ms)
✔ 4. every changed raw query receives a monotonic revision (0.2167ms)
✔ 5. weak names cannot become exact while meaningful peer identities exist (1.5926ms)
✔ 6. barcode-known identity remains incomplete rather than exact (6.3575ms)
✔ 7. brand references remain navigation-only (0.438ms)
✔ 8. small and medium sets use direct concrete products (24.524ms)
✔ 9. a balanced shopper-facing facet is accepted only for a genuinely large set (35.6168ms)
✔ 10. broad taxonomy noise is rejected and large results paginate real products (120.6932ms)
✔ 11. unspecified spread keeps grams without borrowed household measures (26.7111ms)
✔ 12. liquid milk keeps arbitrary mL and the Australian 250 mL cup (10.6092ms)
✔ 13. production online append updates only the broader surface (0.6256ms)
✔ 14. production large-search awaits are guarded by token, revision and current input (0.4681ms)
✔ 15. weak online shells are excluded from exact-product selection (1.5431ms)
✔ 16. recovery production modules contain no named-brand resolver branches (4.2997ms)
✔ 17. mobile safeguards retain bounded choices, stable caret and unresolved-action suppression (4.1894ms)
✔ 18. catalogue manifest remains the approved production-scale snapshot (0.1227ms)
✔ 39 distinct candidates obey all four ceilings and dispositions reconcile without fabricated admissions (4.7924ms)
✔ all retained Coles exclusions remain excluded with exact nutrition and serving facts (925.5244ms)
✔ all reviewed category moves preserve identity, nutrition, unknowns, serving and provenance (1178.5035ms)
✔ shared product-head rules are retailer-neutral and reject compounds and ambiguous fragments (0.8057ms)
✔ Coles/Woolworths/Aldi counts, category deltas and every moved house identity reconcile (1560.1397ms)
✔ independent McCain discovery improves the existing global canonical record without ownership or nutrition substitution (574.6849ms)
✔ thin-family and second independent discovery holds never create substitute canonical identities (5.1048ms)
✔ accepted Woolworths vegetables and Campbell stock retain exact logged energy and missing fibre (1294.6259ms)
✔ every changed global category has whole-product evidence and retains index/shard parity (1025.2058ms)
✔ protected OFF, restaurant, reference and deployment payloads remain byte-for-byte unchanged (959.761ms)
✔ all catalogue projections reproduce byte-for-byte and retain the complete evidence groups (21236.4717ms)
✔ 39 enrolled identities resolve uniquely and category moves are subsets of improvements (2.5234ms)
✔ 15 retained holds and four deferrals stay out of normal admission (349.231ms)
✔ exact package GTINs complete existing identities without collapsing other milk or vegetable formulations (13.7348ms)
✔ two package-evidenced Aldi trademarks enter house browse, independent Pepsi stays global (29.6269ms)
✔ unknown fibre, true printed zero, preparation and human measures survive a complete review flow (19.5483ms)
✔ shared fallback semantics handle product forms and reject ingredient/flavour/compound traps (0.9267ms)
✔ all three retailer totals and each cross-retailer category consequence reconcile (1386.5129ms)
✔ all moved existing products retain exact identity, nutrients, measures and ownership (871.4981ms)
✔ new exact brand products are globally reachable and every index entry matches its shard (988.6521ms)
✔ all protected source payloads are unchanged (784.0713ms)
✔ 32 distinct reviews reconcile; improvements and category changes are not new identities (1.1782ms)
✔ all official banners and forgiving voice/text aliases resolve to one IGA root (25.1376ms)
✔ IGA browse contains exactly eight private-label identities in six categories and two families (7.2874ms)
✔ store evidence survives canonicalisation without national stock or ownership leakage (3.3832ms)
✔ new relationship cannot override consumer brand, AU scope or exact product evidence (0.9432ms)
✔ existing nutrition, unknowns, serving basis and measures are byte-equivalent facts (27.3132ms)
✔ same GTIN pack and formulation conflicts remain blocked with new retailer evidence (4.6359ms)
✔ three category improvements use whole-product rules for every retailer and reject flavour traps (1.5344ms)
✔ global index reuses every canonical identity and matches IGA projection (244.9779ms)
✔ all previous retailer identities, categories, nutrient and serving facts remain unchanged (1765.9855ms)
✔ frozen OFF, AFCD/AUSNUT, restaurants and unrelated retailer payloads remain unchanged (802.7905ms)
✔ IGA builder and all index hashes regenerate deterministically (352.9165ms)
✔ hungry-jacks-au Biscoff Shake Small retains evidenced portion and eligibility (301.4294ms)
✔ hungry-jacks-au Pistachio Shake Small retains evidenced portion and eligibility (169.6337ms)
✔ hungry-jacks-au Tea Black Small retains evidenced portion and eligibility (192.1113ms)
✔ hungry-jacks-au Hash Brown retains evidenced portion and eligibility (361.2577ms)
✔ hungry-jacks-au Whopper retains evidenced portion and eligibility (230.7999ms)
✔ hungry-jacks-au Whopper Value Meal Small retains evidenced portion and eligibility (142.3226ms)
✔ mcdonalds-au Medium Coca-Cola retains evidenced portion and eligibility (108.4089ms)
✔ mcdonalds-au Small Cappuccino retains evidenced portion and eligibility (101.2835ms)
✔ mcdonalds-au Big Mac retains evidenced portion and eligibility (105.8451ms)
✔ mcdonalds-au Hash Brown retains evidenced portion and eligibility (98.278ms)
✔ mcdonalds-au McSmart Meal retains evidenced portion and eligibility (101.8176ms)
✔ kfc-au Large Pepsi retains evidenced portion and eligibility (113.7959ms)
✔ kfc-au 3 Wicked Wings retains evidenced portion and eligibility (102.686ms)
✔ kfc-au 6 Wicked Wings retains evidenced portion and eligibility (98.2897ms)
✔ kfc-au 10 Wicked Wings retains evidenced portion and eligibility (99.5705ms)
✔ kfc-au Zinger Burger retains evidenced portion and eligibility (113.9994ms)
✔ kfc-au 3 Wicked Wings Combo retains evidenced portion and eligibility (92.5522ms)
✔ official fixed restaurant portion requires explicit matching evidence and grants no conversion (41.4178ms)
✔ restaurant semantic families retain every meaningful sibling and configurable detail (314.2671ms)
✔ shortlist bounds are context specific; family decisions are never blindly cut at 24 (0.737ms)
✔ compound food guards preserve buns, soup, pickles and ambiguous chicken chips (1.2725ms)
✔ blank official energy is unknown, not an evidenced zero (25.5024ms)
✔ returning from a transient Review consumes its history entry and preserves the real origin (7.5993ms)
✔ brand query families unite membership without merging variant nutrition identities (357.9964ms)
✔ bare roots and specific product queries retain distinct ownership (3.3539ms)
✔ reviewed unsafe beverage identities remain held across all canonical consumers (13.9919ms)
✔ volume and energy audit 9313820004518 (3.4921ms)
✔ volume and energy audit 9313820016108 (3.4068ms)
✔ volume and energy audit 9300675001410 (2.7146ms)
✔ volume and energy audit 9300675011419 (1.9274ms)
✔ volume and energy audit 9300675090667 (3.5203ms)
✔ volume and energy audit 9310021039028 (2.5305ms)
✔ volume and energy audit 9310077313011 (3.118ms)
✔ mass, energy units, printed zero and Unknown remain distinct (4.6853ms)
✔ food heads outrank ingredient words and unsupported snack-stick classification stays deferred (1.7579ms)
✔ retailer totals, ownership, filtering, paging and category membership stay consistent (2506.4972ms)
✔ small catalogue navigation is adaptive and large catalogues stay bounded (0.2012ms)
✔ accepted local brand products cannot bypass conflicting same-GTIN retailer evidence (6.8039ms)
✔ Hungry Jack's exact identity, portion and Review: Hash Brown (52.9368ms)
✔ Hungry Jack's exact identity, portion and Review: Toastie Ham Cheese (13.7963ms)
✔ Hungry Jack's exact identity, portion and Review: Whopper (33.625ms)
✔ Hungry Jack's exact identity, portion and Review: Whopper Double (10.497ms)
✔ Hungry Jack's exact identity, portion and Review: Chicken Royale (8.5775ms)
✔ Hungry Jack's exact identity, portion and Review: JFC Saucy Tender Smoky Chipotle 3 x Pack (7.6431ms)
✔ Hungry Jack's exact identity, portion and Review: JFC Saucy Tender Smoky Chipotle 5 x Pack (6.6606ms)
✔ Hungry Jack's exact identity, portion and Review: Nugget 3 Pack (8.4617ms)
✔ Hungry Jack's exact identity, portion and Review: Nugget 6 Pack (7.0792ms)
✔ Hungry Jack's exact identity, portion and Review: Nugget 12 Pack (7.3766ms)
✔ Hungry Jack's exact identity, portion and Review: Chips Small (8.862ms)
✔ Hungry Jack's exact identity, portion and Review: Chips Medium (8.1506ms)
✔ Hungry Jack's exact identity, portion and Review: Chips Large (5.416ms)
✔ Hungry Jack's exact identity, portion and Review: Biscoff Storm (6.2284ms)
✔ Hungry Jack's exact identity, portion and Review: Biscoff Shake Small (7.2448ms)
✔ the complete Hungry Jack’s catalogue satisfies the shared source and eligibility audit (718.9769ms)
✔ both restaurant spellings own the source and exact Whopper precedes longer variants (68.0262ms)
✔ count and size families remain neutral until a specific variant is supplied (15.5484ms)
✔ conflicting pages and incomplete products cannot progress to ordinary logging (4.0159ms)
✔ configurable meals retain their separate identities without a fabricated default order (1.0185ms)
✔ unclear PDF glyphs remain Details Only and old extraction stays available for history (10.6041ms)
✔ source category concepts generalise to unrelated restaurant names without accepting community claims (0.9507ms)
✔ embedded package counts never become consumed orders in an unrelated source (2.4979ms)
✔ one-to-one description repairs preserve IDs and split count variants cannot reuse the ambiguous identity (1.1968ms)
✔ raw tables retain wrapped product counts, blank top-product values and publication evidence (0.9318ms)
✔ Hungry Jack’s rendered mobile matrix reaches one Review and synthetic Diary (100552.0536ms)
✔ live ordinary candidates are alphabetic after dedupe and before either candidate/display truncation (21.6301ms)
✔ ordinary ordering ignores source insertion, length scores, usage and popularity (5.2026ms)
✔ Ban and Bac narrow the existing legitimate prefix candidates (2.0636ms)
✔ general rule preserves alias matching and normalized visible duplicates (1.7295ms)
✔ entity treatment and default non-live ranking remain independent (3.5209ms)
✔ approved brand spellings and distinct unapproved identities are preserved (0.6051ms)
Live prefix evidence: C:\Users\mlwes\AppData\Local\Temp\hec-live-prefix-4B0ZMv
✔ alphabetical live phone flow, query ownership and accepted product guards (29351.0075ms)
✔ real catalogue identity outranks broad beverage ancestry (38.8824ms)
✔ raw solid mL is quarantined at the final profile and resolved-food boundary (4.1084ms)
✔ raw solid L is quarantined at the final profile and resolved-food boundary (1.7208ms)
✔ raw solid cup is quarantined at the final profile and resolved-food boundary (2.1397ms)
✔ package volume and unsuitable source units cannot redefine a named solid (4.3946ms)
✔ genuine per-100-mL solid conflict is not relabelled or scaled as grams (3.2933ms)
✔ valid gram nutrition survives an incompatible source serving (1.413ms)
✔ volume aliases are validated by user-facing family, not a countable default (1.6543ms)
✔ guided Review cannot reintroduce quarantined units (13.7584ms)
✔ voice and typed measure resolution rejects solid volume and accepts supported grams (2.0951ms)
✔ liquid identity preserves volumes and rejects unrelated solid item units (5.9289ms)
✔ spreads preserve validated household-to-gram measures without becoming liquid (3.8543ms)
✔ sliced food preserves source slice and grams (1.6439ms)
✔ official restaurant item preserves its natural unit (78.0904ms)
✔ unknown identity with only volume metadata has a conservative completion state (3.6999ms)
✔ specific short-plural food categories outrank beverage flavour words (1.7522ms)
✔ specific liquid categories retain milk despite chocolate flavour metadata (1.1037ms)
✔ powdered milk remains solid despite liquid ancestry (0.3171ms)
✔ explicit source mL denominator is preserved before semantic normalization (0.8053ms)
✔ trusted density conversion supports grams without exposing volume for a solid (1.0034ms)
✔ late carried candidates and legacy allowed lists cross the same firewall (0.8507ms)
✔ consumedPortion rejects a quarantined carried measure when food is supplied (1.5485ms)
✔ legacy inferred catalogue form cannot override solid identity (2.4985ms)
✔ explicit source slice counts on a countable product keep their gram conversion (3.342ms)
✔ real McCain product is safe through production search and rendered Portion Choice (13273.2224ms)
✔ A. generic Margarine persists one teaspoon as exactly 5 g (85.4392ms)
✔ B. generic Margarine persists an arbitrary 7 g amount (28.7557ms)
✔ C. Flora spread persists one teaspoon without reverting to its 10 g serve (9.1627ms)
✔ D. explicit manufacturer serve persists one by 10 g (3.9151ms)
✔ E. generic milk persists 250 mL (48.122ms)
✔ F. generic milk persists one metric cup as 250 mL (33.3395ms)
✔ G. wholemeal bread persists one regular slice as 40 g (29.882ms)
✔ H. countable food persists two biscuits as 30 g (3.8628ms)
✔ final Review amount edits update the same consumed-portion contract (20.8397ms)
✔ final Review measure edits update the contract without selecting a reference-basis default (20.9709ms)
✔ production editor scales Review nutrition from the consumed contract and persists it twice (0.9059ms)
✔ AUSNUT spread profile: generic margarine (1.6664ms)
✔ AUSNUT spread profile: Flora (0.7577ms)
✔ AUSNUT spread profile: Meadow Lea (0.8017ms)
✔ AUSNUT spread profile: Bega almond (1.0493ms)
✔ AUSNUT spread profile: peanut butter (0.9ms)
✔ AUSNUT spread profile: yeast spread (0.8311ms)
✔ spread packet weights remain product-specific (1.1698ms)
✔ AUSNUT source metadata and disabled thickness gap are machine-auditable (0.1ms)
✔ declared consumer family retains a manufacturer product without moving other manufacturer products (25.6562ms)
✔ approved Nescafe spellings retrieve the same protected GTINs on cold and loaded lookups (215.8694ms)
✔ a loggable flavour superset cannot become the best identity of a less specific brand query (17.8357ms)
✔ Strong identity and raw conflicting nutrition remain distinct, blocked, and on a dry reference (46.0446ms)
✔ specific instant preparation metadata outranks drink ancestry without changing prepared drinks (0.9571ms)
Post-KFC rendered evidence: C:\Users\mlwes\AppData\Local\Temp\hec-post-kfc-dlpHFP
✔ reported paths survive real phone controls through source browse, product choice and Review (91164.1536ms)
✔ semantic source order prefers explicit metadata before source metadata and inference (4.0046ms)
✔ representative records cover all eight reusable semantic roles (0.5978ms)
✔ serving policy retains natural, count, size, package and 100 g reference semantics (0.7279ms)
✔ Hotcakes is a complete source-backed meal and never a condiment serving (0.4815ms)
✔ Hotcakes and hot cakes rank the complete item first while explicit syrup intent ranks the component first (113.3289ms)
✔ parent/component ranking is general rather than a Hotcakes-only rule (1.0274ms)
✔ semantic validation rejects unsafe meal, package, natural-item and configurable combinations (0.8935ms)
✔ the deterministic McDonald’s audit covers all 211 records with no unresolved conflict (22.1927ms)
✔ counted and configurable records remain nutritionally safe (28.7112ms)
✔ exact and close mobile result names use three-line and two-line wrapping contracts (6.0217ms)
✔ focused search layout leaves the first result usable at 390x844 and 390x520 (6.1279ms)
✔ incremental product ranking converges without changing the editable search field (146.8773ms)
✔ existing representative food behavior remains intact (19.0167ms)
✔ the semantic module is loaded once before catalogue imports and cached offline (3.4348ms)
✔ exact query ownership retires Cote for Côte (14.9425ms)
✔ exact query ownership retires Côte for Cote (0.9982ms)
✔ exact query ownership retires resume for résumé (0.7569ms)
✔ exact query ownership retires résumé for resume (1.3305ms)
✔ exact query ownership retires Burgen for Bürgen (1.8141ms)
✔ exact query ownership retires Häagen-Dazs for Haagen-Dazs (2.1352ms)
✔ exact query ownership retires Milk for milk (2.555ms)
✔ exact query ownership retires milk for milk  (1.1221ms)
✔ exact query ownership retires Bürgen for Bürgen (0.6373ms)
✔ returning to an earlier exact spelling cannot revive its old ticket (0.7315ms)
✔ approved retrieval equivalence never defines input identity (0.3333ms)
✔ production brand cache and late hydration stay owned across Cote → Côte (36.3797ms)
✔ production brand cache and late hydration stay owned across Côte → Cote (6.7209ms)
✔ production brand cache and late hydration stay owned across resume → résumé (3.7401ms)
✔ production brand cache and late hydration stay owned across résumé → resume (3.3006ms)
✔ production brand cache and late hydration stay owned across Burgen → Bürgen (3.0228ms)
✔ production brand cache and late hydration stay owned across Häagen-Dazs → Haagen-Dazs (3.4953ms)
✔ currentness checks require exact input even if a caller supplies the current revision (2.8382ms)
✔ production OFF await rejects a late response after an exact-input edit (3.5923ms)
✔ production delayed preview cannot revive a retired query (2.7892ms)
✔ production explicit-product hydration ignores a retired owner even with the same local request token (2.2145ms)
✔ production guided-source hydration rejects a retired central owner (2.8477ms)
✔ generated shell and worker exactly match the canonical content generation (110.9175ms)
✔ same visible version with changed controller produces a new shared generation (113.7146ms)
✔ complete dependency inventory includes bootstrap configuration and both deployment variants (2.2772ms)
✔ my-data installs verified core before skipWaiting and exposes safe readiness (160.2934ms)
✔ test installs verified core before skipWaiting and exposes safe readiness (102.8022ms)
✔ required core 404 rejects installation and keeps incomplete staging unreadable for retry (96.7706ms)
✔ required core wrong-bytes rejects installation and keeps incomplete staging unreadable for retry (79.9394ms)
✔ slow required dependency does not publish readiness or skipWaiting early (90.3055ms)
✔ optional artwork failure is outside atomic core readiness (99.7306ms)
✔ navigation and versioned core remain cached and coherent while offline (77.1001ms)
✔ missing generation and unknown generation cannot fall back to old core or HTML (78.065ms)
✔ unversioned core data consumers receive the verified current data, not a network revalidation (68.8909ms)
✔ activation retains previous caches until every live client reports current readiness (73.0746ms)
✔ same-path cached assets cannot cross a generation boundary (71.7649ms)
✔ bootstrap owns update lifecycle and leaves personal storage contracts untouched (1.7425ms)
✔ submitted family grouping overrides lexical order and saved-score preference (102.0472ms)
✔ submitted explicit 3 selects the matching direct identity (35.0333ms)
✔ submitted explicit 6 selects the matching direct identity (26.8675ms)
✔ submitted explicit 10 selects the matching direct identity (24.8685ms)
✔ committed named-size family remains neutral until a named size is supplied (59.327ms)
✔ shared metadata handles an unrelated named-size fixture and explicit sizes (16.4478ms)
✔ unique products retain Best match; family metadata alone does not create ambiguity (1.2449ms)
✔ additional identity modifiers and explicit combo intent do not become direct-family choices (20.7934ms)
✔ canonical duplicates cannot create a false family (2.5825ms)
✔ another source derives one family from source family fields and declared sizes (120.4808ms)
✔ every committed KFC choice family includes all direct peers, including a single-piece order (259.6061ms)
✔ incomplete size peers retain early completion actions in their neutral group (1.8766ms)
✔ actual Search button/Return rendering preserves neutral and explicit families through persisted Review (13856.1971ms)
✔ exact retailer recognition remains separate from consumer-brand identity (13.443ms)
✔ no name, OFF URL or brand-index match can substitute for verified retailer membership (13.6913ms)
✔ membership keeps the national and private-label consumer brands and provenance intact (28.6626ms)
✔ community nutrition with separate official listing evidence does not become manufacturer verification (4.075ms)
✔ food-only categories and all-items postings exclude non-food products (2.0725ms)
✔ root and category directory do not hydrate products; pages have a strict bound and cache (13.7779ms)
✔ category and Back navigation retain retailer ownership (2.4509ms)
✔ retiring retailer intent leaves subsequent generic and brand searches independent (50.1947ms)
✔ late retailer hydration cannot replace a newer owner or refill its cancelled session (1.7712ms)
✔ late category result cannot overwrite a newer category within the same query (1.7295ms)
✔ a synthetic second retailer uses the identical registration, evidence and browse contracts (1.4572ms)
✔ guided supermarket identity requires separate house/private-label evidence, not retailer stock (1.5594ms)
✔ actual consumer-brand selection still uses consumer-brand membership (0.8284ms)
✔ unverified or wrong-brand commercial identity evidence cannot widen the guided route (0.9549ms)
✔ product handoff keeps canonical identity, unknown nutrients and one confirmation (8.1824ms)
✔ a loader cannot substitute foreign IDs or weaken the indexed listing evidence (2.8681ms)
✔ retailer aliases cannot take over generic food or known consumer-brand recognition (1.2949ms)
✔ the generic source converter requires consumer brand and does not turn retailers into restaurants (3.3334ms)
✔ every actual retailer category and house brand has eligible products and settles with exactly those identities (5179.3875ms)
✔ stale category, stale brand and empty intersection settle empty without offering zero choices (1.7614ms)
✔ unresolved adapter is bounded; late result cannot refill caches or overwrite retry (30.5322ms)
✔ shard deadline aborts stalled read, evicts rejected promise and allows real retry (16.0721ms)
✔ loader rejection and catalogue replacement terminate as errors (4.0084ms)
✔ timeout from an old request cannot finish a newer request (13.9368ms)
✔ compatible title punctuation and casing retains authority, aliases and original source titles (30.1613ms)
✔ compatible title harmless wording refresh retains authority, aliases and original source titles (4.2086ms)
✔ compatible title retailer wording and word order retains authority, aliases and original source titles (4.8044ms)
✔ compatible title duplicated pack wording retains authority, aliases and original source titles (4.0737ms)
✔ compatible title current verified title retains authority, aliases and original source titles (2.5717ms)
✔ equally trusted compatible titles use existing publication currentness (0.8616ms)
✔ material title Original versus Chocolate remains unresolved (8.8607ms)
✔ material title Full Cream versus Reduced Fat remains unresolved (6.1727ms)
✔ material title regular versus Gluten Free remains unresolved (3.3913ms)
✔ material title title pack 420 g versus 840 g remains unresolved (6.1958ms)
✔ material title 6 Pack versus 12 Pack remains unresolved (3.8432ms)
✔ material title salt formulation remains unresolved (2.621ms)
✔ material title sweetening remains unresolved (2.6178ms)
✔ material title title size remains unresolved (2.4383ms)
✔ material title product family remains unresolved (3.633ms)
✔ structured pack versus title-only pack cannot bypass identity checking (2.5337ms)
✔ compatible same-GTIN evidence still corroborates with manufacturer authority and both sources (1.1713ms)
✔ same GTIN 420 g versus 840 g is inspectable identity conflict even with stronger manufacturer evidence (2.8805ms)
✔ incompatible same-GTIN flavour blocks ordinary logging (2.1302ms)
✔ incompatible same-GTIN brand blocks ordinary logging (2.131ms)
✔ incompatible same-GTIN physical form blocks ordinary logging (2.0973ms)
✔ incompatible same-GTIN explicit variant blocks ordinary logging (4.7105ms)
✔ incompatible same-GTIN count blocks ordinary logging (3.3594ms)
✔ incompatible same-GTIN size blocks ordinary logging (3.2815ms)
✔ same-GTIN identity conflict cannot be cleared by re-canonicalising with the preferred clean source (3.4012ms)
✔ equal-authority nutrition conflict remains blocked and never averaged (0.7302ms)
✔ different GTINs remain distinct without manufacturing or replacing barcodes (0.482ms)
✔ all shared dedupe surfaces retain the same-GTIN conflict instead of choosing a clean rank winner (3.7315ms)
✔ retailer index loads all same-GTIN evidence on the same page before permitting selection (5.1094ms)
✔ unlisted OFF evidence for a listed GTIN is retained for conflict analysis without creating another retailer product (3.0731ms)
✔ 1. bare Hash Brown has a reusable generic concept (6.8053ms)
✔ 2. submitted bare generic search ranks the generic concept first (33.6549ms)
✔ 3. solid identity quarantines an incompatible source mL measure (4.726ms)
✔ 3a. generic concept metadata outranks malformed source volume inference (1.8992ms)
✔ 4. composite generic source plan keeps four canonical paths separate (3.565ms)
✔ 5. purchased frozen and home-prepared are never one guided state (0.4264ms)
✔ 6. answer history wraps readable labels at phone width (0.6826ms)
✔ 7. main food search exposes semantic form and visible submit control (0.3031ms)
✔ 8. deliberate measure selection focuses the newly rendered amount field (0.9366ms)
✔ 9. written variant count resolves like a digit without multiplying consumption (0.9702ms)
✔ 10. consumed quantity remains separate from a counted product variant (0.5265ms)
✔ 11. unfinished prefixes cannot claim the best-match slot (4.7022ms)
✔ 12. a strong complete exact product submission leads with Best match (3.2972ms)
✔ 13. simple whole foods can skip source branching (0.3548ms)
✔ 14. submitted groups are immutable snapshots (7.1641ms)
✔ 15. stale asynchronous work loses ownership after a new preview (1.039ms)
✔ 16. decimal, common fraction and written mixed quantities share one parser (0.7665ms)
✔ 17. quantity may follow the food phrase and dozen is explicit (0.2759ms)
✔ 18. an exact product-name count is identity metadata, not consumption (0.4016ms)
✔ 19. exact candidate context separates prefixed consumed count and variant count (0.2246ms)
✔ 20. explicit solid form wins over a malformed source volume (1.222ms)
✔ 21. liquid, spread and sliced forms retain compatible measure families (2.2526ms)
✔ 22. source plans expose stable route metadata (0.4898ms)
✔ 23. ordinary technical source questions provide a Not Sure path (0.1864ms)
✔ 24. the controller records universal destination, source and preparation state (1.4247ms)
✔ 25. search and amount controls retain visible touch-sized responsive rules (0.5708ms)
✔ 26. supplied generic source words keep a generic route and mark it direct (1.5327ms)
✔ 27. delayed online results append a labelled group without reordering primary results (4.4994ms)
✔ 28. committed universal results guard the legacy asynchronous renderer (0.959ms)
✔ 29. online completion appends its group without replacing primary result nodes (0.9945ms)
✔ 30. repeated legacy render requests preserve the owned committed surface (1.0377ms)
✔ 31. pointer activation survives a legacy focus render without making scroll gestures select (1.2109ms)
✔ 32. valid custom decimal amounts stay exact in the review label (1.9299ms)
✔ 33. amount typing and quick amounts update one live nutrition preview (1.3126ms)
✔ 34. simple whole foods bypass source branching instead of opening an empty chooser (0.8532ms)
✔ 35. exact result rows expose central eligibility through actions and Details (2.4085ms)
✔ 36. fraction words in an exact product name remain identity language (0.3488ms)
✔ 37. packaged catalogue arrivals append inside the owned packaged branch (0.7497ms)
ℹ tests 454
ℹ suites 0
ℹ pass 454
ℹ fail 0
ℹ cancelled 0
ℹ skipped 0
ℹ todo 0
ℹ duration_ms 415065.9262
