✔ frozen pool is pinned and the reviewed projection rebuilds byte-identically (1394.9363ms)
✔ retailers register once in the established deterministic order (131.4526ms)
✔ directory counts and All Items are deterministic and lazy (198.7516ms)
✔ every retained first-wave record preserves Australia-only community evidence, source brand and attribution (123.1676ms)
✔ all 705 retained exclusions and lexical rejects remain outside the production index (86.2591ms)
✔ community provenance cannot be fabricated from names, brand, partial store text, foreign country or missing pins (75.1505ms)
✔ tampered hydrated community evidence fails closed (139.7737ms)
✔ guided bread is limited to its approved Aldi concept (80.8046ms)
✔ guided yoghurt is limited to its approved Aldi concept (81.1819ms)
✔ guided cheese is limited to its approved Aldi concept (94.6912ms)
✔ guided cereal is limited to its approved Aldi concept (81.1345ms)
✔ retailer-aware Aldi bread uses the food concept even without bread in the source title (74.903ms)
✔ cancellation clears Aldi ownership and preserves generic Bread intent (59.8305ms)
✔ all 20 existing protected OFF GTIN records merge compatibly without changing brand or nutrition (300.1317ms)
✔ incompatible same-GTIN identity remains blocked through repeated canonicalisation (75.5434ms)
✔ bread slices preserves identity, amount conversion and one final Review (62.4129ms)
✔ liquid Pepsi preserves identity, amount conversion and one final Review (76.249ms)
✔ gram cheese preserves identity, amount conversion and one final Review (66.0822ms)
✔ muesli serve preserves identity, amount conversion and one final Review (62.4055ms)
✔ gram yoghurt preserves identity, amount conversion and one final Review (68.9342ms)
✔ unknown values stay unknown; explicit water zeroes remain zero; packs never create count measures (60.0178ms)
✔ bounded Woolworths and Coles regressions retain their roots and accepted catalogues (135.2572ms)
✔ submitted retailer product filter keeps approved concept evidence across either merge order (99.5119ms)
✔ shared concept source choices expose covered retailers without altering generic-only concepts (68.5296ms)
✔ retailer search uses registered food-concept aliases before title matching (101.832ms)
✔ every generated record passes identity, GTIN, AU, nutrition, conflicts and unknown preservation (10615.0279ms)
✔ all admitted source tokens meet reproducible tiers without merging companies or sub-brands (7735.7993ms)
✔ the wave adds no duplicate OFF identity and retains existing retailer evidence (1152.8655ms)
✔ known solids never gain liquid measures in the complete generated wave (2096.3185ms)
✔ brand plus exact product outranks lexical extensions and incomplete records never enter brand browse (218.107ms)
✔ brand browse is bounded, category scoped, and all pages cover the complete brand (136.4814ms)
✔ generic food and retailer intent cannot become an exact-brand catalogue query (1.7949ms)
✔ a complete indexed brand outranks a shorter registered brand prefix (8.4329ms)
✔ concept Brand Name options contain accepted relevant products only (320.019ms)
✔ source tokens allow secondary explicit brand membership without ownership inference (0.7339ms)
✔ cancelled asynchronous queries cannot hand off foods (2.0412ms)
✔ decorated brand sorting preserves the existing complete ranking order (176.2467ms)
✔ cached raw OFF rows cannot bypass audited brand admission (92.9049ms)
✔ representative real products retain one amount-to-Review conversion (23.0998ms)
✔ audited brand generation is byte deterministic and committed outputs match (45301.5443ms)
✔ cached online renderer and subsequent lookup retain conflict, retailer evidence and both packs (50.4813ms)
✔ product cache retains complete canonical evidence even when one competing source did not score (4.3764ms)
✔ online canonical ranking retains score, Australian preference and name tie ordering (2.415ms)
✔ federated and repeatedly canonicalised conflicts remain blocked through the cached UI (4.6377ms)
✔ legacy online result policy retains canonical legacy records and stable lookup (9.6122ms)
✔ independent source identities retain eligibility and ranking when weaker same-label rows arrive (62.9637ms)
✔ copies of one canonical identity cannot manufacture label ambiguity (1.4179ms)
✔ ambiguous labels within one source stay blocked and exact preview cannot bypass that decision (9.1525ms)
✔ independent sources do not make generic or unnamed records specific products (10.175ms)
✔ shared GTIN conflict and source authority checks still control canonical merging (11.1768ms)
Chiko regression evidence: C:\Users\mlwes\AppData\Local\Temp\hec-chiko-regression-BZD2dE
✔ real production Chiko preview, hydrated Search and selection retain the accepted roll identity (14670.0046ms)
✔ all admitted expansion identities are unique, loggable, attributable, and retain public release review (6589.5581ms)
✔ unknown OFF nutrients stay absent and qualified official panel values are never invented as zero (617.2755ms)
✔ every expanded retailer page has actual evidence and no duplicate canonical choices (2747.3364ms)
✔ multi-market explicit Australia store evidence is accepted; a foreign-only or fabricated store claim is rejected (1.2495ms)
✔ manufacturer catalogue identities without GTIN are admitted only by canonical identity (7.6301ms)
✔ all preserved accepted brand identities remain admitted exactly once (71.2278ms)
✔ new regional identity holds and ingredient-only family mentions stay out of unrelated categories (252.4589ms)
✔ new manufacturer products without a known barcode do not display a literal null barcode (10.366ms)
✔ category coverage never acts as an admission cap for otherwise eligible foods (44.465ms)
✔ 1. exact barcode intent resolves one product (530.4536ms)
✔ 2. exact product intent requires a defensible product identity (0.2583ms)
✔ 3. consumer brand intent comes from the brand index (0.1254ms)
✔ 4. brand plus product intent is composed before ranking (0.1109ms)
✔ 5. generic category intent comes from category intelligence (0.1515ms)
✔ 6. broad fallback remains available (0.1797ms)
✔ 7. no confident match is explicit (0.1073ms)
✔ 8. brand spaces normalise generically (0.1193ms)
✔ 9. brand punctuation is ignored by the generic key (0.1772ms)
✔ 10. apostrophes normalise generically (0.1409ms)
✔ 11. case normalises generically (1.138ms)
✔ 12. company/source text is not consumer-brand membership (0.3831ms)
✔ 13. exact product-name field outranks weak text (0.3497ms)
✔ 14. Australian catalogue source outranks broad online fallback (0.0914ms)
✔ 15. category membership is grouped ahead of incidental text (0.0909ms)
✔ 16. adding product words restricts a recognised brand (0.0976ms)
✔ 17. online federation does not mutate local order (2.3245ms)
✔ 18. query progression reports meaningful refinement (0.3215ms)
✔ 19. brand reference is navigation-only (0.3471ms)
✔ 20. barcode-only identity is not exact eligible (0.3785ms)
✔ 21. all-uppercase source labels receive readable capitalization (0.1184ms)
✔ 22. exact GTIN deduplication is conservative (5.5976ms)
✔ 23. real variants with different GTINs remain separate (0.1876ms)
✔ 24. brand enters the one guided engine (10.1594ms)
✔ 25. a weak large-brand category facet falls back to product pagination (193.4917ms)
✔ 26. manageable data-derived variants present concrete products (1.292ms)
✔ 27. only facets that divide candidates are asked (0.7196ms)
✔ 28. Back recomputes from identity answers (5.8373ms)
✔ 29. upstream identity change clears amount state (7.7169ms)
✔ 30. liquid profile uses mL (1.9999ms)
✔ 31. liquid profile offers an Australian 250 mL cup (1.2814ms)
✔ 32. spread profile uses grams (1.1916ms)
✔ 33. spread retains an explicit compatible manufacturer serve (1.0801ms)
✔ 34. trusted generic spread teaspoon uses the existing HEC 5 g conversion (2.1819ms)
✔ 35. an explicit package teaspoon count is allowed (3.7038ms)
✔ 36. countable package derives a piece measure (2.1665ms)
✔ 37. custom decimal amount scales after measure (4.0768ms)
✔ 38. package size is not selected consumption (1.8293ms)
✔ 39. nutrition basis is not selected consumption (1.7693ms)
✔ 40. conflicting kcal and kJ are normalised from one source (0.1155ms)
✔ 41. one basis factor scales kcal and kJ together (0.0864ms)
✔ 42. missing nutrient remains unknown (0.0706ms)
✔ 43. energy conflict downgrades integrity (0.0714ms)
✔ 44. missing macros produce partial nutrition (0.0696ms)
✔ 45. identity-only product is blocked safely (0.223ms)
✔ 46. real Flora brand universe remains 30 products (0.1745ms)
✔ 47. real Meadow Lea variants share one brand and omit the reference as exact (1.7913ms)
✔ 48. real Milk ranks plain identity/category members first (0.8301ms)
✔ 49. real Pauls excludes similar unrelated brands (0.731ms)
✔ 50. real Trim Milk keeps both Australian candidates (0.3233ms)
✔ 51. Pauls Trim Milk restricts within Pauls (0.1041ms)
✔ 52. Big Mac authoritative source remains present (1.3205ms)
✔ 53. Large McDonald’s Fries remains present (0.6475ms)
✔ 54. Hotcakes complete-meal rule remains present (0.3283ms)
✔ 55. Bunnings natural item remains present (2.3886ms)
✔ 56. Chiko canonical dedup remains one display row (0.303ms)
✔ 57. generic Fries routing remains preserved (0.7417ms)
✔ 58. Weight foundation remains loaded (0.5448ms)
✔ 59. focused keyboard handler preserves the caret (7.2207ms)
✔ 60. all 73,300 committed products remain indexed (0.2543ms)
✔ 61. product shards remain lazy rather than startup-preloaded (1.5329ms)
✔ 62. broader online remains a weaker source tier (0.2091ms)
✔ 63. exact catalogue product taps enter the shared guide (3.4402ms)
✔ 64. serving UI asks measure then amount clearly (5.9686ms)
✔ 65. architecture audit answers all ten requirements YES (8.8219ms)
✔ 66. punctuation-heavy single-brand products use the derived exact-name index (0.1294ms)
✔ 1. delayed online arrivals never reorder or replace the local Trim Milk snapshot (24.7489ms)
✔ 2. a stale Trim mil response is rejected after Trim milk becomes active (13.7938ms)
✔ 3. continuing the exact query preserves its revision and immutable local result (5.9679ms)
✔ 4. every changed raw query receives a monotonic revision (0.4026ms)
✔ 5. weak names cannot become exact while meaningful peer identities exist (2.129ms)
✔ 6. barcode-known identity remains incomplete rather than exact (7.7669ms)
✔ 7. brand references remain navigation-only (0.3235ms)
✔ 8. small and medium sets use direct concrete products (21.1262ms)
✔ 9. a balanced shopper-facing facet is accepted only for a genuinely large set (34.2048ms)
✔ 10. broad taxonomy noise is rejected and large results paginate real products (120.1673ms)
✔ 11. unspecified spread keeps grams without borrowed household measures (25.3742ms)
✔ 12. liquid milk keeps arbitrary mL and the Australian 250 mL cup (9.6587ms)
✔ 13. production online append updates only the broader surface (0.5029ms)
✔ 14. production large-search awaits are guarded by token, revision and current input (0.4723ms)
✔ 15. weak online shells are excluded from exact-product selection (0.9957ms)
✔ 16. recovery production modules contain no named-brand resolver branches (4.4762ms)
✔ 17. mobile safeguards retain bounded choices, stable caret and unresolved-action suppression (5.6194ms)
✔ 18. catalogue manifest remains the approved production-scale snapshot (0.1843ms)
✔ 39 distinct candidates obey all four ceilings and dispositions reconcile without fabricated admissions (3.4941ms)
✔ all retained Coles exclusions remain excluded with exact nutrition and serving facts (955.7365ms)
✔ all reviewed category moves preserve identity, nutrition, unknowns, serving and provenance (1277.1345ms)
✔ shared product-head rules are retailer-neutral and reject compounds and ambiguous fragments (0.9055ms)
✔ Coles/Woolworths/Aldi counts, category deltas and every moved house identity reconcile (1656.8928ms)
✔ independent McCain discovery improves the existing global canonical record without ownership or nutrition substitution (481.2884ms)
✔ thin-family and second independent discovery holds never create substitute canonical identities (4.3942ms)
✔ accepted Woolworths vegetables and Campbell stock retain exact logged energy and missing fibre (650.5846ms)
✔ every changed global category has whole-product evidence and retains index/shard parity (992.7691ms)
✔ protected OFF, restaurant, reference and deployment payloads remain byte-for-byte unchanged (1152.1886ms)
✔ all catalogue projections reproduce byte-for-byte and retain the complete evidence groups (19502.6301ms)
✔ 39 enrolled identities resolve uniquely and category moves are subsets of improvements (1.6356ms)
✔ 15 retained holds and four deferrals stay out of normal admission (345.6352ms)
✔ exact package GTINs complete existing identities without collapsing other milk or vegetable formulations (15.2424ms)
✔ two package-evidenced Aldi trademarks enter house browse, independent Pepsi stays global (33.8609ms)
✔ unknown fibre, true printed zero, preparation and human measures survive a complete review flow (17.7082ms)
✔ shared fallback semantics handle product forms and reject ingredient/flavour/compound traps (0.5337ms)
✔ all three retailer totals and each cross-retailer category consequence reconcile (1482.4411ms)
✔ all moved existing products retain exact identity, nutrients, measures and ownership (940.4199ms)
✔ new exact brand products are globally reachable and every index entry matches its shard (898.6603ms)
✔ all protected source payloads are unchanged (695.0682ms)
✔ 32 distinct reviews reconcile; improvements and category changes are not new identities (1.2041ms)
✔ all official banners and forgiving voice/text aliases resolve to one IGA root (27.0422ms)
✔ IGA browse contains exactly eight private-label identities in six categories and two families (5.8863ms)
✔ store evidence survives canonicalisation without national stock or ownership leakage (3.4796ms)
✔ new relationship cannot override consumer brand, AU scope or exact product evidence (0.9898ms)
✔ existing nutrition, unknowns, serving basis and measures are byte-equivalent facts (27.8427ms)
✔ same GTIN pack and formulation conflicts remain blocked with new retailer evidence (4.4817ms)
✔ three category improvements use whole-product rules for every retailer and reject flavour traps (1.3983ms)
✔ global index reuses every canonical identity and matches IGA projection (243.3364ms)
✔ all previous retailer identities, categories, nutrient and serving facts remain unchanged (1704.863ms)
✔ frozen OFF, AFCD/AUSNUT, restaurants and unrelated retailer payloads remain unchanged (558.7453ms)
✔ IGA builder and all index hashes regenerate deterministically (221.0514ms)
✔ hungry-jacks-au Biscoff Shake Small retains evidenced portion and eligibility (231.1432ms)
✔ hungry-jacks-au Pistachio Shake Small retains evidenced portion and eligibility (129.0216ms)
✔ hungry-jacks-au Tea Black Small retains evidenced portion and eligibility (119.9968ms)
✔ hungry-jacks-au Hash Brown retains evidenced portion and eligibility (123.2724ms)
✔ hungry-jacks-au Whopper retains evidenced portion and eligibility (152.87ms)
✔ hungry-jacks-au Whopper Value Meal Small retains evidenced portion and eligibility (136.1149ms)
✔ mcdonalds-au Medium Coca-Cola retains evidenced portion and eligibility (122.2597ms)
✔ mcdonalds-au Small Cappuccino retains evidenced portion and eligibility (111.2551ms)
✔ mcdonalds-au Big Mac retains evidenced portion and eligibility (119.9308ms)
✔ mcdonalds-au Hash Brown retains evidenced portion and eligibility (125.1138ms)
✔ mcdonalds-au McSmart Meal retains evidenced portion and eligibility (106.6345ms)
✔ kfc-au Large Pepsi retains evidenced portion and eligibility (131.5023ms)
✔ kfc-au 3 Wicked Wings retains evidenced portion and eligibility (116.644ms)
✔ kfc-au 6 Wicked Wings retains evidenced portion and eligibility (110.097ms)
✔ kfc-au 10 Wicked Wings retains evidenced portion and eligibility (103.4868ms)
✔ kfc-au Zinger Burger retains evidenced portion and eligibility (113.4026ms)
✔ kfc-au 3 Wicked Wings Combo retains evidenced portion and eligibility (98.8522ms)
✔ official fixed restaurant portion requires explicit matching evidence and grants no conversion (28.4832ms)
✔ restaurant semantic families retain every meaningful sibling and configurable detail (298.7348ms)
✔ shortlist bounds are context specific; family decisions are never blindly cut at 24 (0.8952ms)
✔ compound food guards preserve buns, soup, pickles and ambiguous chicken chips (1.5712ms)
✔ blank official energy is unknown, not an evidenced zero (23.9322ms)
✔ returning from a transient Review consumes its history entry and preserves the real origin (5.297ms)
✔ brand query families unite membership without merging variant nutrition identities (280.151ms)
✔ bare roots and specific product queries retain distinct ownership (2.8097ms)
✔ reviewed unsafe beverage identities remain held across all canonical consumers (9.5945ms)
✔ volume and energy audit 9313820004518 (1.8022ms)
✔ volume and energy audit 9313820016108 (1.6417ms)
✔ volume and energy audit 9300675001410 (0.8948ms)
✔ volume and energy audit 9300675011419 (1.1377ms)
✔ volume and energy audit 9300675090667 (2.0212ms)
✔ volume and energy audit 9310021039028 (3.1012ms)
✔ volume and energy audit 9310077313011 (2.2102ms)
✔ mass, energy units, printed zero and Unknown remain distinct (2.4188ms)
✔ food heads outrank ingredient words and unsupported snack-stick classification stays deferred (1.3545ms)
✔ retailer totals, ownership, filtering, paging and category membership stay consistent (1958.0486ms)
✔ small catalogue navigation is adaptive and large catalogues stay bounded (0.2834ms)
✔ accepted local brand products cannot bypass conflicting same-GTIN retailer evidence (7.8174ms)
✔ Hungry Jack's exact identity, portion and Review: Hash Brown (46.877ms)
✔ Hungry Jack's exact identity, portion and Review: Toastie Ham Cheese (12.6683ms)
✔ Hungry Jack's exact identity, portion and Review: Whopper (31.2596ms)
✔ Hungry Jack's exact identity, portion and Review: Whopper Double (8.3718ms)
✔ Hungry Jack's exact identity, portion and Review: Chicken Royale (10.4896ms)
✔ Hungry Jack's exact identity, portion and Review: JFC Saucy Tender Smoky Chipotle 3 x Pack (6.3705ms)
✔ Hungry Jack's exact identity, portion and Review: JFC Saucy Tender Smoky Chipotle 5 x Pack (8.2906ms)
✔ Hungry Jack's exact identity, portion and Review: Nugget 3 Pack (7.0349ms)
✔ Hungry Jack's exact identity, portion and Review: Nugget 6 Pack (12.9867ms)
✔ Hungry Jack's exact identity, portion and Review: Nugget 12 Pack (7.6985ms)
✔ Hungry Jack's exact identity, portion and Review: Chips Small (8.5867ms)
✔ Hungry Jack's exact identity, portion and Review: Chips Medium (7.145ms)
✔ Hungry Jack's exact identity, portion and Review: Chips Large (8.0255ms)
✔ Hungry Jack's exact identity, portion and Review: Biscoff Storm (6.0552ms)
✔ Hungry Jack's exact identity, portion and Review: Biscoff Shake Small (7.8089ms)
✔ the complete Hungry Jack’s catalogue satisfies the shared source and eligibility audit (728.2131ms)
✔ both restaurant spellings own the source and exact Whopper precedes longer variants (68.8125ms)
✔ count and size families remain neutral until a specific variant is supplied (19.2989ms)
✔ conflicting pages and incomplete products cannot progress to ordinary logging (5.8101ms)
✔ configurable meals retain their separate identities without a fabricated default order (1.21ms)
✔ unclear PDF glyphs remain Details Only and old extraction stays available for history (9.5994ms)
✔ source category concepts generalise to unrelated restaurant names without accepting community claims (1.1645ms)
✔ embedded package counts never become consumed orders in an unrelated source (3.0482ms)
✔ one-to-one description repairs preserve IDs and split count variants cannot reuse the ambiguous identity (1.3293ms)
✔ raw tables retain wrapped product counts, blank top-product values and publication evidence (0.9659ms)
