✔ frozen pool is pinned and the reviewed projection rebuilds byte-identically (1648.0545ms)
✔ retailers register once in the established deterministic order (156.9682ms)
✔ directory counts and All Items are deterministic and lazy (215.599ms)
✔ every retained first-wave record preserves Australia-only community evidence, source brand and attribution (126.6189ms)
✔ all 705 retained exclusions and lexical rejects remain outside the production index (67.9278ms)
✔ community provenance cannot be fabricated from names, brand, partial store text, foreign country or missing pins (64.2652ms)
✔ tampered hydrated community evidence fails closed (119.1306ms)
✔ guided bread is limited to its approved Aldi concept (82.4763ms)
✔ guided yoghurt is limited to its approved Aldi concept (109.0609ms)
✔ guided cheese is limited to its approved Aldi concept (135.2681ms)
✔ guided cereal is limited to its approved Aldi concept (112.3178ms)
✔ retailer-aware Aldi bread uses the food concept even without bread in the source title (125.8086ms)
✔ cancellation clears Aldi ownership and preserves generic Bread intent (116.4296ms)
✔ all 20 existing protected OFF GTIN records merge compatibly without changing brand or nutrition (331.6091ms)
✔ incompatible same-GTIN identity remains blocked through repeated canonicalisation (79.7372ms)
✔ bread slices preserves identity, amount conversion and one final Review (62.5781ms)
✔ liquid Pepsi preserves identity, amount conversion and one final Review (63.7564ms)
✔ gram cheese preserves identity, amount conversion and one final Review (66.4141ms)
✔ muesli serve preserves identity, amount conversion and one final Review (57.9941ms)
✔ gram yoghurt preserves identity, amount conversion and one final Review (61.1313ms)
✔ unknown values stay unknown; explicit water zeroes remain zero; packs never create count measures (56.9677ms)
✔ bounded Woolworths and Coles regressions retain their roots and accepted catalogues (135.92ms)
✔ submitted retailer product filter keeps approved concept evidence across either merge order (90.2027ms)
✔ shared concept source choices expose covered retailers without altering generic-only concepts (59.1429ms)
✔ retailer search uses registered food-concept aliases before title matching (86.2124ms)
✔ every generated record passes identity, GTIN, AU, nutrition, conflicts and unknown preservation (10668.084ms)
✔ all admitted source tokens meet reproducible tiers without merging companies or sub-brands (7477.6808ms)
✔ the wave adds no duplicate OFF identity and retains existing retailer evidence (1420.9392ms)
✔ known solids never gain liquid measures in the complete generated wave (1904.9903ms)
✔ brand plus exact product outranks lexical extensions and incomplete records never enter brand browse (232.1144ms)
✔ brand browse is bounded, category scoped, and all pages cover the complete brand (126.2219ms)
✔ generic food and retailer intent cannot become an exact-brand catalogue query (2.1003ms)
✔ a complete indexed brand outranks a shorter registered brand prefix (8.5653ms)
✔ concept Brand Name options contain accepted relevant products only (273.2385ms)
✔ source tokens allow secondary explicit brand membership without ownership inference (0.7446ms)
✔ cancelled asynchronous queries cannot hand off foods (2.4174ms)
✔ decorated brand sorting preserves the existing complete ranking order (221.2611ms)
✔ cached raw OFF rows cannot bypass audited brand admission (76.3788ms)
✔ representative real products retain one amount-to-Review conversion (28.4706ms)
✔ audited brand generation is byte deterministic and committed outputs match (47334.1883ms)
✔ cached online renderer and subsequent lookup retain conflict, retailer evidence and both packs (72.3043ms)
✔ product cache retains complete canonical evidence even when one competing source did not score (8.2781ms)
✔ online canonical ranking retains score, Australian preference and name tie ordering (4.8337ms)
✔ federated and repeatedly canonicalised conflicts remain blocked through the cached UI (12.1786ms)
✔ legacy online result policy retains canonical legacy records and stable lookup (27.9661ms)
✔ independent source identities retain eligibility and ranking when weaker same-label rows arrive (96.4145ms)
✔ copies of one canonical identity cannot manufacture label ambiguity (2.9895ms)
✔ ambiguous labels within one source stay blocked and exact preview cannot bypass that decision (16.543ms)
✔ independent sources do not make generic or unnamed records specific products (13.6932ms)
✔ shared GTIN conflict and source authority checks still control canonical merging (14.4066ms)
Chiko regression evidence: C:\Users\mlwes\AppData\Local\Temp\hec-chiko-regression-S3GjH4
✔ real production Chiko preview, hydrated Search and selection retain the accepted roll identity (14747.2007ms)
✔ all admitted expansion identities are unique, loggable, attributable, and retain public release review (6288.5288ms)
✔ unknown OFF nutrients stay absent and qualified official panel values are never invented as zero (786.1511ms)
✔ every expanded retailer page has actual evidence and no duplicate canonical choices (3066.5481ms)
✔ multi-market explicit Australia store evidence is accepted; a foreign-only or fabricated store claim is rejected (1.3141ms)
✔ manufacturer catalogue identities without GTIN are admitted only by canonical identity (9.5737ms)
✔ all preserved accepted brand identities remain admitted exactly once (83.0398ms)
✔ new regional identity holds and ingredient-only family mentions stay out of unrelated categories (261.6249ms)
✔ new manufacturer products without a known barcode do not display a literal null barcode (10.5393ms)
✔ category coverage never acts as an admission cap for otherwise eligible foods (51.3908ms)
✔ 1. exact barcode intent resolves one product (525.8297ms)
✔ 2. exact product intent requires a defensible product identity (0.3117ms)
✔ 3. consumer brand intent comes from the brand index (0.1244ms)
✔ 4. brand plus product intent is composed before ranking (0.1521ms)
✔ 5. generic category intent comes from category intelligence (0.1301ms)
✔ 6. broad fallback remains available (0.21ms)
✔ 7. no confident match is explicit (0.1142ms)
✔ 8. brand spaces normalise generically (0.1611ms)
✔ 9. brand punctuation is ignored by the generic key (0.2095ms)
✔ 10. apostrophes normalise generically (0.1399ms)
✔ 11. case normalises generically (1.0753ms)
✔ 12. company/source text is not consumer-brand membership (0.3454ms)
✔ 13. exact product-name field outranks weak text (0.3685ms)
✔ 14. Australian catalogue source outranks broad online fallback (0.0891ms)
✔ 15. category membership is grouped ahead of incidental text (0.0877ms)
✔ 16. adding product words restricts a recognised brand (0.0627ms)
✔ 17. online federation does not mutate local order (1.5184ms)
✔ 18. query progression reports meaningful refinement (0.1398ms)
✔ 19. brand reference is navigation-only (0.0937ms)
✔ 20. barcode-only identity is not exact eligible (0.1415ms)
✔ 21. all-uppercase source labels receive readable capitalization (0.1524ms)
✔ 22. exact GTIN deduplication is conservative (8.4136ms)
✔ 23. real variants with different GTINs remain separate (0.1938ms)
✔ 24. brand enters the one guided engine (10.5769ms)
✔ 25. a weak large-brand category facet falls back to product pagination (169.6138ms)
✔ 26. manageable data-derived variants present concrete products (2.9545ms)
✔ 27. only facets that divide candidates are asked (0.9156ms)
✔ 28. Back recomputes from identity answers (4.2528ms)
✔ 29. upstream identity change clears amount state (8.9453ms)
✔ 30. liquid profile uses mL (2.2807ms)
✔ 31. liquid profile offers an Australian 250 mL cup (1.7813ms)
✔ 32. spread profile uses grams (2.7561ms)
✔ 33. spread retains an explicit compatible manufacturer serve (2.5835ms)
✔ 34. trusted generic spread teaspoon uses the existing HEC 5 g conversion (3.0776ms)
✔ 35. an explicit package teaspoon count is allowed (2.5217ms)
✔ 36. countable package derives a piece measure (1.4704ms)
✔ 37. custom decimal amount scales after measure (3.655ms)
✔ 38. package size is not selected consumption (2.1568ms)
✔ 39. nutrition basis is not selected consumption (1.9162ms)
✔ 40. conflicting kcal and kJ are normalised from one source (0.2051ms)
✔ 41. one basis factor scales kcal and kJ together (0.134ms)
✔ 42. missing nutrient remains unknown (0.1214ms)
✔ 43. energy conflict downgrades integrity (0.1222ms)
✔ 44. missing macros produce partial nutrition (0.0968ms)
✔ 45. identity-only product is blocked safely (0.4286ms)
✔ 46. real Flora brand universe remains 30 products (0.2805ms)
✔ 47. real Meadow Lea variants share one brand and omit the reference as exact (1.5899ms)
✔ 48. real Milk ranks plain identity/category members first (0.3044ms)
✔ 49. real Pauls excludes similar unrelated brands (0.3728ms)
✔ 50. real Trim Milk keeps both Australian candidates (0.3521ms)
✔ 51. Pauls Trim Milk restricts within Pauls (0.2773ms)
✔ 52. Big Mac authoritative source remains present (1.0839ms)
✔ 53. Large McDonald’s Fries remains present (1.0252ms)
✔ 54. Hotcakes complete-meal rule remains present (0.7706ms)
✔ 55. Bunnings natural item remains present (2.9949ms)
✔ 56. Chiko canonical dedup remains one display row (0.3044ms)
✔ 57. generic Fries routing remains preserved (1.055ms)
✔ 58. Weight foundation remains loaded (0.8324ms)
✔ 59. focused keyboard handler preserves the caret (8.5974ms)
✔ 60. all 73,300 committed products remain indexed (0.1692ms)
✔ 61. product shards remain lazy rather than startup-preloaded (1.492ms)
✔ 62. broader online remains a weaker source tier (0.1741ms)
✔ 63. exact catalogue product taps enter the shared guide (3.0859ms)
✔ 64. serving UI asks measure then amount clearly (6.2531ms)
✔ 65. architecture audit answers all ten requirements YES (9.7874ms)
✔ 66. punctuation-heavy single-brand products use the derived exact-name index (0.3151ms)
✔ 1. delayed online arrivals never reorder or replace the local Trim Milk snapshot (31.8115ms)
✔ 2. a stale Trim mil response is rejected after Trim milk becomes active (15.7912ms)
✔ 3. continuing the exact query preserves its revision and immutable local result (2.3114ms)
✔ 4. every changed raw query receives a monotonic revision (0.3257ms)
✔ 5. weak names cannot become exact while meaningful peer identities exist (2.0528ms)
✔ 6. barcode-known identity remains incomplete rather than exact (6.2949ms)
✔ 7. brand references remain navigation-only (0.1911ms)
✔ 8. small and medium sets use direct concrete products (22.8961ms)
✔ 9. a balanced shopper-facing facet is accepted only for a genuinely large set (33.6011ms)
✔ 10. broad taxonomy noise is rejected and large results paginate real products (120.0273ms)
✔ 11. unspecified spread keeps grams without borrowed household measures (21.6691ms)
✔ 12. liquid milk keeps arbitrary mL and the Australian 250 mL cup (12.519ms)
✔ 13. production online append updates only the broader surface (0.3958ms)
✔ 14. production large-search awaits are guarded by token, revision and current input (0.4584ms)
✔ 15. weak online shells are excluded from exact-product selection (0.8251ms)
✔ 16. recovery production modules contain no named-brand resolver branches (3.6576ms)
✔ 17. mobile safeguards retain bounded choices, stable caret and unresolved-action suppression (4.4826ms)
✔ 18. catalogue manifest remains the approved production-scale snapshot (0.412ms)
✔ 39 distinct candidates obey all four ceilings and dispositions reconcile without fabricated admissions (6.945ms)
✔ all retained Coles exclusions remain excluded with exact nutrition and serving facts (1007.1454ms)
✔ all reviewed category moves preserve identity, nutrition, unknowns, serving and provenance (1159.3425ms)
✔ shared product-head rules are retailer-neutral and reject compounds and ambiguous fragments (0.7273ms)
✔ Coles/Woolworths/Aldi counts, category deltas and every moved house identity reconcile (1496.3999ms)
✔ independent McCain discovery improves the existing global canonical record without ownership or nutrition substitution (509.8071ms)
✔ thin-family and second independent discovery holds never create substitute canonical identities (8.157ms)
✔ accepted Woolworths vegetables and Campbell stock retain exact logged energy and missing fibre (646.8504ms)
✔ every changed global category has whole-product evidence and retains index/shard parity (949.8823ms)
✔ protected OFF, restaurant, reference and deployment payloads remain byte-for-byte unchanged (716.3709ms)
✔ all catalogue projections reproduce byte-for-byte and retain the complete evidence groups (20843.4788ms)
✔ 39 enrolled identities resolve uniquely and category moves are subsets of improvements (1.3503ms)
✔ 15 retained holds and four deferrals stay out of normal admission (368.4094ms)
✔ exact package GTINs complete existing identities without collapsing other milk or vegetable formulations (18.6151ms)
✔ two package-evidenced Aldi trademarks enter house browse, independent Pepsi stays global (34.1738ms)
✔ unknown fibre, true printed zero, preparation and human measures survive a complete review flow (19.984ms)
✔ shared fallback semantics handle product forms and reject ingredient/flavour/compound traps (0.5653ms)
✔ all three retailer totals and each cross-retailer category consequence reconcile (1510.4091ms)
✔ all moved existing products retain exact identity, nutrients, measures and ownership (1224.1829ms)
✔ new exact brand products are globally reachable and every index entry matches its shard (1020.5723ms)
✔ all protected source payloads are unchanged (735.075ms)
✔ 32 distinct reviews reconcile; improvements and category changes are not new identities (1.0827ms)
✔ all official banners and forgiving voice/text aliases resolve to one IGA root (28.6514ms)
✔ IGA browse contains exactly eight private-label identities in six categories and two families (6.8195ms)
✔ store evidence survives canonicalisation without national stock or ownership leakage (3.3789ms)
✔ new relationship cannot override consumer brand, AU scope or exact product evidence (0.9396ms)
✔ existing nutrition, unknowns, serving basis and measures are byte-equivalent facts (30.6897ms)
✔ same GTIN pack and formulation conflicts remain blocked with new retailer evidence (4.2628ms)
✔ three category improvements use whole-product rules for every retailer and reject flavour traps (2.1051ms)
✔ global index reuses every canonical identity and matches IGA projection (265.0382ms)
✔ all previous retailer identities, categories, nutrient and serving facts remain unchanged (1620.0932ms)
✔ frozen OFF, AFCD/AUSNUT, restaurants and unrelated retailer payloads remain unchanged (581.0056ms)
✔ IGA builder and all index hashes regenerate deterministically (219.8176ms)
✔ hungry-jacks-au Biscoff Shake Small retains evidenced portion and eligibility (244.518ms)
✔ hungry-jacks-au Pistachio Shake Small retains evidenced portion and eligibility (132.6331ms)
✔ hungry-jacks-au Tea Black Small retains evidenced portion and eligibility (123.9503ms)
✔ hungry-jacks-au Hash Brown retains evidenced portion and eligibility (131.7845ms)
✔ hungry-jacks-au Whopper retains evidenced portion and eligibility (143.5563ms)
✔ hungry-jacks-au Whopper Value Meal Small retains evidenced portion and eligibility (160.9967ms)
✔ mcdonalds-au Medium Coca-Cola retains evidenced portion and eligibility (128.4471ms)
✔ mcdonalds-au Small Cappuccino retains evidenced portion and eligibility (130.8894ms)
✔ mcdonalds-au Big Mac retains evidenced portion and eligibility (105.4888ms)
✔ mcdonalds-au Hash Brown retains evidenced portion and eligibility (125.4902ms)
✔ mcdonalds-au McSmart Meal retains evidenced portion and eligibility (97.1318ms)
✔ kfc-au Large Pepsi retains evidenced portion and eligibility (129.8722ms)
✔ kfc-au 3 Wicked Wings retains evidenced portion and eligibility (129.3382ms)
✔ kfc-au 6 Wicked Wings retains evidenced portion and eligibility (97.5169ms)
✔ kfc-au 10 Wicked Wings retains evidenced portion and eligibility (101.54ms)
✔ kfc-au Zinger Burger retains evidenced portion and eligibility (117.9383ms)
✔ kfc-au 3 Wicked Wings Combo retains evidenced portion and eligibility (113.1179ms)
✖ official fixed restaurant portion requires explicit matching evidence and grants no conversion (35.633ms)
✔ restaurant semantic families retain every meaningful sibling and configurable detail (313.2247ms)
✔ shortlist bounds are context specific; family decisions are never blindly cut at 24 (0.7304ms)
✔ compound food guards preserve buns, soup, pickles and ambiguous chicken chips (1.0781ms)
✔ blank official energy is unknown, not an evidenced zero (28.0923ms)
✔ brand query families unite membership without merging variant nutrition identities (333.4851ms)
✔ bare roots and specific product queries retain distinct ownership (3.0505ms)
✔ reviewed unsafe beverage identities remain held across all canonical consumers (8.8473ms)
✔ volume and energy audit 9313820004518 (1.8097ms)
✔ volume and energy audit 9313820016108 (1.8247ms)
✔ volume and energy audit 9300675001410 (1.0062ms)
✔ volume and energy audit 9300675011419 (0.9529ms)
✔ volume and energy audit 9300675090667 (4.8751ms)
✔ volume and energy audit 9310021039028 (3.5629ms)
✔ volume and energy audit 9310077313011 (2.7304ms)
✔ mass, energy units, printed zero and Unknown remain distinct (3.2458ms)
✔ food heads outrank ingredient words and unsupported snack-stick classification stays deferred (1.6406ms)
✔ retailer totals, ownership, filtering, paging and category membership stay consistent (1935.414ms)
✔ small catalogue navigation is adaptive and large catalogues stay bounded (0.4296ms)
✔ accepted local brand products cannot bypass conflicting same-GTIN retailer evidence (6.6465ms)
✔ Hungry Jack's exact identity, portion and Review: Hash Brown (44.6603ms)
✔ Hungry Jack's exact identity, portion and Review: Toastie Ham Cheese (13.991ms)
✔ Hungry Jack's exact identity, portion and Review: Whopper (32.2689ms)
✔ Hungry Jack's exact identity, portion and Review: Whopper Double (11.9578ms)
✔ Hungry Jack's exact identity, portion and Review: Chicken Royale (8.1281ms)
✔ Hungry Jack's exact identity, portion and Review: JFC Saucy Tender Smoky Chipotle 3 x Pack (7.6915ms)
✔ Hungry Jack's exact identity, portion and Review: JFC Saucy Tender Smoky Chipotle 5 x Pack (6.5638ms)
✔ Hungry Jack's exact identity, portion and Review: Nugget 3 Pack (9.0957ms)
✔ Hungry Jack's exact identity, portion and Review: Nugget 6 Pack (7.0325ms)
✔ Hungry Jack's exact identity, portion and Review: Nugget 12 Pack (8.4958ms)
✔ Hungry Jack's exact identity, portion and Review: Chips Small (8.6153ms)
✔ Hungry Jack's exact identity, portion and Review: Chips Medium (8.2569ms)
✔ Hungry Jack's exact identity, portion and Review: Chips Large (4.7553ms)
✔ Hungry Jack's exact identity, portion and Review: Biscoff Storm (6.0718ms)
✔ Hungry Jack's exact identity, portion and Review: Biscoff Shake Small (7.9857ms)
✔ the complete Hungry Jack’s catalogue satisfies the shared source and eligibility audit (746.9984ms)
✔ both restaurant spellings own the source and exact Whopper precedes longer variants (61.1075ms)
✔ count and size families remain neutral until a specific variant is supplied (16.3245ms)
✔ conflicting pages and incomplete products cannot progress to ordinary logging (5.3944ms)
✔ configurable meals retain their separate identities without a fabricated default order (1.086ms)
✔ unclear PDF glyphs remain Details Only and old extraction stays available for history (9.0535ms)
✔ source category concepts generalise to unrelated restaurant names without accepting community claims (1.031ms)
✔ embedded package counts never become consumed orders in an unrelated source (4.6777ms)
✔ one-to-one description repairs preserve IDs and split count variants cannot reuse the ambiguous identity (2.169ms)
✔ raw tables retain wrapped product counts, blank top-product values and publication evidence (1.0733ms)
✔ Hungry Jack’s rendered mobile matrix reaches one Review and synthetic Diary (103728.3764ms)
✔ live ordinary candidates are alphabetic after dedupe and before either candidate/display truncation (19.8216ms)
✔ ordinary ordering ignores source insertion, length scores, usage and popularity (5.8343ms)
✔ Ban and Bac narrow the existing legitimate prefix candidates (3.4112ms)
✔ general rule preserves alias matching and normalized visible duplicates (2.7437ms)
✔ entity treatment and default non-live ranking remain independent (3.6138ms)
✔ approved brand spellings and distinct unapproved identities are preserved (0.5664ms)
Live prefix evidence: C:\Users\mlwes\AppData\Local\Temp\hec-live-prefix-jNVFvP
✖ alphabetical live phone flow, query ownership and accepted product guards (60402.2163ms)
✔ real catalogue identity outranks broad beverage ancestry (49.8193ms)
✔ raw solid mL is quarantined at the final profile and resolved-food boundary (3.585ms)
✔ raw solid L is quarantined at the final profile and resolved-food boundary (1.4133ms)
✔ raw solid cup is quarantined at the final profile and resolved-food boundary (4.751ms)
✔ package volume and unsuitable source units cannot redefine a named solid (5.678ms)
✔ genuine per-100-mL solid conflict is not relabelled or scaled as grams (2.8173ms)
✔ valid gram nutrition survives an incompatible source serving (2.6783ms)
✔ volume aliases are validated by user-facing family, not a countable default (3.4495ms)
✔ guided Review cannot reintroduce quarantined units (16.672ms)
✔ voice and typed measure resolution rejects solid volume and accepts supported grams (2.6232ms)
✔ liquid identity preserves volumes and rejects unrelated solid item units (3.4212ms)
✔ spreads preserve validated household-to-gram measures without becoming liquid (2.6224ms)
✔ sliced food preserves source slice and grams (1.3448ms)
✔ official restaurant item preserves its natural unit (110.2244ms)
✔ unknown identity with only volume metadata has a conservative completion state (3.5027ms)
✔ specific short-plural food categories outrank beverage flavour words (1.7076ms)
✔ specific liquid categories retain milk despite chocolate flavour metadata (1.0711ms)
✔ powdered milk remains solid despite liquid ancestry (0.2947ms)
✔ explicit source mL denominator is preserved before semantic normalization (0.7932ms)
✔ trusted density conversion supports grams without exposing volume for a solid (1.103ms)
✔ late carried candidates and legacy allowed lists cross the same firewall (2.2566ms)
✔ consumedPortion rejects a quarantined carried measure when food is supplied (1.8993ms)
✔ legacy inferred catalogue form cannot override solid identity (2.7945ms)
✔ explicit source slice counts on a countable product keep their gram conversion (2.458ms)
✔ real McCain product is safe through production search and rendered Portion Choice (14833.1623ms)
✔ A. generic Margarine persists one teaspoon as exactly 5 g (91.2187ms)
✔ B. generic Margarine persists an arbitrary 7 g amount (25.9657ms)
✔ C. Flora spread persists one teaspoon without reverting to its 10 g serve (11.6835ms)
✔ D. explicit manufacturer serve persists one by 10 g (3.6188ms)
✔ E. generic milk persists 250 mL (52.0022ms)
✔ F. generic milk persists one metric cup as 250 mL (33.0306ms)
✔ G. wholemeal bread persists one regular slice as 40 g (29.984ms)
✔ H. countable food persists two biscuits as 30 g (5.5691ms)
✔ final Review amount edits update the same consumed-portion contract (21.2323ms)
✔ final Review measure edits update the contract without selecting a reference-basis default (23.5822ms)
✔ production editor scales Review nutrition from the consumed contract and persists it twice (0.8445ms)
✔ AUSNUT spread profile: generic margarine (1.9834ms)
✔ AUSNUT spread profile: Flora (2.1674ms)
✔ AUSNUT spread profile: Meadow Lea (1.795ms)
✔ AUSNUT spread profile: Bega almond (1.3663ms)
✔ AUSNUT spread profile: peanut butter (0.98ms)
✔ AUSNUT spread profile: yeast spread (0.8952ms)
✔ spread packet weights remain product-specific (1.3116ms)
✔ AUSNUT source metadata and disabled thickness gap are machine-auditable (0.1349ms)
✔ declared consumer family retains a manufacturer product without moving other manufacturer products (29.9666ms)
✔ approved Nescafe spellings retrieve the same protected GTINs on cold and loaded lookups (239.5475ms)
✔ a loggable flavour superset cannot become the best identity of a less specific brand query (20.3019ms)
✔ Strong identity and raw conflicting nutrition remain distinct, blocked, and on a dry reference (49.3676ms)
✔ specific instant preparation metadata outranks drink ancestry without changing prepared drinks (0.3647ms)
Post-KFC rendered evidence: C:\Users\mlwes\AppData\Local\Temp\hec-post-kfc-SdiCZr
✔ reported paths survive real phone controls through source browse, product choice and Review (93969.7313ms)
✔ semantic source order prefers explicit metadata before source metadata and inference (2.075ms)
✔ representative records cover all eight reusable semantic roles (1.9526ms)
✔ serving policy retains natural, count, size, package and 100 g reference semantics (0.8294ms)
✔ Hotcakes is a complete source-backed meal and never a condiment serving (0.4435ms)
✔ Hotcakes and hot cakes rank the complete item first while explicit syrup intent ranks the component first (108.8926ms)
✔ parent/component ranking is general rather than a Hotcakes-only rule (0.8595ms)
✔ semantic validation rejects unsafe meal, package, natural-item and configurable combinations (0.6158ms)
✔ the deterministic McDonald’s audit covers all 211 records with no unresolved conflict (19.7452ms)
✔ counted and configurable records remain nutritionally safe (24.43ms)
✔ exact and close mobile result names use three-line and two-line wrapping contracts (4.8345ms)
✔ focused search layout leaves the first result usable at 390x844 and 390x520 (4.9344ms)
✔ incremental product ranking converges without changing the editable search field (139.4135ms)
✔ existing representative food behavior remains intact (17.0292ms)
✔ the semantic module is loaded once before catalogue imports and cached offline (2.5873ms)
✔ exact query ownership retires Cote for Côte (15.0572ms)
✔ exact query ownership retires Côte for Cote (1.0011ms)
✔ exact query ownership retires resume for résumé (1.0064ms)
✔ exact query ownership retires résumé for resume (0.6379ms)
✔ exact query ownership retires Burgen for Bürgen (0.809ms)
✔ exact query ownership retires Häagen-Dazs for Haagen-Dazs (1.0179ms)
✔ exact query ownership retires Milk for milk (2.3788ms)
✔ exact query ownership retires milk for milk  (0.7294ms)
✔ exact query ownership retires Bürgen for Bürgen (0.6441ms)
✔ returning to an earlier exact spelling cannot revive its old ticket (0.6757ms)
✔ approved retrieval equivalence never defines input identity (0.3432ms)
✔ production brand cache and late hydration stay owned across Cote → Côte (35.6994ms)
✔ production brand cache and late hydration stay owned across Côte → Cote (4.4668ms)
✔ production brand cache and late hydration stay owned across resume → résumé (3.8049ms)
✔ production brand cache and late hydration stay owned across résumé → resume (4.7016ms)
✔ production brand cache and late hydration stay owned across Burgen → Bürgen (3.6546ms)
✔ production brand cache and late hydration stay owned across Häagen-Dazs → Haagen-Dazs (2.3766ms)
✔ currentness checks require exact input even if a caller supplies the current revision (1.5301ms)
✔ production OFF await rejects a late response after an exact-input edit (2.5854ms)
✔ production delayed preview cannot revive a retired query (3.9003ms)
✔ production explicit-product hydration ignores a retired owner even with the same local request token (3.0812ms)
✔ production guided-source hydration rejects a retired central owner (2.4405ms)
✔ generated shell and worker exactly match the canonical content generation (109.4771ms)
✔ same visible version with changed controller produces a new shared generation (103.5569ms)
✔ complete dependency inventory includes bootstrap configuration and both deployment variants (1.5359ms)
✔ my-data installs verified core before skipWaiting and exposes safe readiness (131.1299ms)
✔ test installs verified core before skipWaiting and exposes safe readiness (93.1878ms)
✔ required core 404 rejects installation and keeps incomplete staging unreadable for retry (88.0466ms)
✔ required core wrong-bytes rejects installation and keeps incomplete staging unreadable for retry (96.3754ms)
✔ slow required dependency does not publish readiness or skipWaiting early (116.8649ms)
✔ optional artwork failure is outside atomic core readiness (118.9631ms)
✔ navigation and versioned core remain cached and coherent while offline (100.7699ms)
✔ missing generation and unknown generation cannot fall back to old core or HTML (102.4864ms)
✔ unversioned core data consumers receive the verified current data, not a network revalidation (95.2748ms)
✔ activation retains previous caches until every live client reports current readiness (97.3278ms)
✔ same-path cached assets cannot cross a generation boundary (114.4323ms)
✔ bootstrap owns update lifecycle and leaves personal storage contracts untouched (2.1422ms)
✔ submitted family grouping overrides lexical order and saved-score preference (112.1479ms)
✔ submitted explicit 3 selects the matching direct identity (52.9942ms)
✔ submitted explicit 6 selects the matching direct identity (41.7266ms)
✔ submitted explicit 10 selects the matching direct identity (49.7212ms)
✔ committed named-size family remains neutral until a named size is supplied (98.2937ms)
✔ shared metadata handles an unrelated named-size fixture and explicit sizes (25.9528ms)
✔ unique products retain Best match; family metadata alone does not create ambiguity (1.5035ms)
✔ additional identity modifiers and explicit combo intent do not become direct-family choices (31.4381ms)
✔ canonical duplicates cannot create a false family (7.25ms)
✔ another source derives one family from source family fields and declared sizes (132.7874ms)
✔ every committed KFC choice family includes all direct peers, including a single-piece order (253.0207ms)
✔ incomplete size peers retain early completion actions in their neutral group (1.4963ms)
✔ actual Search button/Return rendering preserves neutral and explicit families through persisted Review (14106.3655ms)
✔ exact retailer recognition remains separate from consumer-brand identity (15.8427ms)
✔ no name, OFF URL or brand-index match can substitute for verified retailer membership (12.9738ms)
✔ membership keeps the national and private-label consumer brands and provenance intact (28.4599ms)
✔ community nutrition with separate official listing evidence does not become manufacturer verification (3.9984ms)
✔ food-only categories and all-items postings exclude non-food products (2.8484ms)
✔ root and category directory do not hydrate products; pages have a strict bound and cache (11.8775ms)
✔ category and Back navigation retain retailer ownership (2.2117ms)
✔ retiring retailer intent leaves subsequent generic and brand searches independent (50.0734ms)
✔ late retailer hydration cannot replace a newer owner or refill its cancelled session (2.1634ms)
✔ late category result cannot overwrite a newer category within the same query (1.9788ms)
✔ a synthetic second retailer uses the identical registration, evidence and browse contracts (1.4215ms)
✔ guided supermarket identity requires separate house/private-label evidence, not retailer stock (1.7145ms)
✔ actual consumer-brand selection still uses consumer-brand membership (0.8234ms)
✔ unverified or wrong-brand commercial identity evidence cannot widen the guided route (0.8331ms)
✔ product handoff keeps canonical identity, unknown nutrients and one confirmation (8.3318ms)
✔ a loader cannot substitute foreign IDs or weaken the indexed listing evidence (4.1801ms)
✔ retailer aliases cannot take over generic food or known consumer-brand recognition (1.0517ms)
✔ the generic source converter requires consumer brand and does not turn retailers into restaurants (2.7375ms)
✔ every actual retailer category and house brand has eligible products and settles with exactly those identities (5240.6177ms)
✔ stale category, stale brand and empty intersection settle empty without offering zero choices (1.4925ms)
✔ unresolved adapter is bounded; late result cannot refill caches or overwrite retry (37.5061ms)
✔ shard deadline aborts stalled read, evicts rejected promise and allows real retry (15.1933ms)
✔ loader rejection and catalogue replacement terminate as errors (3.98ms)
✔ timeout from an old request cannot finish a newer request (26.1584ms)
✔ compatible title punctuation and casing retains authority, aliases and original source titles (29.5248ms)
✔ compatible title harmless wording refresh retains authority, aliases and original source titles (4.2893ms)
✔ compatible title retailer wording and word order retains authority, aliases and original source titles (2.3581ms)
✔ compatible title duplicated pack wording retains authority, aliases and original source titles (3.212ms)
✔ compatible title current verified title retains authority, aliases and original source titles (3.1194ms)
✔ equally trusted compatible titles use existing publication currentness (0.8858ms)
✔ material title Original versus Chocolate remains unresolved (9.6192ms)
✔ material title Full Cream versus Reduced Fat remains unresolved (4.9942ms)
✔ material title regular versus Gluten Free remains unresolved (4.3503ms)
✔ material title title pack 420 g versus 840 g remains unresolved (3.7142ms)
✔ material title 6 Pack versus 12 Pack remains unresolved (3.7466ms)
✔ material title salt formulation remains unresolved (2.6814ms)
✔ material title sweetening remains unresolved (2.4679ms)
✔ material title title size remains unresolved (3.7571ms)
✔ material title product family remains unresolved (3.5778ms)
✔ structured pack versus title-only pack cannot bypass identity checking (2.9918ms)
✔ compatible same-GTIN evidence still corroborates with manufacturer authority and both sources (1.2661ms)
✔ same GTIN 420 g versus 840 g is inspectable identity conflict even with stronger manufacturer evidence (2.9604ms)
✔ incompatible same-GTIN flavour blocks ordinary logging (3.4801ms)
✔ incompatible same-GTIN brand blocks ordinary logging (3.2474ms)
✔ incompatible same-GTIN physical form blocks ordinary logging (2.6633ms)
✔ incompatible same-GTIN explicit variant blocks ordinary logging (3.5815ms)
✔ incompatible same-GTIN count blocks ordinary logging (2.4066ms)
✔ incompatible same-GTIN size blocks ordinary logging (2.6827ms)
✔ same-GTIN identity conflict cannot be cleared by re-canonicalising with the preferred clean source (6.5513ms)
✔ equal-authority nutrition conflict remains blocked and never averaged (0.9637ms)
✔ different GTINs remain distinct without manufacturing or replacing barcodes (0.2937ms)
✔ all shared dedupe surfaces retain the same-GTIN conflict instead of choosing a clean rank winner (4.0765ms)
✔ retailer index loads all same-GTIN evidence on the same page before permitting selection (6.0768ms)
✔ unlisted OFF evidence for a listed GTIN is retained for conflict analysis without creating another retailer product (2.837ms)
✔ 1. bare Hash Brown has a reusable generic concept (4.1963ms)
✔ 2. submitted bare generic search ranks the generic concept first (26.9887ms)
✔ 3. solid identity quarantines an incompatible source mL measure (6.6067ms)
✔ 3a. generic concept metadata outranks malformed source volume inference (1.594ms)
✔ 4. composite generic source plan keeps four canonical paths separate (2.3777ms)
✔ 5. purchased frozen and home-prepared are never one guided state (0.3529ms)
✔ 6. answer history wraps readable labels at phone width (0.6081ms)
✔ 7. main food search exposes semantic form and visible submit control (0.3011ms)
✔ 8. deliberate measure selection focuses the newly rendered amount field (0.9042ms)
✔ 9. written variant count resolves like a digit without multiplying consumption (1.119ms)
✔ 10. consumed quantity remains separate from a counted product variant (1.1653ms)
✔ 11. unfinished prefixes cannot claim the best-match slot (5.257ms)
✔ 12. a strong complete exact product submission leads with Best match (3.244ms)
✔ 13. simple whole foods can skip source branching (0.2317ms)
✔ 14. submitted groups are immutable snapshots (5.057ms)
✔ 15. stale asynchronous work loses ownership after a new preview (1.0914ms)
✔ 16. decimal, common fraction and written mixed quantities share one parser (1.2322ms)
✔ 17. quantity may follow the food phrase and dozen is explicit (0.6327ms)
✔ 18. an exact product-name count is identity metadata, not consumption (1.0672ms)
✔ 19. exact candidate context separates prefixed consumed count and variant count (0.4069ms)
✔ 20. explicit solid form wins over a malformed source volume (2.1877ms)
✔ 21. liquid, spread and sliced forms retain compatible measure families (2.0343ms)
✔ 22. source plans expose stable route metadata (0.4046ms)
✔ 23. ordinary technical source questions provide a Not Sure path (0.1743ms)
✔ 24. the controller records universal destination, source and preparation state (1.2754ms)
✔ 25. search and amount controls retain visible touch-sized responsive rules (0.4478ms)
✔ 26. supplied generic source words keep a generic route and mark it direct (1.2052ms)
✔ 27. delayed online results append a labelled group without reordering primary results (3.5852ms)
✔ 28. committed universal results guard the legacy asynchronous renderer (0.9787ms)
✔ 29. online completion appends its group without replacing primary result nodes (1.0062ms)
✔ 30. repeated legacy render requests preserve the owned committed surface (1.8071ms)
✔ 31. pointer activation survives a legacy focus render without making scroll gestures select (1.4731ms)
✔ 32. valid custom decimal amounts stay exact in the review label (2.0133ms)
✔ 33. amount typing and quick amounts update one live nutrition preview (1.4402ms)
✔ 34. simple whole foods bypass source branching instead of opening an empty chooser (0.9331ms)
✔ 35. exact result rows expose central eligibility through actions and Details (2.2469ms)
✔ 36. fraction words in an exact product name remain identity language (0.3114ms)
✔ 37. packaged catalogue arrivals append inside the owned packaged branch (0.7345ms)
ℹ tests 453
ℹ suites 0
ℹ pass 451
ℹ fail 2
ℹ cancelled 0
ℹ skipped 0
ℹ todo 0
ℹ duration_ms 454283.3176

✖ failing tests:

test at tests\catalogue-wave-5a-continuation.test.js:6:1
✖ official fixed restaurant portion requires explicit matching evidence and grants no conversion (35.633ms)
  AssertionError [ERR_ASSERTION]: Expected values to be strictly deep-equal:
  + actual - expected
  
  + []
  - [
  -   'drink'
  - ]
  
      at TestContext.<anonymous> (C:\Users\mlwes\OneDrive\Documents\HEC Development\Healthy_Eating_Companion_Founder_Trial_Alpha_0_6_32\tests\catalogue-wave-5a-continuation.test.js:6:968)
      at Test.runInAsyncScope (node:async_hooks:227:14)
      at Test.run (node:internal/test_runner/test:1382:25)
      at Test.processPendingSubtests (node:internal/test_runner/test:960:18)
      at Test.postRun (node:internal/test_runner/test:1522:19)
      at Test.run (node:internal/test_runner/test:1447:12)
      at async Test.processPendingSubtests (node:internal/test_runner/test:960:7) {
    generatedMessage: true,
    code: 'ERR_ASSERTION',
    actual: [],
    expected: [ 'drink' ],
    operator: 'deepStrictEqual',
    diff: 'simple'
  }

test at tests\live-prefix-alphabetical.test.js:12:1
✖ alphabetical live phone flow, query ownership and accepted product guards (60402.2163ms)
  locator.waitFor: Timeout 30000ms exceeded.
  Call log:
  [2m  - waiting for locator('#home.active') to be visible[22m
  
      at Object.run (C:\Users\mlwes\OneDrive\Documents\HEC Development\Healthy_Eating_Companion_Founder_Trial_Alpha_0_6_32\scripts\audit_live_prefix_alphabetical_edge.js:23:120)
      at async TestContext.<anonymous> (C:\Users\mlwes\OneDrive\Documents\HEC Development\Healthy_Eating_Companion_Founder_Trial_Alpha_0_6_32\tests\live-prefix-alphabetical.test.js:12:109) {
    name: 'TimeoutError',
    log: [ "  - waiting for locator('#home.active') to be visible" ]
  }
