✔ frozen pool is pinned and the reviewed projection rebuilds byte-identically (1679.5072ms)
✔ retailers register once in the established deterministic order (122.9691ms)
✔ directory counts and All Items are deterministic and lazy (179.9586ms)
✔ every retained first-wave record preserves Australia-only community evidence, source brand and attribution (114.1352ms)
✔ all 705 retained exclusions and lexical rejects remain outside the production index (66.1195ms)
✔ community provenance cannot be fabricated from names, brand, partial store text, foreign country or missing pins (68.3913ms)
✔ tampered hydrated community evidence fails closed (141.0347ms)
✔ guided bread is limited to its approved Aldi concept (120.1931ms)
✔ guided yoghurt is limited to its approved Aldi concept (94.1542ms)
✔ guided cheese is limited to its approved Aldi concept (106.6308ms)
✔ guided cereal is limited to its approved Aldi concept (79.1005ms)
✔ retailer-aware Aldi bread uses the food concept even without bread in the source title (76.4378ms)
✔ cancellation clears Aldi ownership and preserves generic Bread intent (62.0095ms)
✔ all 20 existing protected OFF GTIN records merge compatibly without changing brand or nutrition (338.1709ms)
✔ incompatible same-GTIN identity remains blocked through repeated canonicalisation (85.8713ms)
✔ bread slices preserves identity, amount conversion and one final Review (83.5432ms)
✔ liquid Pepsi preserves identity, amount conversion and one final Review (62.8951ms)
✔ gram cheese preserves identity, amount conversion and one final Review (78.3247ms)
✔ muesli serve preserves identity, amount conversion and one final Review (85.3427ms)
✔ gram yoghurt preserves identity, amount conversion and one final Review (88.8427ms)
✔ unknown values stay unknown; explicit water zeroes remain zero; packs never create count measures (72.0105ms)
✔ bounded Woolworths and Coles regressions retain their roots and accepted catalogues (119.7936ms)
✔ submitted retailer product filter keeps approved concept evidence across either merge order (99.0593ms)
✔ shared concept source choices expose covered retailers without altering generic-only concepts (71.5499ms)
✔ retailer search uses registered food-concept aliases before title matching (85.0114ms)
