✔ frozen pool is pinned and the reviewed projection rebuilds byte-identically (1441.1544ms)
✔ retailers register once in the established deterministic order (149.0684ms)
✔ directory counts and All Items are deterministic and lazy (175.2006ms)
✔ every retained first-wave record preserves Australia-only community evidence, source brand and attribution (97.0522ms)
✔ all 705 retained exclusions and lexical rejects remain outside the production index (66.2984ms)
✔ community provenance cannot be fabricated from names, brand, partial store text, foreign country or missing pins (60.7655ms)
✔ tampered hydrated community evidence fails closed (121.5193ms)
✔ guided bread is limited to its approved Aldi concept (81.2897ms)
✔ guided yoghurt is limited to its approved Aldi concept (77.1879ms)
✔ guided cheese is limited to its approved Aldi concept (100.3664ms)
✔ guided cereal is limited to its approved Aldi concept (79.8979ms)
✔ retailer-aware Aldi bread uses the food concept even without bread in the source title (73.9564ms)
✔ cancellation clears Aldi ownership and preserves generic Bread intent (61.2803ms)
✔ all 20 existing protected OFF GTIN records merge compatibly without changing brand or nutrition (284.7886ms)
✔ incompatible same-GTIN identity remains blocked through repeated canonicalisation (73.1278ms)
✔ bread slices preserves identity, amount conversion and one final Review (67.0706ms)
✔ liquid Pepsi preserves identity, amount conversion and one final Review (64.8383ms)
✔ gram cheese preserves identity, amount conversion and one final Review (66.8072ms)
✔ muesli serve preserves identity, amount conversion and one final Review (61.9848ms)
✔ gram yoghurt preserves identity, amount conversion and one final Review (60.5822ms)
✔ unknown values stay unknown; explicit water zeroes remain zero; packs never create count measures (69.5728ms)
✔ bounded Woolworths and Coles regressions retain their roots and accepted catalogues (134.1314ms)
✔ submitted retailer product filter keeps approved concept evidence across either merge order (96.8892ms)
✔ shared concept source choices expose covered retailers without altering generic-only concepts (59.9264ms)
✔ retailer search uses registered food-concept aliases before title matching (96.7806ms)
✔ all admitted expansion identities are unique, loggable, attributable, and retain public release review (5781.404ms)
✔ unknown OFF nutrients stay absent and qualified official panel values are never invented as zero (706.0675ms)
✔ every expanded retailer page has actual evidence and no duplicate canonical choices (3056.9935ms)
✔ multi-market explicit Australia store evidence is accepted; a foreign-only or fabricated store claim is rejected (1.8998ms)
✔ manufacturer catalogue identities without GTIN are admitted only by canonical identity (10.5034ms)
✔ all preserved accepted brand identities remain admitted exactly once (75.2284ms)
✔ new regional identity holds and ingredient-only family mentions stay out of unrelated categories (255.07ms)
✔ new manufacturer products without a known barcode do not display a literal null barcode (14.9287ms)
✔ category coverage never acts as an admission cap for otherwise eligible foods (66.6917ms)
✔ 1. exact barcode intent resolves one product (522.26ms)
✔ 2. exact product intent requires a defensible product identity (0.3136ms)
✔ 3. consumer brand intent comes from the brand index (0.1714ms)
✔ 4. brand plus product intent is composed before ranking (0.1634ms)
✔ 5. generic category intent comes from category intelligence (0.1367ms)
✔ 6. broad fallback remains available (0.1943ms)
✔ 7. no confident match is explicit (0.1409ms)
✔ 8. brand spaces normalise generically (0.1327ms)
✔ 9. brand punctuation is ignored by the generic key (0.236ms)
✔ 10. apostrophes normalise generically (0.2594ms)
✔ 11. case normalises generically (1.8544ms)
✔ 12. company/source text is not consumer-brand membership (0.531ms)
✔ 13. exact product-name field outranks weak text (0.4834ms)
✔ 14. Australian catalogue source outranks broad online fallback (0.1227ms)
✔ 15. category membership is grouped ahead of incidental text (0.1413ms)
✔ 16. adding product words restricts a recognised brand (0.0833ms)
✔ 17. online federation does not mutate local order (1.9109ms)
✔ 18. query progression reports meaningful refinement (0.1971ms)
✔ 19. brand reference is navigation-only (0.1198ms)
✔ 20. barcode-only identity is not exact eligible (0.0994ms)
✔ 21. all-uppercase source labels receive readable capitalization (0.1662ms)
✔ 22. exact GTIN deduplication is conservative (6.2839ms)
✔ 23. real variants with different GTINs remain separate (0.1889ms)
✔ 24. brand enters the one guided engine (14.5278ms)
✔ 25. a weak large-brand category facet falls back to product pagination (228.5193ms)
✔ 26. manageable data-derived variants present concrete products (2.0028ms)
✔ 27. only facets that divide candidates are asked (0.9923ms)
✔ 28. Back recomputes from identity answers (5.3569ms)
✔ 29. upstream identity change clears amount state (9.4573ms)
✔ 30. liquid profile uses mL (2.1008ms)
✔ 31. liquid profile offers an Australian 250 mL cup (1.4313ms)
✔ 32. spread profile uses grams (1.4763ms)
✔ 33. spread retains an explicit compatible manufacturer serve (1.3818ms)
✔ 34. trusted generic spread teaspoon uses the existing HEC 5 g conversion (1.7266ms)
✔ 35. an explicit package teaspoon count is allowed (1.9379ms)
✔ 36. countable package derives a piece measure (2.9331ms)
✔ 37. custom decimal amount scales after measure (5.0453ms)
✔ 38. package size is not selected consumption (2.7291ms)
✔ 39. nutrition basis is not selected consumption (1.7677ms)
✔ 40. conflicting kcal and kJ are normalised from one source (0.1492ms)
✔ 41. one basis factor scales kcal and kJ together (0.0965ms)
✔ 42. missing nutrient remains unknown (0.0834ms)
✔ 43. energy conflict downgrades integrity (0.12ms)
✔ 44. missing macros produce partial nutrition (0.0902ms)
✔ 45. identity-only product is blocked safely (0.3859ms)
✔ 46. real Flora brand universe remains 30 products (0.1532ms)
✔ 47. real Meadow Lea variants share one brand and omit the reference as exact (1.0975ms)
✔ 48. real Milk ranks plain identity/category members first (0.2666ms)
✔ 49. real Pauls excludes similar unrelated brands (0.4742ms)
✔ 50. real Trim Milk keeps both Australian candidates (0.6663ms)
✔ 51. Pauls Trim Milk restricts within Pauls (0.2618ms)
✔ 52. Big Mac authoritative source remains present (1.3092ms)
✔ 53. Large McDonald’s Fries remains present (0.6224ms)
✔ 54. Hotcakes complete-meal rule remains present (0.5174ms)
✔ 55. Bunnings natural item remains present (3.6517ms)
✔ 56. Chiko canonical dedup remains one display row (0.7433ms)
✔ 57. generic Fries routing remains preserved (1.3621ms)
✔ 58. Weight foundation remains loaded (1.8784ms)
✔ 59. focused keyboard handler preserves the caret (8.4675ms)
✔ 60. all 73,300 committed products remain indexed (0.1948ms)
✔ 61. product shards remain lazy rather than startup-preloaded (1.3539ms)
✔ 62. broader online remains a weaker source tier (0.2709ms)
✔ 63. exact catalogue product taps enter the shared guide (3.561ms)
✔ 64. serving UI asks measure then amount clearly (5.9147ms)
✔ 65. architecture audit answers all ten requirements YES (9.8066ms)
✔ 66. punctuation-heavy single-brand products use the derived exact-name index (0.2222ms)
✔ 1. delayed online arrivals never reorder or replace the local Trim Milk snapshot (25.7059ms)
✔ 2. a stale Trim mil response is rejected after Trim milk becomes active (12.7383ms)
✔ 3. continuing the exact query preserves its revision and immutable local result (3.2244ms)
✔ 4. every changed raw query receives a monotonic revision (0.5356ms)
✔ 5. weak names cannot become exact while meaningful peer identities exist (3.04ms)
✔ 6. barcode-known identity remains incomplete rather than exact (11.7019ms)
✔ 7. brand references remain navigation-only (0.4253ms)
✔ 8. small and medium sets use direct concrete products (33.5249ms)
✔ 9. a balanced shopper-facing facet is accepted only for a genuinely large set (51.974ms)
✔ 10. broad taxonomy noise is rejected and large results paginate real products (141.2804ms)
✔ 11. unspecified spread keeps grams without borrowed household measures (32.6278ms)
✔ 12. liquid milk keeps arbitrary mL and the Australian 250 mL cup (13.5262ms)
✔ 13. production online append updates only the broader surface (0.4978ms)
✔ 14. production large-search awaits are guarded by token, revision and current input (0.498ms)
✔ 15. weak online shells are excluded from exact-product selection (1.0726ms)
✔ 16. recovery production modules contain no named-brand resolver branches (5.6892ms)
✔ 17. mobile safeguards retain bounded choices, stable caret and unresolved-action suppression (6.1578ms)
✔ 18. catalogue manifest remains the approved production-scale snapshot (0.2001ms)
✔ 39 distinct candidates obey all four ceilings and dispositions reconcile without fabricated admissions (5.8223ms)
✔ all retained Coles exclusions remain excluded with exact nutrition and serving facts (898.443ms)
✔ all reviewed category moves preserve identity, nutrition, unknowns, serving and provenance (1255.3817ms)
✔ shared product-head rules are retailer-neutral and reject compounds and ambiguous fragments (0.7322ms)
✔ Coles/Woolworths/Aldi counts, category deltas and every moved house identity reconcile (1530.7126ms)
✔ independent McCain discovery improves the existing global canonical record without ownership or nutrition substitution (511.2689ms)
✔ thin-family and second independent discovery holds never create substitute canonical identities (5.1279ms)
✔ accepted Woolworths vegetables and Campbell stock retain exact logged energy and missing fibre (704.6968ms)
✔ every changed global category has whole-product evidence and retains index/shard parity (1116.795ms)
✔ protected OFF, restaurant, reference and deployment payloads remain byte-for-byte unchanged (960.263ms)
✔ all catalogue projections reproduce byte-for-byte and retain the complete evidence groups (23027.7453ms)
✔ 39 enrolled identities resolve uniquely and category moves are subsets of improvements (1.1992ms)
✔ 15 retained holds and four deferrals stay out of normal admission (326.712ms)
✔ exact package GTINs complete existing identities without collapsing other milk or vegetable formulations (10.3784ms)
✔ two package-evidenced Aldi trademarks enter house browse, independent Pepsi stays global (29.8244ms)
✔ unknown fibre, true printed zero, preparation and human measures survive a complete review flow (20.105ms)
✔ shared fallback semantics handle product forms and reject ingredient/flavour/compound traps (0.7277ms)
✔ all three retailer totals and each cross-retailer category consequence reconcile (1462.1971ms)
✔ all moved existing products retain exact identity, nutrients, measures and ownership (911.993ms)
✔ new exact brand products are globally reachable and every index entry matches its shard (946.4728ms)
✔ all protected source payloads are unchanged (1576.9407ms)
✔ 32 distinct reviews reconcile; improvements and category changes are not new identities (1.1793ms)
✔ all official banners and forgiving voice/text aliases resolve to one IGA root (28.2875ms)
✔ IGA browse contains exactly eight private-label identities in six categories and two families (6.6222ms)
✔ store evidence survives canonicalisation without national stock or ownership leakage (5.3156ms)
✔ new relationship cannot override consumer brand, AU scope or exact product evidence (2.629ms)
✔ existing nutrition, unknowns, serving basis and measures are byte-equivalent facts (34.7296ms)
✔ same GTIN pack and formulation conflicts remain blocked with new retailer evidence (5.566ms)
✔ three category improvements use whole-product rules for every retailer and reject flavour traps (1.7791ms)
✔ global index reuses every canonical identity and matches IGA projection (259.3243ms)
✔ all previous retailer identities, categories, nutrient and serving facts remain unchanged (1582.9108ms)
✔ frozen OFF, AFCD/AUSNUT, restaurants and unrelated retailer payloads remain unchanged (602.6928ms)
✔ IGA builder and all index hashes regenerate deterministically (230.3527ms)
✔ hungry-jacks-au Biscoff Shake Small retains evidenced portion and eligibility (221.6409ms)
✔ hungry-jacks-au Pistachio Shake Small retains evidenced portion and eligibility (136.3009ms)
✔ hungry-jacks-au Tea Black Small retains evidenced portion and eligibility (121.3234ms)
✔ hungry-jacks-au Hash Brown retains evidenced portion and eligibility (118.5822ms)
✔ hungry-jacks-au Whopper retains evidenced portion and eligibility (139.1348ms)
✔ hungry-jacks-au Whopper Value Meal Small retains evidenced portion and eligibility (113.1131ms)
✔ mcdonalds-au Medium Coca-Cola retains evidenced portion and eligibility (104.7686ms)
✔ mcdonalds-au Small Cappuccino retains evidenced portion and eligibility (101.3165ms)
✖ mcdonalds-au Big Mac retains evidenced portion and eligibility (109.6916ms)
✔ mcdonalds-au Hash Brown retains evidenced portion and eligibility (95.535ms)
✔ mcdonalds-au McSmart Meal retains evidenced portion and eligibility (103.995ms)
✔ kfc-au Large Pepsi retains evidenced portion and eligibility (114.8806ms)
✔ kfc-au 3 Wicked Wings retains evidenced portion and eligibility (103.2289ms)
✔ kfc-au 6 Wicked Wings retains evidenced portion and eligibility (147.9077ms)
✔ kfc-au 10 Wicked Wings retains evidenced portion and eligibility (249.4598ms)
✔ kfc-au Zinger Burger retains evidenced portion and eligibility (145.6894ms)
✔ kfc-au 3 Wicked Wings Combo retains evidenced portion and eligibility (154.2104ms)
✖ official fixed restaurant portion requires explicit matching evidence and grants no conversion (48.1956ms)
✔ restaurant semantic families retain every meaningful sibling and configurable detail (440.391ms)
✔ shortlist bounds are context specific; family decisions are never blindly cut at 24 (0.8173ms)
✔ compound food guards preserve buns, soup, pickles and ambiguous chicken chips (1.6907ms)
✔ 1. bare Hash Brown has a reusable generic concept (3.8754ms)
✔ 2. submitted bare generic search ranks the generic concept first (39.046ms)
✔ 3. solid identity quarantines an incompatible source mL measure (14.911ms)
✔ 3a. generic concept metadata outranks malformed source volume inference (4.3751ms)
✔ 4. composite generic source plan keeps four canonical paths separate (4.3683ms)
✔ 5. purchased frozen and home-prepared are never one guided state (0.7028ms)
✔ 6. answer history wraps readable labels at phone width (0.8938ms)
✔ 7. main food search exposes semantic form and visible submit control (0.5036ms)
✔ 8. deliberate measure selection focuses the newly rendered amount field (1.2028ms)
✔ 9. written variant count resolves like a digit without multiplying consumption (1.3456ms)
✔ 10. consumed quantity remains separate from a counted product variant (1.2677ms)
✔ 11. unfinished prefixes cannot claim the best-match slot (8.3573ms)
✔ 12. a strong complete exact product submission leads with Best match (4.8531ms)
✔ 13. simple whole foods can skip source branching (0.3192ms)
✔ 14. submitted groups are immutable snapshots (7.1076ms)
✔ 15. stale asynchronous work loses ownership after a new preview (1.0202ms)
✔ 16. decimal, common fraction and written mixed quantities share one parser (1.1326ms)
✔ 17. quantity may follow the food phrase and dozen is explicit (0.5521ms)
✔ 18. an exact product-name count is identity metadata, not consumption (0.6146ms)
✔ 19. exact candidate context separates prefixed consumed count and variant count (0.3461ms)
✔ 20. explicit solid form wins over a malformed source volume (1.4988ms)
✔ 21. liquid, spread and sliced forms retain compatible measure families (2.5335ms)
✔ 22. source plans expose stable route metadata (0.5743ms)
✔ 23. ordinary technical source questions provide a Not Sure path (0.3228ms)
✔ 24. the controller records universal destination, source and preparation state (1.3926ms)
✔ 25. search and amount controls retain visible touch-sized responsive rules (0.5126ms)
✔ 26. supplied generic source words keep a generic route and mark it direct (1.987ms)
✔ 27. delayed online results append a labelled group without reordering primary results (7.4268ms)
✔ 28. committed universal results guard the legacy asynchronous renderer (1.8039ms)
✔ 29. online completion appends its group without replacing primary result nodes (1.2446ms)
✔ 30. repeated legacy render requests preserve the owned committed surface (1.576ms)
✔ 31. pointer activation survives a legacy focus render without making scroll gestures select (2.1798ms)
✔ 32. valid custom decimal amounts stay exact in the review label (3.483ms)
✔ 33. amount typing and quick amounts update one live nutrition preview (1.6595ms)
✔ 34. simple whole foods bypass source branching instead of opening an empty chooser (1.2685ms)
✖ 35. exact result rows expose central addability status (3.0611ms)
✔ 36. fraction words in an exact product name remain identity language (0.5956ms)
✔ 37. packaged catalogue arrivals append inside the owned packaged branch (0.9962ms)
ℹ tests 210
ℹ suites 0
ℹ pass 207
ℹ fail 3
ℹ cancelled 0
ℹ skipped 0
ℹ todo 0
ℹ duration_ms 65194.1279

✖ failing tests:

test at tests\catalogue-wave-5a-continuation.test.js:5:54
✖ mcdonalds-au Big Mac retains evidenced portion and eligibility (109.6916ms)
  AssertionError [ERR_ASSERTION]: Expected values to be strictly equal:
  + actual - expected
  
  + 'customisation-choice'
  - 'confirmation'
  
      at TestContext.<anonymous> (C:\Users\mlwes\OneDrive\Documents\HEC Development\Healthy_Eating_Companion_Founder_Trial_Alpha_0_6_32\tests\catalogue-wave-5a-continuation.test.js:5:759)
      at Test.runInAsyncScope (node:async_hooks:227:14)
      at Test.run (node:internal/test_runner/test:1382:25)
      at Test.processPendingSubtests (node:internal/test_runner/test:960:18)
      at Test.postRun (node:internal/test_runner/test:1522:19)
      at Test.run (node:internal/test_runner/test:1447:12)
      at async Test.processPendingSubtests (node:internal/test_runner/test:960:7) {
    generatedMessage: true,
    code: 'ERR_ASSERTION',
    actual: 'customisation-choice',
    expected: 'confirmation',
    operator: 'strictEqual',
    diff: 'simple'
  }

test at tests\catalogue-wave-5a-continuation.test.js:6:1
✖ official fixed restaurant portion requires explicit matching evidence and grants no conversion (48.1956ms)
  AssertionError [ERR_ASSERTION]: Expected values to be strictly equal:
  
  1 !== 0
  
      at TestContext.<anonymous> (C:\Users\mlwes\OneDrive\Documents\HEC Development\Healthy_Eating_Companion_Founder_Trial_Alpha_0_6_32\tests\catalogue-wave-5a-continuation.test.js:6:869)
      at Test.runInAsyncScope (node:async_hooks:227:14)
      at Test.run (node:internal/test_runner/test:1382:25)
      at Test.processPendingSubtests (node:internal/test_runner/test:960:18)
      at Test.postRun (node:internal/test_runner/test:1522:19)
      at Test.run (node:internal/test_runner/test:1447:12)
      at async Test.processPendingSubtests (node:internal/test_runner/test:960:7) {
    generatedMessage: true,
    code: 'ERR_ASSERTION',
    actual: 1,
    expected: 0,
    operator: 'strictEqual',
    diff: 'simple'
  }

test at tests\universal-food-search-source-branching.test.js:253:1
✖ 35. exact result rows expose central addability status (3.0611ms)
  AssertionError [ERR_ASSERTION]: The input did not match the regular expression /data-eligibility-detail/. Input:
  
  '(() => {\n' +
    '"use strict";\n' +
    '\n' +
    'const APP = window.HEC_APP;\n' +
    'if(!APP?.version)throw new Error("HEC canonical configuration was not loaded");\n' +
    'const ACTIVITY = window.HECActivity;\n' +
    'const WEIGHT_PROGRESS = window.HECWeightProgress;\n' +
    'const NUTRITION_TRENDS = window.HECNutritionTrends;\n' +
    'const CONVERSATION = window.HECConversationFoundation;\n' +
    'const GUIDED_PRODUCTS = window.HECGuidedProductResolution;\n' +
    'const FOOD_GROUPS = window.HECFoodGroups;\n' +
    'const ACTIVE_VERSION = APP.version;\n' +
    'const MAIN_KEY = APP.storageKey;\n' +
    'const EXT_KEY = APP.functionalStorageKey;\n' +
    'const LEGACY_EXT_KEYS = APP.legacyFunctionalKeys || [];\n' +
    'const RESET_RELOAD_SESSION_KEY = APP.resetSessionKey;\n' +
    'let resetInProgress = false;\n' +
    'const by = id => document.getElementById(id);\n' +
    'const q = selector => document.querySelector(selector);\n' +
    'const qa = selector => [...document.querySelectorAll(selector)];\n' +
    `const esc = value => String(value ?? "").replace(/[&<>\\"']/g, c => ({"&":"&amp;","<":"&lt;",">":"&gt;",'"':"&quot;","'":"&#39;"}[c]));\n` +
    'const n = value => Number(value) || 0;\n' +
    'const round1 = value => Math.round((Number(value) || 0) * 10) / 10;\n' +
    'const whole = value => Math.round(Number(value) || 0);\n' +
    'const isoToday = () => window.HECDate?.todayISO?.() || `${new Date().getFullYear()}-${String(new Date().getMonth()+1).padStart(2,"0")}-${String(new Date().getDate()).padStart(2,"0")}`;\n' +
    'const activeTimeZone = () => window.HECDate?.activeTimeZone?.() || Intl.DateTimeFormat().resolvedOptions().timeZone || "Australia/Brisbane";\n' +
    'const localClock = () => { const z=window.HECDate?.zonedParts?.() || {}; return `${String(z.hour ?? new Date().getHours()).padStart(2,"0")}:${String(z.minute ?? new Date().getMinutes()).padStart(2,"0")}`; };\n' +
    'const uid = prefix => window.HECMigrations?.createId?.(prefix) || `${prefix}-${Date.now().toString(36)}-${Math.random().toString(36).slice(2,8)}`;\n' +
    'const recordTimestamps = createdAt => {const updatedAt=new Date().toISOString();return {createdAt:createdAt||updatedAt,updatedAt};};\n' +
    'const clone = value => JSON.parse(JSON.stringify(value));\n' +
    'const formatDate = value => value ? new Intl.DateTimeFormat("en-AU", {weekday:"short", day:"numeric", month:"short", year:"numeric"}).format(new Date(value + "T12:00:00")).replace(",","") : "";\n' +
    'const formatNumber = (value, precise=false) => {\n' +
    '  const num = Number(value) || 0;\n' +
    '  if(precise && Math.abs(num) < 10 && !Number.isInteger(round1(num))) return round1(num).toFixed(1);\n' +
    '  return Math.round(num).toLocaleString("en-AU");\n' +
    '};\n' +
    "function availableValueText(value,unit=''){return value===null||value===undefined||value===''?'Not Available':`${formatNumber(value)}${unit?` ${unit}`:''}`;}\n" +
    'const normalise = value => String(value || "").toLowerCase().normalize("NFD").replace(/[\\u0300-\\u036f]/g,"").replace(/&/g," and ").replace(/[^a-z0-9]+/g," ").trim();\n' +
    'const mainData = () => {\n' +
    '  try { return JSON.parse(localStorage.getItem(MAIN_KEY)) || {}; } catch { return {}; }\n' +
    '};\n' +
    '\n' +
    'const NUTRIENT_KEYS = ["calories","protein","carbs","fat","satFat","fibre","sugar","addedSugar","freeSugar","sodium"];\n' +
    'const ZERO_NUTRIENTS = Object.fromEntries(NUTRIENT_KEYS.map(k => [k,0]));\n' +
    'const nutrient = (calories, protein, carbs, fat, satFat, fibre, sugar, sodium, extra={}) => ({calories,protein,carbs,fat,satFat,fibre,sugar,sodium,...extra});\n' +
    '\n' +
    'const FOODS = [\n' +
    '  {id:"weetbix-au",consumerFamilyIds:["weet-bix"],name:"Sanitarium Weet-Bix Original",brand:"Sanitarium",category:"Breakfast Cereals",country:"Australia",aliases:["weet bix","weetbix","weet-bix","wheat bix"],defaultAmount:2,defaultUnit:"biscuit",units:{biscuit:.5,serving:1,g:1/31},unitLabels:{biscuit:"biscuit",serving:"serving (2 biscuits)",g:"g"},serving:"2 biscuits (31 g)",nutrients:nutrient(110,3.8,20.4,.4,.1,4,.9,84,{potassium:113,iron:3}),score:8,source:"Verified From Australian Package Sample",verified:true,ingredients:"Wholegrain wheat, sugar, salt, barley malt extract, vitamins and minerals",allergens:["wheat","gluten"]},\n' +
    `  {id:"light-milk-au",name:"Australian Light Milk",brand:"Generic Australian Dairy",category:"Dairy & Eggs",country:"Australia",aliases:["light milk","lite milk","low fat milk","1 percent milk"],defaultAmount:200,defaultUnit:"mL",units:{mL:1/200,cup:1.25,serving:1},unitLabels:{mL:"mL",cup:"cup (250 mL)",serving:"serving (200 mL)"},serving:"200 mL",nutrients:nutrient(86,7,10,2.8,1.8,0,10,90,{calcium:240}),score:8,source:"Australian Generic Trial Record",verified:false,ingredients:"Reduced-fat cow's milk",allergens:["milk","dairy"]},\n` +
    '  {id:"baby-carrot",name:"Baby Snacking Carrot",brand:"Fresh Produce",category:"Fruit & Vegetables",country:"Australia",aliases:["baby carrot","snacking carrot","snackables carrot","snack ables carrot","carrot"],defaultAmount:31,defaultUnit:"g",units:{g:1/31,item:1},unitLabels:{g:"g",item:"small carrot (about 31 g)"},serving:"31 g",nutrients:nutrient(13,.3,3,.1,0,1,.7,21),score:9,source:"Australian Fresh Food Estimate",verified:false,ingredients:"Carrot",allergens:[]},\n' +
    '  {id:"banana",name:"Banana",brand:"Fresh Produce",category:"Fruit & Vegetables",country:"Australia",aliases:["banana","lady finger banana"],defaultAmount:1,defaultUnit:"item",units:{item:1,g:1/118},unitLabels:{item:"medium banana",g:"g"},serving:"1 medium banana (118 g)",nutrients:nutrient(105,1.3,27,.4,.1,3.1,14.4,1),score:8,source:"Australian Fresh Food Estimate",verified:false,ingredients:"Banana",allergens:[]},\n' +
    '  {id:"apple",name:"Apple",brand:"Fresh Produce",category:"Fruit & Vegetables",country:"Australia",aliases:["apple","pink lady","royal gala","granny smith"],defaultAmount:1,defaultUnit:"item",units:{item:1,g:1/182},unitLabels:{item:"medium apple",g:"g"},serving:"1 medium apple (182 g)",nutrients:nutrient(95,.5,25,.3,.1,4.4,19,2),score:8,source:"Australian Fresh Food Estimate",verified:false,ingredients:"Apple",allergens:[]},\n' +
    '  {id:"berries",name:"Mixed Berries",brand:"Fresh or Frozen",category:"Fruit & Vegetables",country:"Australia",aliases:["berries","mixed berries","strawberries","blueberries"],defaultAmount:100,defaultUnit:"g",units:{g:.01,cup:1.4,serving:1},unitLabels:{g:"g",cup:"cup",serving:"100 g serving"},serving:"100 g",nutrients:nutrient(50,.8,12,.4,.1,4.5,7,1),score:9,source:"Australian Fresh Food Estimate",verified:false,ingredients:"Mixed berries",allergens:[]},\n' +
    '  {id:"wholemeal-bread",name:"Wholemeal Bread",brand:"Generic Australian",category:"Bakery",country:"Australia",aliases:["wholemeal bread","whole wheat bread","brown bread","toast"],defaultAmount:1,defaultUnit:"slice",units:{slice:1,g:1/40},unitLabels:{slice:"slice (40 g)",g:"g"},serving:"1 slice (40 g)",nutrients:nutrient(95,4,16,1.4,.3,3,2,180),score:7,source:"Australian Generic Trial Record",verified:false,ingredients:"Wholemeal wheat flour, water, yeast, salt",allergens:["wheat","gluten"]},\n' +
    '  {id:"egg",name:"Egg",brand:"Australian Eggs",category:"Dairy & Eggs",country:"Australia",aliases:["egg","eggs","boiled egg","poached egg"],defaultAmount:1,defaultUnit:"item",units:{item:1,g:1/50},unitLabels:{item:"large egg",g:"g"},serving:"1 large egg (50 g)",nutrients:nutrient(72,6.3,.4,4.8,1.6,0,.2,71),score:8,source:"Australian Generic Trial Record",verified:false,ingredients:"Egg",allergens:["egg"]},\n' +
    '  {id:"chicken-breast",name:"Chicken Breast, Cooked",brand:"Fresh",category:"Meat & Seafood",country:"Australia",aliases:["chicken breast","grilled chicken","roast chicken"],defaultAmount:100,defaultUnit:"g",units:{g:.01,serving:1},unitLabels:{g:"g",serving:"100 g serving"},serving:"100 g",nutrients:nutrient(165,31,0,3.6,1,0,0,74),score:8,source:"Australian Generic Trial Record",verified:false,ingredients:"Chicken breast",allergens:[]},\n' +
    '  {id:"tuna",name:"Tuna in Springwater, Drained",brand:"Generic Australian",category:"Meat & Seafood",country:"Australia",aliases:["tuna","tinned tuna","canned tuna"],defaultAmount:95,defaultUnit:"g",units:{g:1/95,can:1,serving:1},unitLabels:{g:"g",can:"small can (95 g drained)",serving:"95 g serving"},serving:"95 g drained",nutrients:nutrient(100,22,0,1,.3,0,0,300),score:8,source:"Australian Generic Trial Record",verified:false,ingredients:"Tuna, springwater, salt",allergens:["fish"]},\n' +
    '  {id:"brown-rice",name:"Brown Rice, Cooked",brand:"Generic",category:"Pantry",country:"Australia",aliases:["brown rice","rice"],defaultAmount:150,defaultUnit:"g",units:{g:1/150,cup:1.3,serving:1},unitLabels:{g:"g",cup:"cup",serving:"150 g serving"},serving:"150 g",nutrients:nutrient(170,3.8,35,1.4,.3,2.4,.7,6),score:8,source:"Australian Generic Trial Record",verified:false,ingredients:"Brown rice",allergens:[]},\n' +
    '  {id:"potato",name:"Potato, Boiled",brand:"Fresh Produce",category:"Fruit & Vegetables",country:"Australia",aliases:["potato","boiled potato","spud"],defaultAmount:150,defaultUnit:"g",units:{g:1/150,item:1,serving:1},unitLabels:{g:"g",item:"medium potato",serving:"150 g serving"},serving:"150 g",nutrients:nutrient(116,3,26,.2,.1,2.7,1.2,10),score:8,source:"Australian Fresh Food Estimate",verified:false,ingredients:"Potato",allergens:[]},\n' +
    '  {id:"broccoli",name:"Broccoli, Steamed",brand:"Fresh Produce",category:"Fruit & Vegetables",country:"Australia",aliases:["broccoli","steamed broccoli"],defaultAmount:100,defaultUnit:"g",units:{g:.01,cup:1.5,serving:1},unitLabels:{g:"g",cup:"cup",serving:"100 g serving"},serving:"100 g",nutrients:nutrient(35,2.4,7,.4,.1,3.3,1.4,41),score:9,source:"Australian Fresh Food Estimate",verified:false,ingredients:"Broccoli",allergens:[]},\n' +
    '  {id:"salad",name:"Mixed Garden Salad",brand:"Fresh",category:"Fruit & Vegetables",country:"Australia",aliases:["salad","garden salad","mixed salad"],defaultAmount:150,defaultUnit:"g",units:{g:1/150,bowl:1,serving:1},unitLabels:{g:"g",bowl:"medium bowl",serving:"150 g serving"},serving:"150 g",nutrients:nutrient(60,2.5,10,1,0.2,4,5,70),score:9,source:"Australian Fresh Food Estimate",verified:false,ingredients:"Lettuce, tomato, cucumber, carrot; dressing not included",allergens:[]},\n' +
    '  {id:"avocado",name:"Avocado",brand:"Fresh Produce",category:"Fruit & Vegetables",country:"Australia",aliases:["avocado","avo"],defaultAmount:50,defaultUnit:"'... 686687 more characters
  
      at TestContext.<anonymous> (C:\Users\mlwes\OneDrive\Documents\HEC Development\Healthy_Eating_Companion_Founder_Trial_Alpha_0_6_32\tests\universal-food-search-source-branching.test.js:254:56)
      at Test.runInAsyncScope (node:async_hooks:227:14)
      at Test.run (node:internal/test_runner/test:1382:25)
      at Test.processPendingSubtests (node:internal/test_runner/test:960:18)
      at Test.postRun (node:internal/test_runner/test:1522:19)
      at Test.run (node:internal/test_runner/test:1447:12)
      at async Test.processPendingSubtests (node:internal/test_runner/test:960:7) {
    generatedMessage: true,
    code: 'ERR_ASSERTION',
    actual: '(() => {\n"use strict";\n\nconst APP = window.HEC_APP;\nif(!APP?.version)throw new Error("HEC canonical configuration was not loaded");\nconst ACTIVITY = window.HECActivity;\nconst WEIGHT_PROGRESS = window.HECWeightProgress;\nconst NUTRITION_TRENDS = window.HECNutritionTrends;\nconst CONVERSATION = window.HECConversationFoundation;\nconst GUIDED_PRODUCTS = window.HECGuidedProductResolution;\nconst FOOD_GROUPS = window.HECFoodGroups;\nconst ACTIVE_VERSION = APP.version;\nconst MAIN_KEY = APP.storageKey;\nconst EXT_KEY = APP.functionalStorageKey;\nconst LEGACY_EXT_KEYS = APP.legacyFunctionalKeys || [];\nconst RESET_RELOAD_SESSION_KEY = APP.resetSessionKey;\nlet resetInProgress = false;\nconst by = id => document.getElementById(id);\nconst q = selector => document.querySelector(selector);\nconst qa = selector => [...document.querySelectorAll(selector)];\nconst esc = value => String(value ?? "").replace(/[&<>\\"\']/g, c => ({"&":"&amp;","<":"&lt;",">":"&gt;",\'"\':"&quot;","\'":"&#39;"}[c]));\nconst n = value => Number(value) || 0;\nconst round1 = value => Math.round((Number(value) || 0) * 10) / 10;\nconst whole = value => Math.round(Number(value) || 0);\nconst isoToday = () => window.HECDate?.todayISO?.() || `${new Date().getFullYear()}-${String(new Date().getMonth()+1).padStart(2,"0")}-${String(new Date().getDate()).padStart(2,"0")}`;\nconst activeTimeZone = () => window.HECDate?.activeTimeZone?.() || Intl.DateTimeFormat().resolvedOptions().timeZone || "Australia/Brisbane";\nconst localClock = () => { const z=window.HECDate?.zonedParts?.() || {}; return `${String(z.hour ?? new Date().getHours()).padStart(2,"0")}:${String(z.minute ?? new Date().getMinutes()).padStart(2,"0")}`; };\nconst uid = prefix => window.HECMigrations?.createId?.(prefix) || `${prefix}-${Date.now().toString(36)}-${Math.random().toString(36).slice(2,8)}`;\nconst recordTimestamps = createdAt => {const updatedAt=new Date().toISOString();return {createdAt:createdAt||updatedAt,updatedAt};};\nconst clone = value => JSON.parse(JSON.stringify(value));\nconst formatDate = value => value ? new Intl.DateTimeFormat("en-AU", {weekday:"short", day:"numeric", month:"short", year:"numeric"}).format(new Date(value + "T12:00:00")).replace(",","") : "";\nconst formatNumber = (value, precise=false) => {\n  const num = Number(value) || 0;\n  if(precise && Math.abs(num) < 10 && !Number.isInteger(round1(num))) return round1(num).toFixed(1);\n  return Math.round(num).toLocaleString("en-AU");\n};\nfunction availableValueText(value,unit=\'\'){return value===null||value===undefined||value===\'\'?\'Not Available\':`${formatNumber(value)}${unit?` ${unit}`:\'\'}`;}\nconst normalise = value => String(value || "").toLowerCase().normalize("NFD").replace(/[\\u0300-\\u036f]/g,"").replace(/&/g," and ").replace(/[^a-z0-9]+/g," ").trim();\nconst mainData = () => {\n  try { return JSON.parse(localStorage.getItem(MAIN_KEY)) || {}; } catch { return {}; }\n};\n\nconst NUTRIENT_KEYS = ["calories","protein","carbs","fat","satFat","fibre","sugar","addedSugar","freeSugar","sodium"];\nconst ZERO_NUTRIENTS = Object.fromEntries(NUTRIENT_KEYS.map(k => [k,0]));\nconst nutrient = (calories, protein, carbs, fat, satFat, fibre, sugar, sodium, extra={}) => ({calories,protein,carbs,fat,satFat,fibre,sugar,sodium,...extra});\n\nconst FOODS = [\n  {id:"weetbix-au",consumerFamilyIds:["weet-bix"],name:"Sanitarium Weet-Bix Original",brand:"Sanitarium",category:"Breakfast Cereals",country:"Australia",aliases:["weet bix","weetbix","weet-bix","wheat bix"],defaultAmount:2,defaultUnit:"biscuit",units:{biscuit:.5,serving:1,g:1/31},unitLabels:{biscuit:"biscuit",serving:"serving (2 biscuits)",g:"g"},serving:"2 biscuits (31 g)",nutrients:nutrient(110,3.8,20.4,.4,.1,4,.9,84,{potassium:113,iron:3}),score:8,source:"Verified From Australian Package Sample",verified:true,ingredients:"Wholegrain wheat, sugar, salt, barley malt extract, vitamins and minerals",allergens:["wheat","gluten"]},\n  {id:"light-milk-au",name:"Australian Light Milk",brand:"Generic Australian Dairy",category:"Dairy & Eggs",country:"Australia",aliases:["light milk","lite milk","low fat milk","1 percent milk"],defaultAmount:200,defaultUnit:"mL",units:{mL:1/200,cup:1.25,serving:1},unitLabels:{mL:"mL",cup:"cup (250 mL)",serving:"serving (200 mL)"},serving:"200 mL",nutrients:nutrient(86,7,10,2.8,1.8,0,10,90,{calcium:240}),score:8,source:"Australian Generic Trial Record",verified:false,ingredients:"Reduced-fat cow\'s milk",allergens:["milk","dairy"]},\n  {id:"baby-carrot",name:"Baby Snacking Carrot",brand:"Fresh Produce",category:"Fruit & Vegetables",country:"Australia",aliases:["baby carrot","snacking carrot","snackables carrot","snack ables carrot","carrot"],defaultAmount:31,defaultUnit:"g",units:{g:1/31,item:1},unitLabels:{g:"g",item:"small carrot (about 31 g)"},serving:"31 g",nutrients:nutrient(13,.3,3,.1,0,1,.7,21),score:9,source:"Australian Fresh Food Estimate",verified:false,ingredients:"Carrot",allergens:[]},\n  {id:"banana",name:"Banana",brand:"Fresh Produce",category:"Fruit & Vegetables",country:"Australia",aliases:["banana","lady finger banana"],defaultAmount:1,defaultUnit:"item",units:{item:1,g:1/118},unitLabels:{item:"medium banana",g:"g"},serving:"1 medium banana (118 g)",nutrients:nutrient(105,1.3,27,.4,.1,3.1,14.4,1),score:8,source:"Australian Fresh Food Estimate",verified:false,ingredients:"Banana",allergens:[]},\n  {id:"apple",name:"Apple",brand:"Fresh Produce",category:"Fruit & Vegetables",country:"Australia",aliases:["apple","pink lady","royal gala","granny smith"],defaultAmount:1,defaultUnit:"item",units:{item:1,g:1/182},unitLabels:{item:"medium apple",g:"g"},serving:"1 medium apple (182 g)",nutrients:nutrient(95,.5,25,.3,.1,4.4,19,2),score:8,source:"Australian Fresh Food Estimate",verified:false,ingredients:"Apple",allergens:[]},\n  {id:"berries",name:"Mixed Berries",brand:"Fresh or Frozen",category:"Fruit & Vegetables",country:"Australia",aliases:["berries","mixed berries","strawberries","blueberries"],defaultAmount:100,defaultUnit:"g",units:{g:.01,cup:1.4,serving:1},unitLabels:{g:"g",cup:"cup",serving:"100 g serving"},serving:"100 g",nutrients:nutrient(50,.8,12,.4,.1,4.5,7,1),score:9,source:"Australian Fresh Food Estimate",verified:false,ingredients:"Mixed berries",allergens:[]},\n  {id:"wholemeal-bread",name:"Wholemeal Bread",brand:"Generic Australian",category:"Bakery",country:"Australia",aliases:["wholemeal bread","whole wheat bread","brown bread","toast"],defaultAmount:1,defaultUnit:"slice",units:{slice:1,g:1/40},unitLabels:{slice:"slice (40 g)",g:"g"},serving:"1 slice (40 g)",nutrients:nutrient(95,4,16,1.4,.3,3,2,180),score:7,source:"Australian Generic Trial Record",verified:false,ingredients:"Wholemeal wheat flour, water, yeast, salt",allergens:["wheat","gluten"]},\n  {id:"egg",name:"Egg",brand:"Australian Eggs",category:"Dairy & Eggs",country:"Australia",aliases:["egg","eggs","boiled egg","poached egg"],defaultAmount:1,defaultUnit:"item",units:{item:1,g:1/50},unitLabels:{item:"large egg",g:"g"},serving:"1 large egg (50 g)",nutrients:nutrient(72,6.3,.4,4.8,1.6,0,.2,71),score:8,source:"Australian Generic Trial Record",verified:false,ingredients:"Egg",allergens:["egg"]},\n  {id:"chicken-breast",name:"Chicken Breast, Cooked",brand:"Fresh",category:"Meat & Seafood",country:"Australia",aliases:["chicken breast","grilled chicken","roast chicken"],defaultAmount:100,defaultUnit:"g",units:{g:.01,serving:1},unitLabels:{g:"g",serving:"100 g serving"},serving:"100 g",nutrients:nutrient(165,31,0,3.6,1,0,0,74),score:8,source:"Australian Generic Trial Record",verified:false,ingredients:"Chicken breast",allergens:[]},\n  {id:"tuna",name:"Tuna in Springwater, Drained",brand:"Generic Australian",category:"Meat & Seafood",country:"Australia",aliases:["tuna","tinned tuna","canned tuna"],defaultAmount:95,defaultUnit:"g",units:{g:1/95,can:1,serving:1},unitLabels:{g:"g",can:"small can (95 g drained)",serving:"95 g serving"},serving:"95 g drained",nutrients:nutrient(100,22,0,1,.3,0,0,300),score:8,source:"Australian Generic Trial Record",verified:false,ingredients:"Tuna, springwater, salt",allergens:["fish"]},\n  {id:"brown-rice",name:"Brown Rice, Cooked",brand:"Generic",category:"Pantry",country:"Australia",aliases:["brown rice","rice"],defaultAmount:150,defaultUnit:"g",units:{g:1/150,cup:1.3,serving:1},unitLabels:{g:"g",cup:"cup",serving:"150 g serving"},serving:"150 g",nutrients:nutrient(170,3.8,35,1.4,.3,2.4,.7,6),score:8,source:"Australian Generic Trial Record",verified:false,ingredients:"Brown rice",allergens:[]},\n  {id:"potato",name:"Potato, Boiled",brand:"Fresh Produce",category:"Fruit & Vegetables",country:"Australia",aliases:["potato","boiled potato","spud"],defaultAmount:150,defaultUnit:"g",units:{g:1/150,item:1,serving:1},unitLabels:{g:"g",item:"medium potato",serving:"150 g serving"},serving:"150 g",nutrients:nutrient(116,3,26,.2,.1,2.7,1.2,10),score:8,source:"Australian Fresh Food Estimate",verified:false,ingredients:"Potato",allergens:[]},\n  {id:"broccoli",name:"Broccoli, Steamed",brand:"Fresh Produce",category:"Fruit & Vegetables",country:"Australia",aliases:["broccoli","steamed broccoli"],defaultAmount:100,defaultUnit:"g",units:{g:.01,cup:1.5,serving:1},unitLabels:{g:"g",cup:"cup",serving:"100 g serving"},serving:"100 g",nutrients:nutrient(35,2.4,7,.4,.1,3.3,1.4,41),score:9,source:"Australian Fresh Food Estimate",verified:false,ingredients:"Broccoli",allergens:[]},\n  {id:"salad",name:"Mixed Garden Salad",brand:"Fresh",category:"Fruit & Vegetables",country:"Australia",aliases:["salad","garden salad","mixed salad"],defaultAmount:150,defaultUnit:"g",units:{g:1/150,bowl:1,serving:1},unitLabels:{g:"g",bowl:"medium bowl",serving:"150 g serving"},serving:"150 g",nutrients:nutrient(60,2.5,10,1,0.2,4,5,70),score:9,source:"Australian Fresh Food Estimate",verified:false,ingredients:"Lettuce, tomato, cucumber, carrot; dressing not included",allergens:[]},\n  {id:"avocado",name:"Avocado",brand:"Fresh Produce",category:"Fruit & Vegetables",country:"Australia",aliases:["avocado","avo"],defaultAmount:50,defaultUnit:"'... 686687 more characters,
    expected: /data-eligibility-detail/,
    operator: 'match',
    diff: 'simple'
  }
