✔ canonical identity is stable across display renames and respects explicit source identity (1.7181ms)
✔ brand normalization handles punctuation, case and spacing without product-specific branches (10.9788ms)
✔ different GTINs, pack sizes and nutritional variants remain distinct (1.9365ms)
✔ same GTIN prefers sourced authority and preserves contradictory evidence (5.8321ms)
✔ equal-trust unresolved contradictions block logging rather than average (2.0201ms)
✔ a matching brand/name alone is insufficient cross-source identity proof (0.4646ms)
✔ retailer evidence and online candidates cannot masquerade as manufacturer verification (13.1819ms)
✔ unknown metadata remains unknown on canonical identity (4.5952ms)
✔ source checks detect impossible servings and nutrition contradictions (0.5204ms)
✔ canonical eligibility agrees across preview, submitted Search and restaurant branch (53.0946ms)
✔ legacy preview-only identities are excluded by the shared contract (1.4826ms)
✔ selecting a weak result cannot discard its contextual eligibility restriction (13.0649ms)
✔ query revisions discard all previous intent and reject asynchronous writes (2.5615ms)
✔ Australian-first brand results are bounded and contain only the resolved brand (6.0911ms)
✔ brand-only queries do not become a food concept inherited from cached products (8.3379ms)
✔ noisy indexed brands cannot capture generic facets or declared menu families (37.3427ms)
✔ spread evidence is gated by food form; an unknown spread gets no borrowed spoons (1.8635ms)
✔ Flora accepted measures, nutrition and canonical identity survive data migration (8.4089ms)
✔ legacy classification record precedes edits and obsolete production maps are removed (25.8088ms)
✔ pilot expansion has multiple source families and preserves qualified nutrient values (25.7144ms)
✔ shared quality preserves base, semantic groups, alphabetical references and bounds (249.9538ms)
✔ strong AU names and variants precede category-only foreign names despite brand diversity (50.8746ms)
✔ plain milk precedes a recognised flavoured restaurant product (6.8669ms)
✔ containing dishes cannot outrank direct identities through source or brand trust (19.7244ms)
✔ catalogue prevalence is distinct compatible AU records, cached per growing snapshot (9.947ms)
✔ committed Bread and Milk discovery replaces weak first-list probes and retains exact foreign products (3020.4394ms)
✔ every generated record passes identity, GTIN, AU, nutrition, conflicts and unknown preservation (11562.1402ms)
✔ all admitted source tokens meet reproducible tiers without merging companies or sub-brands (9246.9434ms)
✔ the wave adds no duplicate OFF identity and retains existing retailer evidence (1949.0833ms)
✔ known solids never gain liquid measures in the complete generated wave (1892.6937ms)
✔ brand plus exact product outranks lexical extensions and incomplete records never enter brand browse (251.8793ms)
✔ brand browse is bounded, category scoped, and all pages cover the complete brand (113.8508ms)
✔ generic food and retailer intent cannot become an exact-brand catalogue query (2.295ms)
✔ a complete indexed brand outranks a shorter registered brand prefix (14.706ms)
✔ concept Brand Name options contain accepted relevant products only (338.9342ms)
✔ source tokens allow secondary explicit brand membership without ownership inference (0.6777ms)
✔ cancelled asynchronous queries cannot hand off foods (4.5024ms)
✔ decorated brand sorting preserves the existing complete ranking order (197.1745ms)
✔ cached raw OFF rows cannot bypass audited brand admission (75.1671ms)
✔ representative real products retain one amount-to-Review conversion (25.769ms)
✔ actual directory controller preserves the entire index set despite loaded manufacturer and retailer records (75888.6767ms)
✔ failed generated shard loading cannot substitute a cached or manufacturer-only directory (13.3839ms)
✔ every generated brand directory has exactly its admitted identities across all pages and categories (22290.6761ms)
✔ priority counts, source spellings, Hash Browns membership and exact products remain admitted (64.7834ms)
✔ brand labels, manufacturer supplements and excluded raw products cannot grant generated-directory admission (1521.6786ms)
✔ retailer aliases reuse the admitted canonical GTIN without losing either membership (9.4573ms)
✔ fresh brand hydration resolves retailer authority, retains OFF evidence and uses canonical Review nutrition (56.48ms)
✔ audited brand generation is byte deterministic and committed outputs match (33897.9176ms)
✔ classification snapshots match uncached decisions after scalar and in-place category/source mutations (1461.7071ms)
✔ complete-record cache hits are identical, isolated, and invalidate every safety/ranking input (88.2734ms)
✔ hydrated OFF adapter records reuse unchanged decisions despite optional undefined metadata (476.7118ms)
✔ memoized and uncached addability agree across all 1922 admitted products (18461.7712ms)
✔ complete concept candidate groups, diagnostics and ranking match the uncached reference (39414.7477ms)
✔ serving normalization preserves the uncached text algorithm (69.9858ms)
✔ the established percentile is the maximum at 20 and index 47 at 50 (3.3077ms)
✔ all samples including a slow first search remain in arrival order (4.8527ms)
✔ generic median and p95 are independent inclusive gates, evaluated without rounding (0.987ms)
✔ cold check is separate, exactly one observation, and inclusive at 500 ms (10.7725ms)
✔ all other rendered operations retain their existing strict 250 ms p95 gate (2.1275ms)
✔ incomplete distributions, unknown operations and invalid durations cannot pass (2.4205ms)
✔ one failing independent run or cold check fails acceptance without averaging (1.0402ms)
✔ classification cache distinguishes category fields and invalidates edited identities (13.0135ms)
✔ indexed peer identity decisions equal the established scan for every admitted category (3790.934ms)
✔ indexed identity preserves duplicate labels, family shells and distinct GTIN exceptions (2.0349ms)
✔ missing source nutrients stay absent; explicit source zero remains zero (2.2505ms)
✔ whole source brand field and separate tokens are preserved without ownership inference (0.4186ms)
✔ simple punctuation normalization does not merge unrelated accents or parent labels (0.2065ms)
✔ unsupported source domains cannot enter through a secondary food tag (0.5041ms)
✔ category assignment requires explicit supported source category; name or brand is insufficient (0.6599ms)
✔ noise values are held rather than rewritten into a consumer brand (1.6153ms)
✔ ingredient suffixes cannot turn pizzas and pasta sauces into cheese (0.7398ms)
✔ contradictory serving quantities and mixed cheese identities are excluded (1.5227ms)
✔ cached online renderer and subsequent lookup retain conflict, retailer evidence and both packs (41.9187ms)
✔ product cache retains complete canonical evidence even when one competing source did not score (3.564ms)
✔ online canonical ranking retains score, Australian preference and name tie ordering (3.3372ms)
✔ federated and repeatedly canonicalised conflicts remain blocked through the cached UI (3.9509ms)
✔ legacy online result policy retains canonical legacy records and stable lookup (6.9577ms)
✔ independent source identities retain eligibility and ranking when weaker same-label rows arrive (74.9745ms)
✔ copies of one canonical identity cannot manufacture label ambiguity (2.0857ms)
✔ ambiguous labels within one source stay blocked and exact preview cannot bypass that decision (10.0127ms)
✔ independent sources do not make generic or unnamed records specific products (9.7594ms)
✔ shared GTIN conflict and source authority checks still control canonical merging (14.2437ms)
Chiko regression evidence: C:\Users\mlwes\AppData\Local\Temp\hec-chiko-regression-lcD1h5
✔ real production Chiko preview, hydrated Search and selection retain the accepted roll identity (14973.3521ms)
✔ automatic apostrophe products preserve display and canonical identity across matching variants (127.4701ms)
ℹ {"kind":"apostrophe","id":"off:9319133334670","brand":"Carman's","name":"Classic Fruit & Nut Muesli","canonicalId":"barcode:9319133334670","variants":3}
ℹ {"kind":"apostrophe","id":"off:9340156084976","brand":"Rafferty's Garden","name":"Summer fruits & quinoa","canonicalId":"barcode:9340156084976","variants":3}
✔ automatic typographic products preserve display and canonical identity across matching variants (107.0809ms)
ℹ {"kind":"typographic","id":"off:8711327638372","brand":"Ben & Jerry’s","name":"Chocolate Chip Cookie Dough 79g","canonicalId":"barcode:8711327638372","variants":4}
ℹ {"kind":"typographic","id":"off:8801083421179","brand":"Kellogg’s","name":"Rice Bubbles - Gluten Free","canonicalId":"barcode:8801083421179","variants":3}
✔ automatic hyphen products preserve display and canonical identity across matching variants (78.9182ms)
ℹ {"kind":"hyphen","id":"off:8801047168324","brand":"Dogani Seolleongtang - 도가니 설렁탕","name":"Cow Knee And Bone Soup","canonicalId":"barcode:8801047168324","variants":5}
ℹ {"kind":"hyphen","id":"off:3415581105360","brand":"Häagen-Dazs","name":"STRAWBERRIES & CREAM","canonicalId":"barcode:3415581105360","variants":7}
✔ automatic ampersand products preserve display and canonical identity across matching variants (78.1746ms)
ℹ {"kind":"ampersand","id":"off:9310375002495","brand":"Dimmies & Tinnies","name":"Chicken And Corn Dim Sim","canonicalId":"barcode:9310375002495","variants":2}
ℹ {"kind":"ampersand","id":"off:9300682100113","brand":"m&m's","name":"crunchy cookie m&m's - 11 pieces","canonicalId":"barcode:9300682100113","variants":4}
✔ automatic punctuationSpacing products preserve display and canonical identity across matching variants (87.2393ms)
ℹ {"kind":"punctuationSpacing","id":"off:2132780010318","brand":"Ready- Set... Cook!","name":"Boneless Butterfly Chicken Greek Style","canonicalId":"barcode:2132780010318","variants":5}
ℹ {"kind":"punctuationSpacing","id":"off:9337096101467","brand":"Well & Good","name":"Choc Chip Cookie Mix","canonicalId":"barcode:9337096101467","variants":2}
✔ all house-brand admissions reuse accepted canonical identity, brand, nutrition and measures (711.5698ms)
✔ official house-brand relationship is bound to both identities and AU product evidence (37.6238ms)
✔ every retailer root exposes only audited eligible house families once (2265.8197ms)
✔ direct house-brand search reaches the same canonical records without retailer brand replacement (528.9142ms)
✔ source spelling keys, legacy Select and unresolved candidate holds remain explicit (1672.1815ms)
✔ unknown nutrition stays unknown and natural measures do not change (130.7517ms)
✔ incomplete nutrition and same-GTIN conflicts never gain ordinary admission (2873.8063ms)
✔ protected McCain canonical alias and 75 g Review energy are unchanged (6.9997ms)
✔ family audit and admissions are hash-pinned with private-testing policy intact (24.9177ms)
✔ all accepted brand identity, panel and measure bytes match starting SOURCE (1250.8708ms)
✔ house-brand ingredient and use mentions cannot pollute concept narrowing (0.8885ms)
✔ explicit retailer and house-brand product requests preserve evidenced identity (24.3739ms)
✔ all admitted expansion identities are unique, loggable, attributable, and retain public release review (7769.3721ms)
✔ unknown OFF nutrients stay absent and qualified official panel values are never invented as zero (804.6995ms)
✔ every expanded retailer page has actual evidence and no duplicate canonical choices (3261.0463ms)
✔ multi-market explicit Australia store evidence is accepted; a foreign-only or fabricated store claim is rejected (1.7857ms)
✔ manufacturer catalogue identities without GTIN are admitted only by canonical identity (8.1924ms)
✔ all preserved accepted brand identities remain admitted exactly once (132.2245ms)
✔ new regional identity holds and ingredient-only family mentions stay out of unrelated categories (223.8339ms)
✔ new manufacturer products without a known barcode do not display a literal null barcode (10.2128ms)
✔ category coverage never acts as an admission cap for otherwise eligible foods (85.8399ms)
✔ 1. exact barcode intent resolves one product (627.1755ms)
✔ 2. exact product intent requires a defensible product identity (0.3595ms)
✔ 3. consumer brand intent comes from the brand index (0.1674ms)
✔ 4. brand plus product intent is composed before ranking (0.1653ms)
✔ 5. generic category intent comes from category intelligence (0.1607ms)
✔ 6. broad fallback remains available (0.2674ms)
✔ 7. no confident match is explicit (0.2145ms)
✔ 8. brand spaces normalise generically (0.1778ms)
✔ 9. brand punctuation is ignored by the generic key (0.2454ms)
✔ 10. apostrophes normalise generically (0.2676ms)
✔ 11. case normalises generically (1.4184ms)
✔ 12. company/source text is not consumer-brand membership (0.6765ms)
✔ 13. exact product-name field outranks weak text (0.5495ms)
✔ 14. Australian catalogue source outranks broad online fallback (0.1308ms)
✔ 15. category membership is grouped ahead of incidental text (0.1589ms)
✔ 16. adding product words restricts a recognised brand (0.0996ms)
✔ 17. online federation does not mutate local order (2.1253ms)
✔ 18. query progression reports meaningful refinement (0.321ms)
✔ 19. brand reference is navigation-only (0.2272ms)
✔ 20. barcode-only identity is not exact eligible (0.1649ms)
✔ 21. all-uppercase source labels receive readable capitalization (0.1459ms)
✔ 22. exact GTIN deduplication is conservative (7.233ms)
✔ 23. real variants with different GTINs remain separate (0.2144ms)
✔ 24. brand enters the one guided engine (15.5734ms)
✔ 25. a weak large-brand category facet falls back to product pagination (217.9807ms)
✔ 26. manageable data-derived variants present concrete products (1.6896ms)
✔ 27. only facets that divide candidates are asked (0.9392ms)
✔ 28. Back recomputes from identity answers (6.8792ms)
✔ 29. upstream identity change clears amount state (7.737ms)
✔ 30. liquid profile uses mL (2.4104ms)
✔ 31. liquid profile offers an Australian 250 mL cup (1.6582ms)
✔ 32. spread profile uses grams (1.7954ms)
✔ 33. spread retains an explicit compatible manufacturer serve (2.5823ms)
✔ 34. trusted generic spread teaspoon uses the existing HEC 5 g conversion (2.0145ms)
✔ 35. an explicit package teaspoon count is allowed (1.7265ms)
✔ 36. countable package derives a piece measure (1.315ms)
✔ 37. custom decimal amount scales after measure (3.72ms)
✔ 38. package size is not selected consumption (2.0085ms)
✔ 39. nutrition basis is not selected consumption (2.0773ms)
✔ 40. conflicting kcal and kJ are normalised from one source (0.1976ms)
✔ 41. one basis factor scales kcal and kJ together (0.135ms)
✔ 42. missing nutrient remains unknown (0.1133ms)
✔ 43. energy conflict downgrades integrity (0.1561ms)
✔ 44. missing macros produce partial nutrition (0.1215ms)
✔ 45. identity-only product is blocked safely (0.4064ms)
✔ 46. real Flora brand universe remains 30 products (0.3739ms)
✔ 47. real Meadow Lea variants share one brand and omit the reference as exact (2.0146ms)
✔ 48. real Milk ranks plain identity/category members first (0.3407ms)
✔ 49. real Pauls excludes similar unrelated brands (0.3572ms)
✔ 50. real Trim Milk keeps both Australian candidates (0.4079ms)
✔ 51. Pauls Trim Milk restricts within Pauls (0.1259ms)
✔ 52. Big Mac authoritative source remains present (0.9784ms)
✔ 53. Large McDonald’s Fries remains present (0.525ms)
✔ 54. Hotcakes complete-meal rule remains present (0.3744ms)
✔ 55. Bunnings natural item remains present (3.1237ms)
✔ 56. Chiko canonical dedup remains one display row (0.2909ms)
✔ 57. generic Fries routing remains preserved (1.0753ms)
✔ 58. Weight foundation remains loaded (0.8538ms)
✔ 59. focused keyboard handler preserves the caret (6.3076ms)
✔ 60. all 73,300 committed products remain indexed (0.2134ms)
✔ 61. product shards remain lazy rather than startup-preloaded (0.9919ms)
✔ 62. broader online remains a weaker source tier (0.1575ms)
✔ 63. exact catalogue product taps enter the shared guide (3.509ms)
✔ 64. serving UI asks measure then amount clearly (5.9224ms)
✔ 65. architecture audit answers all ten requirements YES (10.019ms)
✔ 66. punctuation-heavy single-brand products use the derived exact-name index (0.1663ms)
✔ 1. delayed online arrivals never reorder or replace the local Trim Milk snapshot (27.3014ms)
✔ 2. a stale Trim mil response is rejected after Trim milk becomes active (12.5029ms)
✔ 3. continuing the exact query preserves its revision and immutable local result (4.4617ms)
✔ 4. every changed raw query receives a monotonic revision (0.3833ms)
✔ 5. weak names cannot become exact while meaningful peer identities exist (2.0627ms)
✔ 6. barcode-known identity remains incomplete rather than exact (8.5747ms)
✔ 7. brand references remain navigation-only (0.3142ms)
✔ 8. small and medium sets use direct concrete products (25.0978ms)
✔ 9. a balanced shopper-facing facet is accepted only for a genuinely large set (42.6991ms)
✔ 10. broad taxonomy noise is rejected and large results paginate real products (124.8528ms)
✔ 11. unspecified spread keeps grams without borrowed household measures (25.3917ms)
✔ 12. liquid milk keeps arbitrary mL and the Australian 250 mL cup (13.4319ms)
✔ 13. production online append updates only the broader surface (1.1895ms)
✔ 14. production large-search awaits are guarded by token, revision and current input (1.7337ms)
✔ 15. weak online shells are excluded from exact-product selection (3.3949ms)
✔ 16. recovery production modules contain no named-brand resolver branches (10.8552ms)
✔ 17. mobile safeguards retain bounded choices, stable caret and unresolved-action suppression (2.1687ms)
✔ 18. catalogue manifest remains the approved production-scale snapshot (0.1865ms)
✔ ordinary supermarket browse is relationship-gated, current or uncertain, never sale or provenance alone (1348.5172ms)
✔ independent and legacy products retain useful global search and canonical identity (254.8744ms)
✔ retailer Brands navigation reaches Seasons Pride and Elmsbury, with category intersection (9.4591ms)
✔ compound foods outrank ingredient and broad cake tokens in projected categories and concepts (5.2732ms)
✔ Jewel/Gem aliases resolve one canonical product, preserve authentic names and exact branded intent (33.1966ms)
✔ all accepted source identity, nutrition, measure and evidence facts remain byte-equivalent (1688.0191ms)
✔ protected McCain review still resolves its canonical alias and accepted energy (2.7617ms)
✔ fixed manifest is bounded, canonical-distinct and all decisions reconcile (6.4996ms)
✔ all 15 existing restrictions survive fresh evidence and runtime hydration (621.4137ms)
✔ 24 Wave 1B corrections survive; Wave 2A accounts for later shared fallback changes (287.7145ms)
✔ shared category rules are retailer-neutral and reject misleading ingredients and forms (0.6683ms)
✔ stock and flavour cues never hijack chicken, while ordinary chicken remains compatible (2.7349ms)
✔ retailer concept queries retrieve evidenced families without lexical cereal in every title (73.1087ms)
✔ dry preparation words take precedence over beverage ancestry without changing prepared drinks (4.73ms)
✔ structured Australian savoury biscuits provide generic Crackers without admitting sweet biscuits (20.079ms)
✔ concepts with a source-context chooser cannot be pre-filtered to generic records (0.4483ms)
✔ new admissions have complete required nutrients and preserve unknown fibre (3.319ms)
✔ physical form and explicit serving support one amount handoff with no pack-derived units (13.5717ms)
✔ independent consumer brand and retailer presence remain separate throughout global hydration (237.8824ms)
✔ deferred candidates cannot gain a Wave 1B admission or bypass existing restrictions (0.3908ms)
✔ global index/shard hashes, canonical uniqueness and brand counts reconcile (1155.0856ms)
✔ new evidence cannot override a material same-GTIN identity or formulation conflict (19.0928ms)
✔ Woolworths outputs regenerate byte-for-byte offline without replacing source evidence (4653.8993ms)
✔ the standalone Woolworths builder check resolves its adapter dependency without a circular-export failure (2965.4914ms)
✔ 39 distinct candidates obey all four ceilings and dispositions reconcile without fabricated admissions (3.7377ms)
✔ all retained Coles exclusions remain excluded with exact nutrition and serving facts (772.9164ms)
✔ all reviewed category moves preserve identity, nutrition, unknowns, serving and provenance (954.3885ms)
✔ shared product-head rules are retailer-neutral and reject compounds and ambiguous fragments (1.702ms)
✔ Coles/Woolworths/Aldi counts, category deltas and every moved house identity reconcile (1428.5659ms)
✔ independent McCain discovery improves the existing global canonical record without ownership or nutrition substitution (365.2058ms)
✔ thin-family and second independent discovery holds never create substitute canonical identities (6.7715ms)
✔ accepted Woolworths vegetables and Campbell stock retain exact logged energy and missing fibre (463.6125ms)
✔ every changed global category has whole-product evidence and retains index/shard parity (1138.3974ms)
✔ protected OFF, restaurant, reference and deployment payloads remain byte-for-byte unchanged (1657.3165ms)
✔ all catalogue projections reproduce byte-for-byte and retain the complete evidence groups (24372.9372ms)
✔ all Coles source rows reproduce from pinned, attributable OFF bytes without changing the protected layer (2085.7528ms)
✔ reviewed collection directory is lazy, paged and excludes restricted rows (430.2989ms)
✔ guided Coles bread uses evidenced house families and separately retained retailer or collection relationships (320.1075ms)
✔ synthetic national-brand, missing-pin, foreign-source and wrong-record claims cannot enter the collection (252.9644ms)
✔ compatible same-GTIN OFF hydration retains one identity and the separate collection provenance (189.7945ms)
✔ synthetic compatible cross-retailer evidence keeps memberships separate and never manufactures Coles listing evidence (213.1593ms)
✔ synthetic same-GTIN brand/pack/form conflicts remain blocked after re-canonicalisation (224.5484ms)
✔ missing and conflicting real nutrition remains restricted; unknown optional nutrients stay unknown (246.2853ms)
✔ source natural bread slices and mL drink amounts retain one confirmation and unchanged nutrition (289.691ms)
✔ late Coles requests cannot replace Woolworths or generic query ownership (610.4036ms)
✔ changed hydrated collection evidence fails closed and cannot silently admit a different source (555.2135ms)
✔ generic intent and existing OFF identifiers remain unchanged (306.7782ms)
✔ base bread asks origin, then supported bread types (96.2609ms)
✔ compound bread identities cannot compete with ordinary bread (0.6603ms)
✔ whole meal spelling and supplied white/wholemeal facets agree (7.1128ms)
✔ quantity, food identity and supplied bread type remain separate (1.278ms)
✔ milk source is unresolved before cow, oat and other source choices (6.4424ms)
✔ milk compounds are excluded while genuine chocolate flavoured milk remains fluid milk (2.2904ms)
✔ plant source queries never acquire cow fat/lactose questions (8.5366ms)
✔ cow source and milk fat/lactose intent are preserved independently (3.6825ms)
✔ AFCD ingredient qualifiers cannot replace an egg or bread head concept (1.1862ms)
✔ plain cereal, cheese, chicken, apple and rice exclude containing foods (0.7196ms)
✔ specific confectionery and condiment categories outrank ingredient-like product names (0.7381ms)
✔ edited identity metadata invalidates classification and facet caches (0.5148ms)
✔ fresh apple is distinct from dried apple and whole eggs never acquire poultry measures (20.918ms)
✔ hash-brown identity supports plural and spacing without admitting composed dishes (0.6485ms)
✔ chips asks food class before preparation and distinguishes fries from crisps (6.2738ms)
✔ declared restaurant identities survive an unrelated same-title incomplete record (113.5711ms)
✔ exact product semantics beat a longer variant independently of product names and scores (7.0044ms)
✔ restaurant aliases and explicit counts retain distinct shared intent (168.5908ms)
✔ natural measure utility prioritises slices and fluid volumes without restoring rejected units (7.8616ms)
✔ thin/thick spread cannot acquire invented conversions (5.614ms)
✔ submitted generic diagnostics separate related concepts from equivalent identities (11.3284ms)
✔ bare family aliases do not pre-answer catch-all subtype facets (13.3604ms)
✔ yoghurt cannot inherit the nut ingredient standard serve (9.5462ms)
✔ non-adjacent chocolate egg names are confectionery (0.5092ms)
✔ brand and subtype inference separates bread from wraps using committed category evidence (0.8612ms)
✔ catalogue discovery expands declared alias inflections before concept filtering (1.0387ms)
✔ egg preparation preserves named methods and skips supplied cooking information (7.5984ms)
✔ current official snapshot has explicit source authority, freshness and reproducible hash (2.9434ms)
✔ protected 144 rows retain 126 identities and the reviewed supplement adds 22 across the same categories (1.3656ms)
✔ quality states are conservative and every active identity is reachable without duplicate results (0.5152ms)
✔ official kJ is retained and displayed kcal is explicitly derived without invented macros (0.3423ms)
✔ current component values win disclosed conflicts and standard burger extras stay optional (0.3552ms)
✔ shared editor variants add known official extras and block unknown-extra energy (4.2227ms)
✔ central semantics preserve burger, count, size, component and configurable identities (8.9515ms)
✔ source-only aliases, exact KFC intent and data-driven family choices use the shared resolver (179.3645ms)
✔ shared voice quantity semantics select counted identity once and scale natural servings correctly (23.6897ms)
✔ Diary snapshot keeps KFC identity, source priority and nutrition derivation immutable (1.1934ms)
✔ integrity, offline loading, legacy removal, responsive hub and refresh tooling contracts are present (196.4306ms)
✔ KFC and unrelated generic ranking stay lightweight at current scale (1280.5091ms)
✔ source identity, official references, refresh metadata and Founder-Trial licensing are explicit (2.5619ms)
✔ complete current catalogue has the reviewed 167-family classification and 211 runtime records (0.9929ms)
✔ all 17 official category surfaces and overlapping memberships are retained (2.0681ms)
✔ official per-serving and per-100 facts retain all published fields without inventing fibre or weight (0.5469ms)
✔ the 17 incomplete products are searchable but cannot enter Diary and contain no estimated energy (27.0872ms)
✔ eight configurable bundles use a future component-assembly model and never a fixed value (1.6609ms)
✔ McCafé families resolve to complete size children while incomplete families remain details-only (1.8061ms)
✔ Iced Chai defective source links are recorded and are not converted to latte size records (0.6599ms)
✔ promotional and explicitly limited-time classifications match the reviewed official surfaces (0.4712ms)
✔ source, punctuation and product aliases use the shared exact-first resolver (17.9327ms)
✔ every record uses its central semantic serving and none defaults to 1 g (5.9301ms)
✔ official fries sizes keep distinct servings and January 2026 source-backed nutrition (0.626ms)
✔ Diary snapshots preserve catalogue facts, variant identity and non-production licensing immutably (1.6859ms)
✔ refresh reconciliation retires removals and versions nutrition/detail changes without deletion (230.1682ms)
✔ current resolver excludes retired records while historical snapshots remain usable (22.2635ms)
✔ source catalogue uses the common resolver and all runtime dependencies are offline-cached in order (8.1388ms)
✔ AFCD, My Foods, Recent and recipes retain their established central paths (4.329ms)
✔ published source anomalies remain verbatim facts rather than silent corrections (0.26ms)
✔ official provenance is factual verification and never implies production reuse permission (0.402ms)
✔ program integrity report returns the reviewed totals with zero errors (28.133ms)
✔ UI contract keeps blocked products details-only and displays exact reasons and licensing (5.0696ms)
✔ 1. Flora uses trusted current Australian candidates as active tier one (175.7714ms)
✔ 2. Becel Classic is excluded from Flora active candidates (2.19ms)
✔ 3. generic Butter is excluded from Flora active candidates (1.4107ms)
✔ 4. foreign-language Flora is excluded while trusted Australian products exist (1.1905ms)
✔ 5. a brand-level Flora reference is excluded from exact choices (1.6931ms)
✔ 6. broader exact-brand products remain separate from active choices (1.7991ms)
✔ 7. company/source alias evidence is not consumer-brand membership (0.2877ms)
✔ 8. plain Flora orders the simpler exact identity first (0.7197ms)
✔ 9. Flora ProActiv query evidence narrows to ProActiv (15.9377ms)
✔ 10. Flora ProActiv Light resolves exact immediately (7.8112ms)
✔ 11. actual rendered Flora Light control follows the delegated click path (14.7659ms)
✔ 12. actual rendered Flora ProActiv Light control follows the delegated click path (10.2069ms)
✔ 13. rendered click works in focused mobile mode (6.7696ms)
✔ 14. rendered click works with the keyboard dismissed (7.0208ms)
✔ 15. stale choice IDs are rejected without changing the guide (3.5126ms)
✔ 16. guided choices are genuine type button controls (3.1625ms)
✔ 17. unresolved guide suppresses the floating global action (4.2982ms)
✔ 18. exact product is reached after a rendered tap (6.2163ms)
✔ 19. serving UI is absent before exact product and present after tap (4.7008ms)
✔ 20. rendered selection preserves destination date and meal (5.4398ms)
✔ 21. rendered Back returns from exact product to brand choices (7.8832ms)
✔ 22. changing product after Back clears downstream serving state (14.1803ms)
✔ 23. an active session candidate snapshot does not absorb later catalogue arrivals (5.9642ms)
✔ 24. rendered grams control accepts amount 5 through the selected-surface event path (12.8054ms)
✔ 25. rendered 5 g flow calculates about 18.5 Cal and hands directly to final Review (7.907ms)
✔ 26. one manufacturer serve calculates 37 Cal and hands directly to final Review (8.9258ms)
✔ 27. nutrition reference does not preselect consumption amount (2.3306ms)
✔ 28. exact Flora ProActiv Light skips the brand stage (2.4252ms)
✔ 29. product filtering now retains a selected canonical product (5.1386ms)
✔ 30. an invalid engine answer cannot enter the answer history (3.4313ms)
✔ 31. manageable synthetic families present concrete products (4.3438ms)
✔ 32. curated data contains the two current canonical Flora records (1.8839ms)
✔ 33. the repair contains no Flora-specific resolver branch (1.7873ms)
✔ 34. touch controls remain at least 48 px with manipulation semantics (0.4991ms)
✔ 35. nested arrow decoration cannot steal pointer targeting (0.4265ms)
✔ 36. compact mode retains one-column bounded choices (0.4793ms)
✔ 37. 390x844 keyboard model remains compact and usable (1.3032ms)
✔ 38. 390x520 dismissed keyboard model restores full mode (1.4278ms)
✔ 39. 430x932 reduced viewport follows the existing compact policy (0.8568ms)
✔ 40. the central handler rerenders exactly once after a valid product choice (0.8474ms)
✔ 41. actual 30-member Flora renders meaningful products and separates incomplete identities before review (26.2723ms)
✔ 42. actual Meadow Lea renders products without a mandatory taxonomy detour (5.5146ms)
✔ 43. Meadow, Meadow le and Meadow lea keep product-list-first rendered state (20.7422ms)
✔ 44. production controller carries generic Margarine teaspoon state directly into final Review (20.7253ms)
✔ 45. locked generic identity freezes the rendered surface against later arrivals (15.2947ms)
✔ 46. production controller renders generic Milk without a branded detour (32.1411ms)
✔ 47. production controller renders sliced Bread and its trusted regular-slice measure (30.7467ms)
✔ 1. brand-family query is not an exact product (13.8404ms)
✔ 2. exact product query resolves one canonical identity (31.1501ms)
✔ 3. manageable candidate sets present concrete products (4.7803ms)
✔ 4. known family words narrow the direct product list (3.4789ms)
✔ 5. choosing one canonical product reaches serving measure (6.7915ms)
✔ 6. back recomputes and permits a different concrete product (6.5591ms)
✔ 7. Flora enters family resolution (1.396ms)
✔ 8. Flora does not preselect 10 g (1.427ms)
✔ 9. Flora does not preselect 5 g (2.06ms)
✔ 10. generic Flora reference is not an exact consumable food (1.9841ms)
✔ 11. Flora ProActiv narrows without an unnecessary question (3.6206ms)
✔ 12. Flora ProActiv Light becomes one exact product (1.9664ms)
✔ 13. exact Flora then exposes serving stage (2.1637ms)
✔ 14. serving stage is separate from product results (1.2969ms)
✔ 15. 5 g can be chosen after exact identity (4.7906ms)
✔ 16. 10 g serving can be chosen after exact identity (3.9492ms)
✔ 17. Flora nutrition scales correctly (4.1034ms)
✔ 18. explicit Flora ProActiv Light 5 g skips resolved stages (3.1383ms)
✔ 19. one exact product does not appear once per serving basis (1.4123ms)
✔ 20. conflicting source nutrition stays attached for review without duplicate identity rows (0.4863ms)
✔ 21. Big Mac exact product bypasses grocery narrowing (3.5385ms)
✔ 22. two Big Macs preserves quantity two (3.5894ms)
✔ 23. McDonald’s fries presents the concrete size products directly (3.9017ms)
✔ 24. Large Macca’s Fries does not ask size again (4.0779ms)
✔ 25. MeadowLea-like family presents real products first (1.2675ms)
✔ 26. milk-like family selects a named product before serving (7.8177ms)
✔ 27. cereal-like family selects a named product and skips its sole measure (3.7144ms)
✔ 28. peanut-butter-like family presents named products (1.9927ms)
✔ 29. bread resolves a named identity before slice amount (2.6702ms)
✔ 30. yoghurt resolves a named identity before tub or grams (1.9075ms)
✔ 31. pack size is identity metadata and never automatic consumption (3.083ms)
✔ 32. nutrition reference serving is not automatic user amount (2.4668ms)
✔ 33. measure stage occurs only after exact identity (2.6582ms)
✔ 34. amount occurs after measure (2.3398ms)
✔ 35. invalid household measures are not offered (1.3833ms)
✔ 36. grams or mL fallback works only from a defensible per-100 basis (2.3242ms)
✔ 37. exact product plus quantity and destination reaches confirmation (2.3784ms)
✔ 38. brand-only voice-equivalent request enters guided resolution (1.1694ms)
✔ 39. brand exact variant and measure skips answered questions through the shared voice hook (6.0825ms)
✔ 40. Bunnings does not regain Vegetable Serve (3.0637ms)
✔ 41. Chiko remains deduplicated (0.6219ms)
✔ 42. Hotcakes remains complete meal ahead of syrup (0.4064ms)
✔ 43. generic Fries remains a 100 g reference (4.0552ms)
✔ 44. Flora ProActiv Light nutrition remains 37 Cal per 10 g serve (3.2698ms)
✔ 45. architecture audit separates all five required concepts (2.226ms)
✔ 46. module loads before alpha and is cached offline (1.6696ms)
✔ 47. UI presents identity, measure and amount before one final Review editor (2.2732ms)
✔ 48. responsive guided choices remain bounded at required mobile widths (0.7375ms)
✔ 49. guided UI exposes Back and Cancel without a trapped modal (1.4599ms)
✔ 50. scalability brands exist only in fixtures, not production resolution code (0.8891ms)
✔ Hungry Jack's exact identity, portion and Review: Hash Brown (64.0331ms)
✔ Hungry Jack's exact identity, portion and Review: Toastie Ham Cheese (15.7479ms)
✔ Hungry Jack's exact identity, portion and Review: Whopper (39.3805ms)
✔ Hungry Jack's exact identity, portion and Review: Whopper Double (10.1911ms)
✔ Hungry Jack's exact identity, portion and Review: Chicken Royale (10.8643ms)
✔ Hungry Jack's exact identity, portion and Review: JFC Saucy Tender Smoky Chipotle 3 x Pack (9.7794ms)
✔ Hungry Jack's exact identity, portion and Review: JFC Saucy Tender Smoky Chipotle 5 x Pack (7.9692ms)
✔ Hungry Jack's exact identity, portion and Review: Nugget 3 Pack (9.0693ms)
✔ Hungry Jack's exact identity, portion and Review: Nugget 6 Pack (8.7007ms)
✔ Hungry Jack's exact identity, portion and Review: Nugget 12 Pack (7.3499ms)
✔ Hungry Jack's exact identity, portion and Review: Chips Small (10.5025ms)
✔ Hungry Jack's exact identity, portion and Review: Chips Medium (9.215ms)
✔ Hungry Jack's exact identity, portion and Review: Chips Large (6.2852ms)
✔ Hungry Jack's exact identity, portion and Review: Biscoff Storm (9.7763ms)
✔ Hungry Jack's exact identity, portion and Review: Biscoff Shake Small (8.0225ms)
✔ the complete Hungry Jack’s catalogue satisfies the shared source and eligibility audit (908.2387ms)
✔ both restaurant spellings own the source and exact Whopper precedes longer variants (71.51ms)
✔ count and size families remain neutral until a specific variant is supplied (20.1735ms)
✔ conflicting pages and incomplete products cannot progress to ordinary logging (6.7949ms)
✔ configurable meals retain their separate identities without a fabricated default order (1.978ms)
✔ unclear PDF glyphs remain Details Only and old extraction stays available for history (9.4021ms)
✔ source category concepts generalise to unrelated restaurant names without accepting community claims (1.4003ms)
✔ embedded package counts never become consumed orders in an unrelated source (3.515ms)
✔ one-to-one description repairs preserve IDs and split count variants cannot reuse the ambiguous identity (1.804ms)
✔ raw tables retain wrapped product counts, blank top-product values and publication evidence (1.1965ms)
✔ Hungry Jack’s rendered mobile matrix reaches one Review and synthetic Diary (106939.212ms)
✔ historical storage address for Acorn is ASCII and identity remains exact (9.284ms)
✔ historical storage address for Ácorn is ASCII and identity remains exact (2.6545ms)
✔ historical storage address for Eclair is ASCII and identity remains exact (1.8841ms)
✔ historical storage address for Éclair is ASCII and identity remains exact (1.3181ms)
✔ historical storage address for Cote is ASCII and identity remains exact (1.636ms)
✔ historical storage address for Côte is ASCII and identity remains exact (1.6837ms)
✔ NFC/NFD input shares only the explicitly identified source entry (2.1751ms)
✔ Burgen approved storage addresses preserve family retrieval and fresh query ownership (4.5107ms)
✔ Häagen-Dazs approved storage addresses preserve family retrieval and fresh query ownership (1.5125ms)
✔ shorter accented prefixes use historical ASCII addresses without authorizing an alias (1.9778ms)
✔ a minimal single-product brand supports exact lookup without inventing a broader prefix match (2.636ms)
✔ unlisted intelligence prefix is an empty lookup without an asset request (1.6951ms)
✔ listed required intelligence shard failure propagates instead of becoming no matches (3.3494ms)
✔ routing classification keeps required assets strict and optional misses narrowly bounded (0.4396ms)
✔ a locally generated required-asset 502 is fatal but is not live fallthrough (4.5488ms)
✔ successful local responses satisfy strict accounting (3.9747ms)
✔ optional local 404 is counted separately and handled by production as an empty posting lookup (4.5494ms)
✔ an unhandled response or service-worker response remains fatal live fallthrough (0.6691ms)
✔ live ordinary candidates are alphabetic after dedupe and before either candidate/display truncation (21.8052ms)
✔ ordinary ordering ignores source insertion, length scores, usage and popularity (5.2017ms)
✔ Ban and Bac narrow the existing legitimate prefix candidates (2.3012ms)
✔ general rule preserves alias matching and normalized visible duplicates (2.2447ms)
✔ entity treatment and default non-live ranking remain independent (5.0548ms)
✔ approved brand spellings and distinct unapproved identities are preserved (0.726ms)
Live prefix evidence: C:\Users\mlwes\AppData\Local\Temp\hec-live-prefix-C66whh
✔ alphabetical live phone flow, query ownership and accepted product guards (31379.7039ms)
✔ approved historical compatibility preserves NFC/NFD, unaccented and hyphen queries (19.9394ms)
✔ verified alias metadata authorizes widening independently of index compatibility (2.7086ms)
✔ unapproved same-folded diacritic brands remain separate in brand and exact product retrieval (4.4946ms)
✔ unapproved exact accented spelling can address its own historical shard without enabling an unaccented alias (3.9528ms)
✔ approved alias pagination preserves distinct records and GTINs (2.4766ms)
✔ evidence lookup and successful historical shard access are cached (3.5957ms)
✔ switching approved and unapproved brands never reuses prior family members (5.9115ms)
✔ same-folded unrelated brand names do not bypass canonical membership or the complete-name collision guard (45.5696ms)
✔ real approved family retains all eight protected GTINs and exact source spellings (1399.227ms)
✔ protected apostrophe and historical-index products remain reachable through shared matching (2200.7973ms)
✔ 1. complete Australian source subset meets production scale (11204.9618ms)
✔ 2. complete global source was scanned (1.3788ms)
✔ 3. source IDs are stable off barcode identities (35.5716ms)
✔ 4. no duplicate same-source barcode records exist (50.3192ms)
✔ 5. every record retains source provenance (6.2655ms)
✔ 6. explicit Australian country scope is preserved (9.8844ms)
✔ 7. completeness classifications are exhaustive (0.2414ms)
✔ 8. exact barcode lookup resolves the source product (0.4357ms)
✔ 9. exact brand lookup exposes the measured brand universe (20.2406ms)
✔ 10. brand spacing normalization is generic (1.1681ms)
✔ 11. product-name tokens retrieve real products (0.9996ms)
✔ 12. brand plus product finds a real exact identity (0.8415ms)
✔ 13. generic terms retain thousands-scale results while adding category members (21.9112ms)
✔ 14. serving sizes never create duplicate product IDs (44.8391ms)
✔ 15. generated active records contain no non-Australian country-only row (8.6011ms)
✔ 16. company/source text cannot create consumer-brand membership (0.6534ms)
✔ 17. real imported Flora member count is measured (0.1879ms)
✔ 18. every eligible Flora member is accessible (6.7376ms)
✔ 19. safe cross-source barcode duplicates consolidate only in federation (8.9133ms)
✔ 20. Flora serving is absent before exact identity (16.1805ms)
✔ 21. real Meadow Lea member count is measured (0.4366ms)
✔ 22. MeadowLea and Meadow Lea resolve identically (0.1897ms)
✔ 23. deterministic retrieval audit samples 1000 real products (0.1452ms)
✔ 24. strong identity top-10 retrieval exceeds 98 percent (0.1337ms)
✔ 25. deterministic brand completeness audit samples 100 brands (0.1211ms)
✔ 26. all audited brand members remain accessible without contamination (7457.6027ms)
✔ 27. retail package size is identity metadata, not selected consumption (2.3381ms)
✔ 28. nutrition basis does not become selected amount (18.7284ms)
✔ 29. multi-product identity precedes serving (17.595ms)
✔ 30. incomplete products never receive invented calories (1.3971ms)
✔ 31. full catalogue is not loaded or precached at startup (1.8533ms)
✔ 32. product and search shards are loaded on demand (1.0522ms)
✔ 33. runtime catalogue caching uses the active installation cache (0.8531ms)
✔ 34. catalogue caching introduces no My Data cache name (0.807ms)
✔ 35. Big Mac authoritative catalogue remains present (1.9386ms)
✔ 36. McDonald’s sized Fries remain present (2.1496ms)
✔ 37. Hotcakes complete-meal contract remains present (0.9677ms)
✔ 38. Bunnings natural-item correction remains present (5.0426ms)
✔ 39. Chiko canonical duplicate protection remains present (0.7707ms)
✔ 40. generic Fries AFCD resolution remains present (0.8512ms)
✔ 41. focused mobile search remains bounded and paginated (4.5731ms)
✔ 42. Weight foundation is untouched and still loaded (1.9362ms)
✔ real catalogue identity outranks broad beverage ancestry (31.6882ms)
✔ raw solid mL is quarantined at the final profile and resolved-food boundary (2.7869ms)
✔ raw solid L is quarantined at the final profile and resolved-food boundary (1.479ms)
✔ raw solid cup is quarantined at the final profile and resolved-food boundary (0.9094ms)
✔ package volume and unsuitable source units cannot redefine a named solid (3.9517ms)
✔ genuine per-100-mL solid conflict is not relabelled or scaled as grams (2.342ms)
✔ valid gram nutrition survives an incompatible source serving (2.4689ms)
✔ volume aliases are validated by user-facing family, not a countable default (1.428ms)
✔ guided Review cannot reintroduce quarantined units (13.4823ms)
✔ voice and typed measure resolution rejects solid volume and accepts supported grams (1.9372ms)
✔ liquid identity preserves volumes and rejects unrelated solid item units (3.8109ms)
✔ spreads preserve validated household-to-gram measures without becoming liquid (4.1388ms)
✔ sliced food preserves source slice and grams (1.4394ms)
✔ official restaurant item preserves its natural unit (70.2603ms)
✔ unknown identity with only volume metadata has a conservative completion state (3.311ms)
✔ specific short-plural food categories outrank beverage flavour words (1.4635ms)
✔ specific liquid categories retain milk despite chocolate flavour metadata (0.9532ms)
✔ powdered milk remains solid despite liquid ancestry (0.3702ms)
✔ explicit source mL denominator is preserved before semantic normalization (1.4049ms)
✔ trusted density conversion supports grams without exposing volume for a solid (2.1019ms)
✔ late carried candidates and legacy allowed lists cross the same firewall (0.9658ms)
✔ consumedPortion rejects a quarantined carried measure when food is supplied (0.6755ms)
✔ legacy inferred catalogue form cannot override solid identity (1.3735ms)
✔ explicit source slice counts on a countable product keep their gram conversion (1.8979ms)
✔ real McCain product is safe through production search and rendered Portion Choice (15230.2194ms)
✔ A. generic Margarine persists one teaspoon as exactly 5 g (89.1878ms)
✔ B. generic Margarine persists an arbitrary 7 g amount (26.6649ms)
✔ C. Flora spread persists one teaspoon without reverting to its 10 g serve (11.7782ms)
✔ D. explicit manufacturer serve persists one by 10 g (2.9273ms)
✔ E. generic milk persists 250 mL (54.0889ms)
✔ F. generic milk persists one metric cup as 250 mL (32.6828ms)
✔ G. wholemeal bread persists one regular slice as 40 g (29.0745ms)
✔ H. countable food persists two biscuits as 30 g (5.3973ms)
✔ final Review amount edits update the same consumed-portion contract (22.394ms)
✔ final Review measure edits update the contract without selecting a reference-basis default (19.2548ms)
✔ production editor scales Review nutrition from the consumed contract and persists it twice (0.8486ms)
✔ AUSNUT spread profile: generic margarine (1.4755ms)
✔ AUSNUT spread profile: Flora (0.7849ms)
✔ AUSNUT spread profile: Meadow Lea (0.8642ms)
✔ AUSNUT spread profile: Bega almond (1.2915ms)
✔ AUSNUT spread profile: peanut butter (2.0091ms)
✔ AUSNUT spread profile: yeast spread (1.0921ms)
✔ spread packet weights remain product-specific (1.1485ms)
✔ AUSNUT source metadata and disabled thickness gap are machine-auditable (0.1184ms)
✔ declared consumer family retains a manufacturer product without moving other manufacturer products (30.6633ms)
✔ approved Nescafe spellings retrieve the same protected GTINs on cold and loaded lookups (319.8759ms)
✔ a loggable flavour superset cannot become the best identity of a less specific brand query (25.113ms)
✔ Strong identity and raw conflicting nutrition remain distinct, blocked, and on a dry reference (67.1825ms)
✔ specific instant preparation metadata outranks drink ancestry without changing prepared drinks (0.3919ms)
Post-KFC rendered evidence: C:\Users\mlwes\AppData\Local\Temp\hec-post-kfc-sKD5zq
✔ reported paths survive real phone controls through source browse, product choice and Review (100854.3799ms)
✔ complete stored brand plus product survives a longer inferred brand consuming product words (51.5338ms)
✔ longer-prefix exception does not license partial, alias-only, wrong-brand or missing-word queries (3.9557ms)
✔ unregistered text fallback does not claim registered brand identity (0.8262ms)
✔ complete product names survive an inferred indexed-brand prefix collision (8.6481ms)
✔ partial names, aliases and explicit brand qualifiers cannot cross brand boundaries (2.3012ms)
✔ exact-name matching preserves retired, legacy and nutrition eligibility restrictions (1.8384ms)
✔ explicit runtime lookup preserves possessive brand spelling after quantity removal (523.9047ms)
✔ real Arnott’s and Kellogg’s products retain possessive identity and separate quantity through the complete controller (1221.1244ms)
✔ semantic source order prefers explicit metadata before source metadata and inference (2.2499ms)
✔ representative records cover all eight reusable semantic roles (2.0032ms)
✔ serving policy retains natural, count, size, package and 100 g reference semantics (1.0019ms)
✔ Hotcakes is a complete source-backed meal and never a condiment serving (0.8685ms)
✔ Hotcakes and hot cakes rank the complete item first while explicit syrup intent ranks the component first (111.3074ms)
✔ parent/component ranking is general rather than a Hotcakes-only rule (0.9541ms)
✔ semantic validation rejects unsafe meal, package, natural-item and configurable combinations (0.7255ms)
✔ the deterministic McDonald’s audit covers all 211 records with no unresolved conflict (22.35ms)
✔ counted and configurable records remain nutritionally safe (26.4531ms)
✔ exact and close mobile result names use three-line and two-line wrapping contracts (5.7584ms)
✔ focused search layout leaves the first result usable at 390x844 and 390x520 (7.1381ms)
✔ incremental product ranking converges without changing the editable search field (175.5274ms)
✔ existing representative food behavior remains intact (20.5594ms)
✔ the semantic module is loaded once before catalogue imports and cached offline (5.0562ms)
✔ 1. generic concept initialized (82.3839ms)
✔ 2. brand product initialized (8.9024ms)
✔ 3. known attributes populated (41.4015ms)
✔ 4. unresolved attributes identified (43.7394ms)
✔ 5. milk source remains unresolved across supported source types (69.4413ms)
✔ 6. best next question selected (29.6151ms)
✔ 7. answer narrows state (24.8836ms)
✔ 8. exact generic identity reached (48.7051ms)
✔ 9. exact branded identity reached (15.2686ms)
✔ 10. Back clears invalid downstream state (75.8886ms)
✔ 11. generic margarine enters progressive flow (30.7034ms)
✔ 12. real supported margarine attributes are asked (2.4914ms)
✔ 13. unsupported margarine attributes are not invented (0.8438ms)
✔ 14. final generic nutritional identity achieved (43.3007ms)
✔ 15. generic margarine requires no brand (113.1731ms)
✔ 16. serving appears only after identity (142.7737ms)
✔ 17. amount appears only after serving (85.4893ms)
✔ 18. Flora recognizes brand intent (3.1206ms)
✔ 19. exact product metadata skips generic attributes (12.1169ms)
✔ 20. ProActive family shell does not wrongly become exact (0.856ms)
✔ 21. exact selection locks search state (4.1118ms)
✔ 22. delayed online response is gated from locked flow (0.6748ms)
✔ 23. grams remain available (96.113ms)
✔ 24. trusted teaspoon remains available (64.7431ms)
✔ 25. manufacturer serving remains explicit (1.6007ms)
✔ 26. only validated spread presets are enabled (52.5491ms)
✔ 27. arbitrary gram amount is supported (42.2029ms)
✔ 28. fractional household amount is supported (65.3999ms)
✔ 29. package size is not consumption (8.629ms)
✔ 30. nutrition basis is not consumption (6.0144ms)
✔ 31. generic milk uses progressive resolution (105.4747ms)
✔ 32. exact generic milk identity is reached (53.2776ms)
✔ 33. generic milk offers mL (45.3629ms)
✔ 34. generic milk offers a 250 mL cup (39.41ms)
✔ 35. generic milk accepts arbitrary mL (45.7179ms)
✔ 36. sliced generic bread reaches an exact identity (36.3761ms)
✔ 37. sliced generic bread has a trusted natural unit (31.1086ms)
✔ 38. sliced generic bread accepts an amount (29.4029ms)
✔ 39. fully specified brand product and measure skip questions (3.5966ms)
✔ 40. partially specified generic food retains answered attributes (18.6819ms)
✔ 41. voice and typed requests share the same exported engine (0.4554ms)
✔ 42. incomplete nutrition is classified before portion entry (2.852ms)
✔ 43. missing nutrition cannot become a false-zero logging flow (2.9549ms)
✔ 44. kcal and kJ scale consistently (2.6095ms)
✔ 45. weak exact product is rejected (0.2434ms)
✔ 46. selected identity hides live and online result surfaces (0.491ms)
✔ 47. active workflow renders one exact card surface (0.536ms)
✔ 48. Back restores the previous search state (1.7098ms)
✔ 49. stale async work is ignored after selection lock (0.3042ms)
✔ 50. online append cannot alter active portion flow (0.2927ms)
✔ 51. generic audit covers at least 50 AFCD concepts without stuck states (138.592ms)
✔ 52. brand inheritance audit covers 100 real Australian products (1106.3142ms)
✔ 53. portion audit records spread evidence gap and six forms (5.3345ms)
✔ 54. resolution benchmark executes bounded candidate steps (1947.6101ms)
✔ 55. portion policy documents provenance and metric fallback (0.4801ms)
✔ 56. selected generic identity preserves Diary destination (49.6513ms)
✔ 57. generic route never substitutes a branded online product (32.9942ms)
✔ 58. floating add is hidden throughout progressive resolution (0.3888ms)
✔ 59. locked flow remains horizontally bounded (0.3311ms)
✔ 60. architecture preserves version 0.6.33 (0.1641ms)
✔ P01 central vocabulary exposes stable IDs (2.9993ms)
✔ P02 aliases normalize through one engine (0.2605ms)
✔ P03 spread physical form is recognized (24.3973ms)
✔ P04 liquid physical form is recognized (5.4322ms)
✔ P05 sliced physical form is recognized (3.0514ms)
✔ P06 countable physical form is recognized (1.6876ms)
✔ P07 spread profile includes grams (3.7781ms)
✔ P08 unvalidated spread receives no invented teaspoon or tablespoon (4.0383ms)
✔ P08b explicit reviewed fixture evidence supplies its own teaspoon (2.5721ms)
✔ P09 spread profile includes manufacturer serving additively (1.1513ms)
✔ P10 spread profile excludes volume measures (1.2029ms)
✔ P11 unvalidated spread thickness remains unavailable (0.9561ms)
✔ P12 liquid profile includes mL (2.0234ms)
✔ P13 liquid profile includes a metric cup (0.988ms)
✔ P14 liquid profile includes litres (0.8074ms)
✔ P15 liquid profile excludes spread teaspoon (1.3438ms)
✔ P16 sliced profile retains a source slice (1.2878ms)
✔ P17 countable profile retains a source biscuit (1.0167ms)
✔ P18 every choice carries conversion and provenance (0.7094ms)
✔ P19 manufacturer serve has a readable label (0.6533ms)
✔ P20 singular review label is grammatical (0.9616ms)
✔ P21 plural review label is grammatical (0.6812ms)
✔ P22 decimal review label is clean (0.732ms)
✔ P23 zero amount is rejected (0.1279ms)
✔ P24 negative amount is rejected (0.1127ms)
✔ P25 positive decimal amount is accepted (0.1104ms)
✔ P26 fraction parsing shares stable measure IDs (2.0275ms)
✔ P27 measure always precedes amount (14.7086ms)
✔ P28 amount starts blank in state and markup (3.0867ms)
✔ P29 amount selection reaches confirmation (4.8115ms)
✔ P30 edit amount preserves identity and measure (4.597ms)
✔ P31 edit measure clears only downstream state (2.9169ms)
✔ P32 cancel clears active downstream state (2.7069ms)
✔ P33 compact answer history is rendered and wraps without clipping (0.9587ms)
✔ P34 choice auto-advance has no identity Continue gate (0.9353ms)
✔ P35 active-card positioning is transition-scoped (0.9773ms)
✔ P36 responsive controls stay bounded and tappable (0.6785ms)
✔ P37 policy marks thickness values NOT YET VALIDATED (0.3145ms)
✔ P38 vocabulary audit is complete and human readable (0.7549ms)
✔ P39 200-product audit meets required mix (56385.2176ms)
✔ P40 200-product audit yields safe source-backed profiles (0.5475ms)
✔ P41 20 unmentioned foods generalize safely (59306.7686ms)
✔ P42 deterministic generalization spans 100 shards (317.7779ms)
✔ P43 deterministic generalization has no nonsense failures (0.1193ms)
✔ P44 portion benchmark executes 500 central profiles (1318.0489ms)
✔ P45 no production brand-specific portion branch exists (1.2008ms)
✔ P46 architecture stays on Alpha 0.6.33 (0.2224ms)
✔ exact query ownership retires Cote for Côte (16.0169ms)
✔ exact query ownership retires Côte for Cote (1.1488ms)
✔ exact query ownership retires resume for résumé (0.8351ms)
✔ exact query ownership retires résumé for resume (0.878ms)
✔ exact query ownership retires Burgen for Bürgen (0.9449ms)
✔ exact query ownership retires Häagen-Dazs for Haagen-Dazs (1.016ms)
✔ exact query ownership retires Milk for milk (2.9546ms)
✔ exact query ownership retires milk for milk  (1.694ms)
✔ exact query ownership retires Bürgen for Bürgen (1.4456ms)
✔ returning to an earlier exact spelling cannot revive its old ticket (1.2896ms)
✔ approved retrieval equivalence never defines input identity (0.3866ms)
✔ production brand cache and late hydration stay owned across Cote → Côte (35.5543ms)
✔ production brand cache and late hydration stay owned across Côte → Cote (5.194ms)
✔ production brand cache and late hydration stay owned across resume → résumé (5.5985ms)
✔ production brand cache and late hydration stay owned across résumé → resume (4.1587ms)
✔ production brand cache and late hydration stay owned across Burgen → Bürgen (3.5691ms)
✔ production brand cache and late hydration stay owned across Häagen-Dazs → Haagen-Dazs (3.563ms)
✔ currentness checks require exact input even if a caller supplies the current revision (2.1152ms)
✔ production OFF await rejects a late response after an exact-input edit (4.608ms)
✔ production delayed preview cannot revive a retired query (4.199ms)
✔ production explicit-product hydration ignores a retired owner even with the same local request token (3.1877ms)
✔ production guided-source hydration rejects a retired central owner (2.8858ms)
✔ generated shell and worker exactly match the canonical content generation (131.6549ms)
✔ same visible version with changed controller produces a new shared generation (131.9563ms)
✔ complete dependency inventory includes bootstrap configuration and both deployment variants (2.0085ms)
✔ my-data installs verified core before skipWaiting and exposes safe readiness (168.2367ms)
✔ test installs verified core before skipWaiting and exposes safe readiness (107.8353ms)
✔ required core 404 rejects installation and keeps incomplete staging unreadable for retry (106.6946ms)
✔ required core wrong-bytes rejects installation and keeps incomplete staging unreadable for retry (98.4936ms)
✔ slow required dependency does not publish readiness or skipWaiting early (104.7469ms)
✔ optional artwork failure is outside atomic core readiness (82.7026ms)
✔ navigation and versioned core remain cached and coherent while offline (102.743ms)
✔ missing generation and unknown generation cannot fall back to old core or HTML (86.3574ms)
✔ unversioned core data consumers receive the verified current data, not a network revalidation (89.3072ms)
✔ activation retains previous caches until every live client reports current readiness (93.6002ms)
✔ same-path cached assets cannot cross a generation boundary (92.1911ms)
✔ bootstrap owns update lifecycle and leaves personal storage contracts untouched (3.1238ms)
✔ legacy client-ready pruning during install cannot publish a detached new core cache (5979.8909ms)
✔ late client readiness cannot delete a future generation staged after installation (105.3055ms)
✔ core readiness precedes lazy data cache; a missing required entry invalidates a surviving marker (161.3913ms)
✔ activation repairs completion lost after install before claiming clients (248.5624ms)
✔ navigation during cache loss repairs online; offline recovery has actionable Retry and no runtime (247.615ms)
✔ concurrent Retry joins pending core repair and never reports premature readiness (97.0857ms)
✔ delayed install and waiting worker under old controller do not reload the new shell backwards (95.8803ms)
✔ controllerchange after the original readiness deadline resumes the paused page (420.223ms)
✔ cache completion after initial check and Retry during progress converge without reload loops (472.0735ms)
✔ Retry after partial runtime execution verifies the core before its one explicit reload (79.0834ms)
✔ late reply from a replaced controller cannot cause a reload to the wrong generation (37.0938ms)
✔ existing waiting worker is resumed even when the current old page is already coherent (45.1404ms)
✔ controller replacement during registration lookup cannot pass the old readiness reply (15.6969ms)
✔ recovery document Retry advances waiting activation, waits for control and reloads once (318.4992ms)
✔ submitted family grouping overrides lexical order and saved-score preference (101.8101ms)
✔ submitted explicit 3 selects the matching direct identity (47.3136ms)
✔ submitted explicit 6 selects the matching direct identity (32.2174ms)
✔ submitted explicit 10 selects the matching direct identity (30.7441ms)
✔ committed named-size family remains neutral until a named size is supplied (71.4707ms)
✔ shared metadata handles an unrelated named-size fixture and explicit sizes (15.607ms)
✔ unique products retain Best match; family metadata alone does not create ambiguity (1.1204ms)
✔ additional identity modifiers and explicit combo intent do not become direct-family choices (18.3279ms)
✔ canonical duplicates cannot create a false family (3.3735ms)
✔ another source derives one family from source family fields and declared sizes (117.5294ms)
✔ every committed KFC choice family includes all direct peers, including a single-piece order (261.7462ms)
✔ incomplete size peers retain early completion actions in their neutral group (3.1027ms)
✔ actual Search button/Return rendering preserves neutral and explicit families through persisted Review (16883.1063ms)
✔ exact retailer recognition remains separate from consumer-brand identity (14.5532ms)
✔ no name, OFF URL or brand-index match can substitute for verified retailer membership (10.4589ms)
✔ membership keeps the national and private-label consumer brands and provenance intact (22.6556ms)
✔ community nutrition with separate official listing evidence does not become manufacturer verification (4.6537ms)
✔ food-only categories and all-items postings exclude non-food products (3.7814ms)
✔ root and category directory do not hydrate products; pages have a strict bound and cache (6.7505ms)
✔ category and Back navigation retain retailer ownership (3.92ms)
✔ retiring retailer intent leaves subsequent generic and brand searches independent (66.3421ms)
✔ late retailer hydration cannot replace a newer owner or refill its cancelled session (2.3401ms)
✔ late category result cannot overwrite a newer category within the same query (2.9918ms)
✔ a synthetic second retailer uses the identical registration, evidence and browse contracts (4.4206ms)
✔ guided supermarket identity requires separate house/private-label evidence, not retailer stock (1.8425ms)
✔ actual consumer-brand selection still uses consumer-brand membership (1.2643ms)
✔ unverified or wrong-brand commercial identity evidence cannot widen the guided route (1.1619ms)
✔ product handoff keeps canonical identity, unknown nutrients and one confirmation (12.0836ms)
✔ a loader cannot substitute foreign IDs or weaken the indexed listing evidence (3.9972ms)
✔ retailer aliases cannot take over generic food or known consumer-brand recognition (2.3308ms)
✔ the generic source converter requires consumer brand and does not turn retailers into restaurants (3.3035ms)
✖ every actual retailer category and house brand has eligible products and settles with exactly those identities (5754.3826ms)
✔ stale category, stale brand and empty intersection settle empty without offering zero choices (2.3946ms)
✔ unresolved adapter is bounded; late result cannot refill caches or overwrite retry (29.9633ms)
✔ shard deadline aborts stalled read, evicts rejected promise and allows real retry (13.476ms)
✔ loader rejection and catalogue replacement terminate as errors (3.3781ms)
✔ timeout from an old request cannot finish a newer request (26.0794ms)
✔ compatible title punctuation and casing retains authority, aliases and original source titles (28.8752ms)
✔ compatible title harmless wording refresh retains authority, aliases and original source titles (4.2377ms)
✔ compatible title retailer wording and word order retains authority, aliases and original source titles (3.234ms)
✔ compatible title duplicated pack wording retains authority, aliases and original source titles (2.4162ms)
✔ compatible title current verified title retains authority, aliases and original source titles (3.2942ms)
✔ equally trusted compatible titles use existing publication currentness (0.8457ms)
✔ material title Original versus Chocolate remains unresolved (8.675ms)
✔ material title Full Cream versus Reduced Fat remains unresolved (6.2386ms)
✔ material title regular versus Gluten Free remains unresolved (3.9793ms)
✔ material title title pack 420 g versus 840 g remains unresolved (3.704ms)
✔ material title 6 Pack versus 12 Pack remains unresolved (4.8002ms)
✔ material title salt formulation remains unresolved (3.986ms)
✔ material title sweetening remains unresolved (2.5294ms)
✔ material title title size remains unresolved (2.4928ms)
✔ material title product family remains unresolved (2.9089ms)
✔ structured pack versus title-only pack cannot bypass identity checking (3.3011ms)
✔ compatible same-GTIN evidence still corroborates with manufacturer authority and both sources (1.7357ms)
✔ same GTIN 420 g versus 840 g is inspectable identity conflict even with stronger manufacturer evidence (3.6334ms)
✔ incompatible same-GTIN flavour blocks ordinary logging (2.3816ms)
✔ incompatible same-GTIN brand blocks ordinary logging (2.2101ms)
✔ incompatible same-GTIN physical form blocks ordinary logging (1.7682ms)
✔ incompatible same-GTIN explicit variant blocks ordinary logging (4.7915ms)
✔ incompatible same-GTIN count blocks ordinary logging (4.5571ms)
✔ incompatible same-GTIN size blocks ordinary logging (3.2612ms)
✔ same-GTIN identity conflict cannot be cleared by re-canonicalising with the preferred clean source (3.2852ms)
✔ equal-authority nutrition conflict remains blocked and never averaged (0.6336ms)
✔ different GTINs remain distinct without manufacturing or replacing barcodes (0.2711ms)
✔ all shared dedupe surfaces retain the same-GTIN conflict instead of choosing a clean rank winner (4.2354ms)
✔ retailer index loads all same-GTIN evidence on the same page before permitting selection (6.8979ms)
✔ unlisted OFF evidence for a listed GTIN is retained for conflict analysis without creating another retailer product (2.4516ms)
✔ empty and partial panels retain same-basis saved nutrition without mutating baseline (40.6325ms)
✔ changed serving or metric column never inherits incompatible old cells (2.6984ms)
✔ explicit zero replaces saved cell while printed energy is retained for conflict review (1.9206ms)
✔ serving and pack distinct: 170 g (1.073ms)
✔ serving and pack distinct: 125 g (0.8182ms)
✔ serving and pack distinct: 250 mL (0.7197ms)
✔ serving and pack distinct: 1 piece (0.7146ms)
✔ decimal literal preserved: 5.3 (0.6539ms)
✔ decimal literal preserved: 3.3 (0.6322ms)
✔ decimal literal preserved: 0.8 (0.8949ms)
✔ decimal literal preserved: 12.5 (1.4572ms)
✔ decimal literal preserved: 1.7 (0.5838ms)
✔ decimal literal preserved: 0.3 (0.4962ms)
✔ decimal literal preserved: 33 (0.3735ms)
✔ table geometry associates words across column blocks and preserves missing-cell ownership (8.7993ms)
✔ geometry rejects low confidence integer and split decimal without losing other column (2.9989ms)
✔ geometry respects reversed printed column headings (2.3549ms)
✔ geometry without supported heading evidence falls back without guessing column (1.1195ms)
✔ metadata-only read retains pack count without erasing a saved column through a misread serving (2.5432ms)
✔ partial per-100 reading selects that populated baseline column for future nutrition (1.9707ms)
✔ source metadata lookup retains registry order and detached values (16.3056ms)
✔ restaurant recognition retains prefix results without reading catalogue items (639.0197ms)
✔ recognising KFC does not call application blur (7.1617ms)
✔ KFC remains focused so typing can continue (3.784ms)
✔ recognition does not commit restaurant browse state (4.0222ms)
✔ one central search-session controller owns typing state (0.7594ms)
✔ production typing controller advances exact ownership for Cote → Côte (12.4601ms)
✔ production typing controller advances exact ownership for resume → résumé (7.3525ms)
✔ production typing controller advances exact ownership for Burgen → Bürgen (5.9367ms)
✔ production typing controller advances exact ownership for Häagen-Dazs → Haagen-Dazs (5.2891ms)
✔ production typing controller advances exact ownership for Milk → milk  (13.2978ms)
✔ KFC retains focus through a 0 ms result delay (5.0929ms)
✔ KFC retains focus through a 250 ms result delay (4.4858ms)
✔ KFC retains focus through a 750 ms result delay (3.9045ms)
✔ KFC retains focus through a 1500 ms result delay (3.6264ms)
✔ the same input DOM node survives character-by-character updates (6.2627ms)
✔ McDonald’s and Flora ProActiv Light remain continuously typeable (14.9611ms)
✔ explicit source tap commits and dismisses the keyboard through the shared filter transition (6.6096ms)
✔ recognition preview cannot instantiate Guided Product Resolution (0.7462ms)
✔ chips has a data-backed generic schema (0.1115ms)
✔ chips begins generic progressive resolution (64.802ms)
✔ food family is the first chips question (31.1257ms)
✔ chips amount begins blank and no 100 g is committed (44.6264ms)
✔ verified AUSNUT chip measures are available for the matching AFCD row (2.9029ms)
✔ KFC alone is a restaurant source and not an arbitrary product (1.2849ms)
✔ KFC source inventory exposes all 12 categories and 148 products including the reviewed supplement (4.994ms)
✔ KFC product terms remain restricted to authoritative KFC records (5.9629ms)
✔ consumer/OFF records cannot masquerade as the KFC restaurant source (0.3291ms)
✔ Popcorn Chicken without a source infers the unique restaurant family (11.0434ms)
✔ KFC 3 Wicked Wings resolves one official identity (1.5138ms)
✔ KFC 6 Wicked Wings resolves one official identity (0.7306ms)
✔ KFC 10 Wicked Wings resolves one official identity (0.6348ms)
✔ KFC Wicked Wings exposes exactly the three committed count choices (1.7078ms)
✔ KFC Popcorn Chicken exposes Snack, Regular and Maxi sizes (2.377ms)
✔ KFC Regular Popcorn Chicken resolves exact (8.8171ms)
✔ KFC Maxi Popcorn Chicken resolves exact (3.4229ms)
✔ KFC chips exposes only Regular and Large official sizes (2.8688ms)
✔ chips food family and source/context are separate dimensions (0.3518ms)
✔ Hot Chips path asks the data-backed source context next (26.0551ms)
✔ Packet Chips path is separate and asks its supported flavour (24.8862ms)
✔ typed oven-baked preparation skips the redundant question (24.1954ms)
✔ an unsupported air-fried method is not silently mapped (0.676ms)
✔ generic chips exposes measure only after exact nutritional identity (52.0386ms)
✔ generic chips grams persist to final Review (31.8891ms)
✔ generic chips AUSNUT chip measure persists to final Review (29.1163ms)
✔ generic chips never substitutes a branded online product (22.2229ms)
✔ source and data-backed generic typing do not launch racing automatic online searches (0.2356ms)
✔ stale no-record ownership is retired on query change and exact identity (0.8845ms)
✔ KFC Regular Popcorn Chicken final portion is one natural portion (7.8323ms)
✔ KFC Maxi Popcorn Chicken final portion is one natural portion (2.7858ms)
✔ KFC Regular Chips final portion is one natural portion (2.3094ms)
✔ one six-piece Wicked Wings portion scales nutrition exactly once (3.6853ms)
✔ six individual Wicked Wings pieces also scale the identity exactly once (4.3593ms)
✔ Big Mac remains one burger with official McDonald’s provenance (4.8958ms)
✔ source switching classifies McDonald’s, KFC and generic chips without bleed (137.1194ms)
✔ control: protected KFC snapshot remains 126 unique products without invented standalone Corn Chips (21.0277ms)
✔ Bread: bounded shortlist starts with its base concept (186.3632ms)
✔ Milk: bounded shortlist starts with its base concept (30.4608ms)
✔ Hash Brown: bounded shortlist starts with its base concept (4.4784ms)
✔ Bread relationships identify crumbs, rolls and common prepared foods without equating them (4.86ms)
✔ Bread commercial entry offers four source classes and retains wholemeal (1.6157ms)
✔ Missing explicit restaurant and brand identities do not match another source (3.5804ms)
✔ Big Mac capability requires Standard, blocks unsupported extras and preserves nutrition (24.26ms)
✔ Diary hides bulk units while central safe mass and volume remain available (4.3437ms)
✔ Flora current acceptance uses evidenced measures without requiring thickness (4.0055ms)
✔ explicit missing brand products use the absence path while brand-only and source-only queries retain their hubs (2.6455ms)
✔ explicit brand concept queries reject containing dishes while preserving exact compound intent (2.3325ms)
✔ plural exact identity survives lexical filtering while consumed quantity stays separate (722.6521ms)
✔ unrelated loaded packs cannot reclassify consumed quantity as an exact product count (48.9335ms)
✔ 1. catalogue records keep a stable source identity and Australian market context (2.1257ms)
✔ 2. AFCD, packaged, private, recipe and online candidates remain distinct record types (0.5642ms)
✔ 3. exact canonical names outrank exact aliases (3.3311ms)
✔ 4. exact aliases outrank order-independent all-token matches (0.9905ms)
✔ 5. all query tokens may match in any order (0.8424ms)
✔ 6. potato scallop is a controlled Australian alias for potato cake (0.7361ms)
✔ 7. bare scallop is not silently rewritten to a potato food (1.5869ms)
✔ 8. bare chips remains ambiguous while hot chips and potato chips are explicit (0.3571ms)
✔ 9. Bunnings sausage and snag vocabulary remains explicit and local (3.2692ms)
✔ 10. controlled cappuccino spelling errors are recognised below Australian aliases (0.8543ms)
✔ 11. unlisted spelling differences are not accepted as speculative fuzzy identity (0.441ms)
✔ 12. broader substring results stay below controlled typos (0.5624ms)
✔ 13. duplicate source IDs collapse to one canonical AFCD record (0.6667ms)
✔ 14. compatible title refresh retains the stronger verified title and older evidence (34.4829ms)
✔ 15. preparation variants are not merged merely because their names match (0.4018ms)
✔ 16. provenance clearly distinguishes AFCD, My Foods and online candidates (0.3394ms)
✔ 17. a recognised-only record cannot be logged without usable nutrition (5.7281ms)
✔ 18. a new search is blank while Back restores the same search snapshot (0.3391ms)
✔ 19. the search parser recognises toast as bread and preserves preparation (3.6505ms)
✔ 20. egg preparation choices include oven and air-fryer pathways without merging them (1.5917ms)
✔ 21. required Australian retailers and brands are recognised as commercial context (0.8069ms)
✔ 22. all 1,588 local AFCD records remain present (8.0613ms)
✔ 23. the active search controller delegates to the catalogue and de-duplicates ranked products (1.4102ms)
✔ 24. catalogue loading, offline caching and release runtime version are consistent (0.6312ms)
✔ 25. Woolworths beef sausage preserves known meat and commercial source context (1.3258ms)
✔ 26. herb and garlic sausage detail is preserved as an answered flavour facet (0.9644ms)
✔ 27. hyphen and space variations normalise to the same exact identity (0.5207ms)
✔ 28. brand, retailer, food-service context and serving descriptions are searchable fields (1.0625ms)
✔ 29. generic sausage branching remains useful while supplied details skip redundant source questions (1.1755ms)
✔ 30. production online ownership rejects late OFF arrival across "milk" → "milk " (3.7223ms)
✔ 30. production online ownership rejects late OFF arrival across "milk " → "milk" (1.9665ms)
✔ 30. production online ownership rejects late OFF arrival across "Cote" → "Côte" (1.8097ms)
✔ 30. production online ownership rejects late OFF arrival across "Burgen" → "Bürgen" (1.8858ms)
✔ 30. production online ownership rejects late OFF arrival across " Häagen-Dazs" → "Häagen-Dazs" (2.2197ms)
✔ 30. accepted OFF cache survives "milk" → "milk " while late USDA cannot render (2.6756ms)
✔ 30. accepted OFF cache survives "milk " → "milk" while late USDA cannot render (1.6851ms)
✔ 30. production cancellation aborts in-flight work and rejects its later completion (1.8681ms)
✔ 31. My Foods, My Recipes and Recent stay on their established stores and render paths (0.4348ms)
✔ 1. quantity parsing supports the complete approved unit vocabulary (8.1662ms)
✔ 2. parsed quantities and count units remain attached to each component (0.8702ms)
✔ 3. eggs on toast splits conservatively while preserving both quantities (3.6389ms)
✔ 4. poached eggs and wholemeal toast retain preparation and component amount (4.2452ms)
✔ 5. banana and yoghurt is an approved high-confidence compound (0.862ms)
✔ 6. cereal with milk is an approved high-confidence compound (0.8383ms)
✔ 7. toast with Flora is recognised without inventing a generic spread record (0.8569ms)
✔ 8. low-confidence phrases are not split into fabricated foods (1.2533ms)
✔ 9. per-serving and per-100 columns remain independently represented (0.6756ms)
✔ 10. a per-100 reference is never renamed or assumed to be one serving (0.6764ms)
✔ 11. an explicit manufacturer serving may be calculated from its matching per-100 basis (0.3165ms)
✔ 12. incompatible or unknown unit conversions return missing values rather than guesses (0.2252ms)
✔ 13. Flora ProActiv package semantics use the explicit two-teaspoon serving (16.7501ms)
✔ 14. explicit package cracker counts create a valid per-cracker conversion (5.369ms)
✔ 15. kilogram and litre options appear only from valid metric conversions (9.8272ms)
✔ 16. package foods never borrow household units solely from words in a product name (1.2697ms)
✔ 17. incomplete recognised products can be saved for review but cannot enter Diary (0.8501ms)
✔ 18. a complete reviewed packaged food may be saved or logged (0.2302ms)
✔ 19. Diary snapshots retain identity, serving, provenance and scaled nutrition (0.6611ms)
✔ 20. changing a catalogue product later cannot rewrite an existing Diary snapshot (2.4367ms)
✔ 21. an entry can be reconstructed from its stored snapshot after catalogue removal (0.8188ms)
✔ 22. material per-serving versus per-100 discrepancies are flagged for review (0.5127ms)
✔ 23. active online conversion preserves missing energy as null rather than zero (1.0604ms)
✔ 24. active Diary creation and historical editing use an immutable food snapshot (0.4712ms)
✔ 25. packaged-food foundation is loaded offline at the release version without changing migrations (0.5433ms)
✔ 26. missing online nutrient fields remain null rather than fabricated zeroes (0.6992ms)
✔ 27. voice and meal-planner Diary paths also preserve food snapshots (0.6392ms)
✔ 28. only an explicit parsed amount survives the guided wizard handoff (0.4158ms)
✔ 1. HEC_APP remains the one canonical active release authority (6.7939ms)
✔ 2. every active visible and static release copy is 0.6.33 (4.3621ms)
✔ 3. runtime module diagnostics report the release version (3.9312ms)
✔ 4. generation gate precedes runtime loading and keeps failed startup unavailable (0.6286ms)
✔ 5. dynamic runtime files share the internal generation and dependency order (7.7731ms)
✔ 6. service-worker core coverage exactly includes every required runtime module (11.9263ms)
✔ 7. companion authoring sources remain absent and only 48 runtime WebPs ship (2.6436ms)
✔ 8. My Data prunes only unused same-role application caches (155.5005ms)
✔ 9. a new generation cannot use an old same-path cache entry (98.6468ms)
✔ 10. the Alpha 0.6.16 profileStart ReferenceError path is removed (1.3235ms)
✔ 11. malformed-but-recoverable records remain present while valid records gain identities (3.4082ms)
✔ 12. reset paths retain one owner, repeated-click protection and the exact protected library scope (0.8526ms)
✔ 13. backup and diagnostics metadata derive from the canonical release (0.3681ms)
✔ 14. blank USDA configuration makes no DEMO_KEY request and leaves local search independent (0.9321ms)
✔ 15. HTML IDs are unique (1.3867ms)
✔ 16. all local static and dynamic entry references resolve (12.7649ms)
✔ 17. core release forms retain labels and validation accessibility wiring (2.7616ms)
✔ 18. release documentation filenames are reserved for this candidate (0.2877ms)
✔ 19. Reset & Keep My Library preserves exactly the protected library fields (3.6977ms)
✔ 20. keep-library and full reset paths are single-shot and clear their exact key sets (5.0501ms)
✔ 21. restored Alpha 0.6.32 backup records migrate without payload loss (6.4657ms)
✔ 22. static icon-only buttons have accessible names (0.8455ms)
✔ 23. the inline release loader and manifest both parse (1.6054ms)
✔ 1. bare Hash Brown has a reusable generic concept (3.976ms)
✔ 2. submitted bare generic search ranks the generic concept first (28.66ms)
✔ 3. solid identity quarantines an incompatible source mL measure (5.7316ms)
✔ 3a. generic concept metadata outranks malformed source volume inference (1.9124ms)
✔ 4. composite generic source plan keeps four canonical paths separate (3.2641ms)
✔ 5. purchased frozen and home-prepared are never one guided state (0.5074ms)
✔ 6. answer history wraps readable labels at phone width (0.8664ms)
✔ 7. main food search exposes semantic form and visible submit control (0.366ms)
✔ 8. deliberate measure selection focuses the newly rendered amount field (1.0146ms)
✔ 9. written variant count resolves like a digit without multiplying consumption (1.0972ms)
✔ 10. consumed quantity remains separate from a counted product variant (0.6032ms)
✔ 11. unfinished prefixes cannot claim the best-match slot (3.624ms)
✔ 12. a strong complete exact product submission leads with Best match (4.7597ms)
✔ 13. simple whole foods can skip source branching (0.3673ms)
✔ 14. submitted groups are immutable snapshots (8.8327ms)
✔ 15. stale asynchronous work loses ownership after a new preview (0.8956ms)
✔ 16. decimal, common fraction and written mixed quantities share one parser (0.7705ms)
✔ 17. quantity may follow the food phrase and dozen is explicit (0.3256ms)
✔ 18. an exact product-name count is identity metadata, not consumption (0.4438ms)
✔ 19. exact candidate context separates prefixed consumed count and variant count (0.2695ms)
✔ 20. explicit solid form wins over a malformed source volume (1.5196ms)
✔ 21. liquid, spread and sliced forms retain compatible measure families (2.3052ms)
✔ 22. source plans expose stable route metadata (0.4762ms)
✔ 23. ordinary technical source questions provide a Not Sure path (0.1983ms)
✔ 24. the controller records universal destination, source and preparation state (1.6695ms)
✔ 25. search and amount controls retain visible touch-sized responsive rules (0.6489ms)
✔ 26. supplied generic source words keep a generic route and mark it direct (2.6045ms)
✔ 27. delayed online results append a labelled group without reordering primary results (4.9132ms)
✔ 28. committed universal results guard the legacy asynchronous renderer (1.0587ms)
✔ 29. online completion appends its group without replacing primary result nodes (1.1379ms)
✔ 30. repeated legacy render requests preserve the owned committed surface (1.3388ms)
✔ 31. pointer activation survives a legacy focus render without making scroll gestures select (1.583ms)
✔ 32. valid custom decimal amounts stay exact in the review label (2.3078ms)
✔ 33. amount typing and quick amounts update one live nutrition preview (2.001ms)
✔ 34. simple whole foods bypass source branching instead of opening an empty chooser (1.339ms)
✔ 35. exact result rows expose central addability status (1.2852ms)
✔ 36. fraction words in an exact product name remain identity language (0.5068ms)
✔ 37. packaged catalogue arrivals append inside the owned packaged branch (1.3486ms)
✔ official product 277727 retains factual brand, provenance, pack and unknown nutrients (24.0109ms)
✔ official product 353871 retains factual brand, provenance, pack and unknown nutrients (5.3877ms)
✔ official product 814281 retains factual brand, provenance, pack and unknown nutrients (3.7882ms)
✔ official product 151547 retains factual brand, provenance, pack and unknown nutrients (5.7068ms)
✔ official product 382738 retains factual brand, provenance, pack and unknown nutrients (4.5046ms)
✔ official product 571487 retains factual brand, provenance, pack and unknown nutrients (3.3356ms)
✔ official product 310237 retains factual brand, provenance, pack and unknown nutrients (2.0121ms)
✔ official product 224941 retains factual brand, provenance, pack and unknown nutrients (2.739ms)
✔ official product 311844 retains factual brand, provenance, pack and unknown nutrients (2.1182ms)
✔ official product 702098 retains factual brand, provenance, pack and unknown nutrients (2.1765ms)
✔ official product 321220 retains factual brand, provenance, pack and unknown nutrients (2.2883ms)
✔ official product 158188 retains factual brand, provenance, pack and unknown nutrients (4.3753ms)
✔ official product 47682 retains factual brand, provenance, pack and unknown nutrients (1.9671ms)
✔ official product 700589 retains factual brand, provenance, pack and unknown nutrients (1.6236ms)
✔ official product 35007 retains factual brand, provenance, pack and unknown nutrients (3.4091ms)
✔ official product 346830 retains factual brand, provenance, pack and unknown nutrients (2.7609ms)
✔ official product 83763 retains factual brand, provenance, pack and unknown nutrients (4.8684ms)
✔ official product 904775 retains factual brand, provenance, pack and unknown nutrients (3.9899ms)
✔ official product 93530 retains factual brand, provenance, pack and unknown nutrients (6.4476ms)
✔ official product 233922 retains factual brand, provenance, pack and unknown nutrients (2.3986ms)
✔ official product 69286 retains factual brand, provenance, pack and unknown nutrients (3.0162ms)
✔ official product 824365 retains factual brand, provenance, pack and unknown nutrients (2.538ms)
✔ official product 355265 retains factual brand, provenance, pack and unknown nutrients (1.5859ms)
✔ official product 824442 retains factual brand, provenance, pack and unknown nutrients (1.8169ms)
✔ official product 36009 retains factual brand, provenance, pack and unknown nutrients (1.4319ms)
✔ official product 396254 retains factual brand, provenance, pack and unknown nutrients (1.659ms)
✔ official product 756826 retains factual brand, provenance, pack and unknown nutrients (1.6201ms)
✔ official product 248249 retains factual brand, provenance, pack and unknown nutrients (1.7433ms)
✔ official product 754170 retains factual brand, provenance, pack and unknown nutrients (2.9459ms)
✔ official product 924103 retains factual brand, provenance, pack and unknown nutrients (2.4241ms)
✔ official product 98299 retains factual brand, provenance, pack and unknown nutrients (1.5271ms)
✔ official product 38939 retains factual brand, provenance, pack and unknown nutrients (1.5177ms)
✔ official product 230519 retains factual brand, provenance, pack and unknown nutrients (2.3885ms)
✔ official product 665356 retains factual brand, provenance, pack and unknown nutrients (1.7703ms)
✔ official product 756086 retains factual brand, provenance, pack and unknown nutrients (2.395ms)
✔ official product 6033180 retains factual brand, provenance, pack and unknown nutrients (2.5402ms)
✔ official product 825528 retains factual brand, provenance, pack and unknown nutrients (2.3846ms)
✔ official product 228345 retains factual brand, provenance, pack and unknown nutrients (2.5515ms)
✔ official product 830211 retains factual brand, provenance, pack and unknown nutrients (1.9891ms)
✔ official product 288440 retains factual brand, provenance, pack and unknown nutrients (2.3353ms)
✔ official product 208679 retains factual brand, provenance, pack and unknown nutrients (1.7523ms)
✔ official product 905257 retains factual brand, provenance, pack and unknown nutrients (1.6445ms)
✔ official product 902837 retains factual brand, provenance, pack and unknown nutrients (1.5781ms)
✔ bounded wave totals are exact and all retained canonical displays use actual official consumer brands (0.7965ms)
✔ source shards and exact OFF corroboration remain pinned to committed bytes (212.4066ms)
✔ invalid GTINs are never corrected and qualified values never become zero (0.2644ms)
✔ directory is registered with food-only categories and performs zero product hydration (158.7827ms)
✔ real pagination hydrates complete same-GTIN groups and keeps page context (74.4845ms)
✔ real private-label breadth is verified product by product and national bread stays outside guided Woolworths (28.2458ms)
✔ indexed search preserves private product intent and national consumer brands (20.1699ms)
✔ La Gina title evolution safely merges, retains OFF alias and prefers the official nutrition (2.6539ms)
✔ sandwich slice bread is a loaf and harmless title evolution is retained (1.3166ms)
✔ equivalent shared solid-form labels do not manufacture a material identity conflict (2.5768ms)
✔ real different brand evidence remains conflict-blocked even with a valid shared GTIN (12.5114ms)
✔ barcode capture actions cannot re-enable ordinary logging for the real identity conflict (9.9914ms)
✔ official source serving discrepancy retains official identity and cannot fall back to incomplete OFF nutrition (1.391ms)
✔ higher-trust nutrition differences are retained, never averaged (1.2732ms)
✔ missing water/produce nutrition stays missing and package produce stays distinct from generic composition (2.1927ms)
✔ real spread uses documented measures without invented teaspoons or borrowed conversions (1.1036ms)
✔ dry and uncooked product nutrition states are visible and ingredient facts remain available (0.2248ms)
✔ retailer search cancellation discards stale results and never hydrates a whole catalogue (343.5196ms)
ℹ tests 1074
ℹ suites 0
ℹ pass 1073
ℹ fail 1
ℹ cancelled 0
ℹ skipped 0
ℹ todo 0
ℹ duration_ms 400874.4141

✖ failing tests:

test at tests\retailer-loading.test.js:4:1
✖ every actual retailer category and house brand has eligible products and settles with exactly those identities (5754.3826ms)
  AssertionError [ERR_ASSERTION]: Expected values to be strictly equal:
  
  116 !== 115
  
      at TestContext.<anonymous> (C:\Users\mlwes\OneDrive\Documents\HEC Development\Healthy_Eating_Companion_Founder_Trial_Alpha_0_6_32\tests\retailer-loading.test.js:4:201)
      at async Test.run (node:internal/test_runner/test:1389:7)
      at async startSubtestAfterBootstrap (node:internal/test_runner/harness:387:3) {
    generatedMessage: true,
    code: 'ERR_ASSERTION',
    actual: 116,
    expected: 115,
    operator: 'strictEqual',
    diff: 'simple'
  }
