✔ all house-brand admissions reuse accepted canonical identity, brand, nutrition and measures (1343.8071ms)
✔ official house-brand relationship is bound to both identities and AU product evidence (4.8687ms)
✔ every retailer root exposes only audited eligible house families once (2029.1895ms)
✔ direct house-brand search reaches the same canonical records without retailer brand replacement (611.7177ms)
✔ source spelling keys, legacy Select and unresolved candidate holds remain explicit (1808.8331ms)
✔ unknown nutrition stays unknown and natural measures do not change (142.6462ms)
✔ incomplete nutrition and same-GTIN conflicts never gain ordinary admission (2436.5353ms)
✔ protected McCain canonical alias and 75 g Review energy are unchanged (5.0102ms)
✔ family audit and admissions are hash-pinned with private-testing policy intact (41.0539ms)
✔ all accepted brand identity, panel and measure bytes match starting SOURCE (1068.9429ms)
✔ house-brand ingredient and use mentions cannot pollute concept narrowing (0.8142ms)
✔ explicit retailer and house-brand product requests preserve evidenced identity (17.5454ms)
✔ 1. exact barcode intent resolves one product (943.0031ms)
✔ 2. exact product intent requires a defensible product identity (0.5944ms)
✔ 3. consumer brand intent comes from the brand index (0.3203ms)
✔ 4. brand plus product intent is composed before ranking (0.469ms)
✔ 5. generic category intent comes from category intelligence (0.2387ms)
✔ 6. broad fallback remains available (0.3386ms)
✔ 7. no confident match is explicit (0.1975ms)
✔ 8. brand spaces normalise generically (0.274ms)
✔ 9. brand punctuation is ignored by the generic key (0.3907ms)
✔ 10. apostrophes normalise generically (0.3031ms)
✔ 11. case normalises generically (2.6512ms)
✔ 12. company/source text is not consumer-brand membership (1.4693ms)
✔ 13. exact product-name field outranks weak text (1.6684ms)
✔ 14. Australian catalogue source outranks broad online fallback (0.3356ms)
✔ 15. category membership is grouped ahead of incidental text (0.279ms)
✔ 16. adding product words restricts a recognised brand (0.1691ms)
✔ 17. online federation does not mutate local order (3.5702ms)
✔ 18. query progression reports meaningful refinement (0.4306ms)
✔ 19. brand reference is navigation-only (0.3448ms)
✔ 20. barcode-only identity is not exact eligible (0.2945ms)
✔ 21. all-uppercase source labels receive readable capitalization (0.295ms)
✔ 22. exact GTIN deduplication is conservative (13.1689ms)
✔ 23. real variants with different GTINs remain separate (0.3392ms)
✔ 24. brand enters the one guided engine (17.0219ms)
✔ 25. a weak large-brand category facet falls back to product pagination (304.637ms)
✔ 26. manageable data-derived variants present concrete products (2.1031ms)
✔ 27. only facets that divide candidates are asked (2.2406ms)
✔ 28. Back recomputes from identity answers (9.4695ms)
✔ 29. upstream identity change clears amount state (13.1593ms)
✔ 30. liquid profile uses mL (3.0545ms)
✔ 31. liquid profile offers an Australian 250 mL cup (1.9183ms)
✔ 32. spread profile uses grams (2.6514ms)
✔ 33. spread retains an explicit compatible manufacturer serve (3.5611ms)
✔ 34. trusted generic spread teaspoon uses the existing HEC 5 g conversion (1.7498ms)
✔ 35. an explicit package teaspoon count is allowed (1.9239ms)
✔ 36. countable package derives a piece measure (1.5602ms)
✔ 37. custom decimal amount scales after measure (7.4913ms)
✔ 38. package size is not selected consumption (6.1236ms)
✔ 39. nutrition basis is not selected consumption (3.3223ms)
✔ 40. conflicting kcal and kJ are normalised from one source (0.2517ms)
✔ 41. one basis factor scales kcal and kJ together (0.1357ms)
✔ 42. missing nutrient remains unknown (0.0909ms)
✔ 43. energy conflict downgrades integrity (0.1015ms)
✔ 44. missing macros produce partial nutrition (0.0927ms)
✔ 45. identity-only product is blocked safely (0.3498ms)
✔ 46. real Flora brand universe remains 30 products (0.2128ms)
✔ 47. real Meadow Lea variants share one brand and omit the reference as exact (1.6521ms)
✔ 48. real Milk ranks plain identity/category members first (0.2969ms)
✔ 49. real Pauls excludes similar unrelated brands (0.3103ms)
✔ 50. real Trim Milk keeps both Australian candidates (0.6613ms)
✔ 51. Pauls Trim Milk restricts within Pauls (0.1568ms)
✔ 52. Big Mac authoritative source remains present (0.822ms)
✔ 53. Large McDonald’s Fries remains present (0.8482ms)
✔ 54. Hotcakes complete-meal rule remains present (0.7587ms)
✔ 55. Bunnings natural item remains present (4.6595ms)
✔ 56. Chiko canonical dedup remains one display row (0.5572ms)
✔ 57. generic Fries routing remains preserved (1.4203ms)
✔ 58. Weight foundation remains loaded (1.3586ms)
✔ 59. focused keyboard handler preserves the caret (8.5919ms)
✔ 60. all 73,300 committed products remain indexed (0.375ms)
✔ 61. product shards remain lazy rather than startup-preloaded (1.0179ms)
✔ 62. broader online remains a weaker source tier (0.4174ms)
✔ 63. exact catalogue product taps enter the shared guide (6.0895ms)
✔ 64. serving UI asks measure then amount clearly (8.4564ms)
✔ 65. architecture audit answers all ten requirements YES (10.0541ms)
✔ 66. punctuation-heavy single-brand products use the derived exact-name index (0.232ms)
✔ ordinary supermarket browse is relationship-gated, current or uncertain, never sale or provenance alone (1390.2037ms)
✔ independent and legacy products retain useful global search and canonical identity (278.4234ms)
✔ retailer Brands navigation reaches Seasons Pride and Elmsbury, with category intersection (9.2575ms)
✔ compound foods outrank ingredient and broad cake tokens in projected categories and concepts (5.0443ms)
✔ Jewel/Gem aliases resolve one canonical product, preserve authentic names and exact branded intent (21.7085ms)
✔ all accepted source identity, nutrition, measure and evidence facts remain byte-equivalent (1801.3644ms)
✔ protected McCain review still resolves its canonical alias and accepted energy (1.7842ms)
✔ fixed manifest is bounded, canonical-distinct and all decisions reconcile (37.9156ms)
✔ all 15 existing restrictions survive fresh evidence and runtime hydration (583.9827ms)
✔ 24 Wave 1B corrections survive; Wave 2A accounts for later shared fallback changes (316.4856ms)
✔ shared category rules are retailer-neutral and reject misleading ingredients and forms (0.5992ms)
✔ stock and flavour cues never hijack chicken, while ordinary chicken remains compatible (2.2825ms)
✔ retailer concept queries retrieve evidenced families without lexical cereal in every title (63.1584ms)
✔ dry preparation words take precedence over beverage ancestry without changing prepared drinks (6.5239ms)
✔ structured Australian savoury biscuits provide generic Crackers without admitting sweet biscuits (53.4654ms)
✔ concepts with a source-context chooser cannot be pre-filtered to generic records (0.4293ms)
✔ new admissions have complete required nutrients and preserve unknown fibre (2.4846ms)
✔ physical form and explicit serving support one amount handoff with no pack-derived units (15.8624ms)
✔ independent consumer brand and retailer presence remain separate throughout global hydration (238.4778ms)
✔ deferred candidates cannot gain a Wave 1B admission or bypass existing restrictions (0.6284ms)
✔ global index/shard hashes, canonical uniqueness and brand counts reconcile (1077.038ms)
✔ new evidence cannot override a material same-GTIN identity or formulation conflict (15.6672ms)
✔ Woolworths outputs regenerate byte-for-byte offline without replacing source evidence (5610.3269ms)
✔ the standalone Woolworths builder check resolves its adapter dependency without a circular-export failure (3794.2814ms)
✔ 39 distinct candidates obey all four ceilings and dispositions reconcile without fabricated admissions (6.9005ms)
✔ all retained Coles exclusions remain excluded with exact nutrition and serving facts (852.0403ms)
✔ all reviewed category moves preserve identity, nutrition, unknowns, serving and provenance (902.9906ms)
✔ shared product-head rules are retailer-neutral and reject compounds and ambiguous fragments (0.9492ms)
✔ Coles/Woolworths/Aldi counts, category deltas and every moved house identity reconcile (1688.3554ms)
✔ independent McCain discovery improves the existing global canonical record without ownership or nutrition substitution (451.3489ms)
✔ thin-family and second independent discovery holds never create substitute canonical identities (9.6167ms)
✔ accepted Woolworths vegetables and Campbell stock retain exact logged energy and missing fibre (524.604ms)
✔ every changed global category has whole-product evidence and retains index/shard parity (1345.0988ms)
✔ protected OFF, restaurant, reference and deployment payloads remain byte-for-byte unchanged (1872.4465ms)
✔ all catalogue projections reproduce byte-for-byte and retain the complete evidence groups (25728.3051ms)
✔ all Coles source rows reproduce from pinned, attributable OFF bytes without changing the protected layer (2345.7432ms)
✔ reviewed collection directory is lazy, paged and excludes restricted rows (844.6694ms)
✖ guided Coles bread uses reviewed source-declared brand identity without claiming retailer verification (518.428ms)
✔ synthetic national-brand, missing-pin, foreign-source and wrong-record claims cannot enter the collection (265.0691ms)
✔ compatible same-GTIN OFF hydration retains one identity and the separate collection provenance (309.4203ms)
✔ synthetic compatible cross-retailer evidence keeps memberships separate and never manufactures Coles listing evidence (308.3894ms)
✔ synthetic same-GTIN brand/pack/form conflicts remain blocked after re-canonicalisation (352.0839ms)
✔ missing and conflicting real nutrition remains restricted; unknown optional nutrients stay unknown (363.5291ms)
✔ source natural bread slices and mL drink amounts retain one confirmation and unchanged nutrition (294.2113ms)
✔ late Coles requests cannot replace Woolworths or generic query ownership (500.8579ms)
✔ changed hydrated collection evidence fails closed and cannot silently admit a different source (489.298ms)
✔ generic intent and existing OFF identifiers remain unchanged (232.1847ms)
✔ base bread asks origin, then supported bread types (87.5839ms)
✔ compound bread identities cannot compete with ordinary bread (0.5478ms)
✔ whole meal spelling and supplied white/wholemeal facets agree (6.5095ms)
✔ quantity, food identity and supplied bread type remain separate (1.0586ms)
✔ milk source is unresolved before cow, oat and other source choices (3.1616ms)
✔ milk compounds are excluded while genuine chocolate flavoured milk remains fluid milk (1.3843ms)
✔ plant source queries never acquire cow fat/lactose questions (4.8523ms)
✔ cow source and milk fat/lactose intent are preserved independently (1.9262ms)
✔ AFCD ingredient qualifiers cannot replace an egg or bread head concept (1.0344ms)
✔ plain cereal, cheese, chicken, apple and rice exclude containing foods (1.1542ms)
✔ specific confectionery and condiment categories outrank ingredient-like product names (0.9223ms)
✔ edited identity metadata invalidates classification and facet caches (0.8682ms)
✔ fresh apple is distinct from dried apple and whole eggs never acquire poultry measures (18.2502ms)
✔ hash-brown identity supports plural and spacing without admitting composed dishes (0.577ms)
✔ chips asks food class before preparation and distinguishes fries from crisps (3.5904ms)
✔ declared restaurant identities survive an unrelated same-title incomplete record (92.3062ms)
✔ exact product semantics beat a longer variant independently of product names and scores (4.0947ms)
✔ restaurant aliases and explicit counts retain distinct shared intent (90.6319ms)
✔ natural measure utility prioritises slices and fluid volumes without restoring rejected units (6.2646ms)
✔ thin/thick spread cannot acquire invented conversions (2.0306ms)
✔ submitted generic diagnostics separate related concepts from equivalent identities (6.3663ms)
✔ bare family aliases do not pre-answer catch-all subtype facets (6.4029ms)
✔ yoghurt cannot inherit the nut ingredient standard serve (1.6734ms)
✔ non-adjacent chocolate egg names are confectionery (0.3601ms)
✔ brand and subtype inference separates bread from wraps using committed category evidence (0.5909ms)
✔ catalogue discovery expands declared alias inflections before concept filtering (0.6748ms)
✔ egg preparation preserves named methods and skips supplied cooking information (5.05ms)
✔ real catalogue identity outranks broad beverage ancestry (28.1841ms)
✔ raw solid mL is quarantined at the final profile and resolved-food boundary (2.2909ms)
✔ raw solid L is quarantined at the final profile and resolved-food boundary (1.236ms)
✔ raw solid cup is quarantined at the final profile and resolved-food boundary (1.3101ms)
✔ package volume and unsuitable source units cannot redefine a named solid (4.9649ms)
✔ genuine per-100-mL solid conflict is not relabelled or scaled as grams (1.9588ms)
✔ valid gram nutrition survives an incompatible source serving (1.6283ms)
✔ volume aliases are validated by user-facing family, not a countable default (2.3673ms)
✔ guided Review cannot reintroduce quarantined units (12.8372ms)
✔ voice and typed measure resolution rejects solid volume and accepts supported grams (1.4812ms)
✔ liquid identity preserves volumes and rejects unrelated solid item units (2.714ms)
✔ spreads preserve validated household-to-gram measures without becoming liquid (3.1665ms)
✔ sliced food preserves source slice and grams (1.7107ms)
✔ official restaurant item preserves its natural unit (67.0212ms)
✔ unknown identity with only volume metadata has a conservative completion state (5.7467ms)
✔ specific short-plural food categories outrank beverage flavour words (1.5837ms)
✔ specific liquid categories retain milk despite chocolate flavour metadata (0.9822ms)
✔ powdered milk remains solid despite liquid ancestry (0.2759ms)
✔ explicit source mL denominator is preserved before semantic normalization (0.6921ms)
✔ trusted density conversion supports grams without exposing volume for a solid (0.8548ms)
✔ late carried candidates and legacy allowed lists cross the same firewall (0.6132ms)
✔ consumedPortion rejects a quarantined carried measure when food is supplied (0.4055ms)
✔ legacy inferred catalogue form cannot override solid identity (0.8944ms)
✔ explicit source slice counts on a countable product keep their gram conversion (1.5597ms)
✔ real McCain product is safe through production search and rendered Portion Choice (16666.1216ms)
✔ semantic source order prefers explicit metadata before source metadata and inference (3.2261ms)
✔ representative records cover all eight reusable semantic roles (0.6939ms)
✔ serving policy retains natural, count, size, package and 100 g reference semantics (0.8628ms)
✔ Hotcakes is a complete source-backed meal and never a condiment serving (0.6013ms)
✔ Hotcakes and hot cakes rank the complete item first while explicit syrup intent ranks the component first (125.9373ms)
✔ parent/component ranking is general rather than a Hotcakes-only rule (2.853ms)
✔ semantic validation rejects unsafe meal, package, natural-item and configurable combinations (0.7792ms)
✔ the deterministic McDonald’s audit covers all 211 records with no unresolved conflict (22.6125ms)
✔ counted and configurable records remain nutritionally safe (29.975ms)
✔ exact and close mobile result names use three-line and two-line wrapping contracts (6.6998ms)
✔ focused search layout leaves the first result usable at 390x844 and 390x520 (8.0619ms)
✔ incremental product ranking converges without changing the editable search field (203.9485ms)
✔ existing representative food behavior remains intact (24.7945ms)
✔ the semantic module is loaded once before catalogue imports and cached offline (6.0391ms)
✔ generated shell and worker exactly match the canonical content generation (157.5534ms)
✔ same visible version with changed controller produces a new shared generation (130.5107ms)
✔ complete dependency inventory includes bootstrap configuration and both deployment variants (1.6962ms)
✔ my-data installs verified core before skipWaiting and exposes safe readiness (178.3507ms)
✔ test installs verified core before skipWaiting and exposes safe readiness (117.6737ms)
✔ required core 404 rejects installation and keeps incomplete staging unreadable for retry (154.2088ms)
✔ required core wrong-bytes rejects installation and keeps incomplete staging unreadable for retry (139.753ms)
✔ slow required dependency does not publish readiness or skipWaiting early (154.7481ms)
✔ optional artwork failure is outside atomic core readiness (198.656ms)
✔ navigation and versioned core remain cached and coherent while offline (131.5821ms)
✔ missing generation and unknown generation cannot fall back to old core or HTML (139.4764ms)
✔ unversioned core data consumers receive the verified current data, not a network revalidation (133.6195ms)
✔ activation retains previous caches until every live client reports current readiness (117.5153ms)
✔ same-path cached assets cannot cross a generation boundary (116.5091ms)
✔ bootstrap owns update lifecycle and leaves personal storage contracts untouched (2.4099ms)
✔ exact retailer recognition remains separate from consumer-brand identity (27.5131ms)
✔ no name, OFF URL or brand-index match can substitute for verified retailer membership (17.7048ms)
✔ membership keeps the national and private-label consumer brands and provenance intact (49.0243ms)
✔ community nutrition with separate official listing evidence does not become manufacturer verification (7.7515ms)
✔ food-only categories and all-items postings exclude non-food products (9.7921ms)
✔ root and category directory do not hydrate products; pages have a strict bound and cache (10.1773ms)
✔ category and Back navigation retain retailer ownership (4.8053ms)
✔ retiring retailer intent leaves subsequent generic and brand searches independent (106.1638ms)
✔ late retailer hydration cannot replace a newer owner or refill its cancelled session (2.3827ms)
✔ late category result cannot overwrite a newer category within the same query (3.1891ms)
✔ a synthetic second retailer uses the identical registration, evidence and browse contracts (3.2691ms)
✔ guided supermarket identity requires separate house/private-label evidence, not retailer stock (3.2116ms)
✔ actual consumer-brand selection still uses consumer-brand membership (1.4524ms)
✔ unverified or wrong-brand commercial identity evidence cannot widen the guided route (1.5871ms)
✔ product handoff keeps canonical identity, unknown nutrients and one confirmation (14.7029ms)
✔ a loader cannot substitute foreign IDs or weaken the indexed listing evidence (2.5757ms)
✔ retailer aliases cannot take over generic food or known consumer-brand recognition (2.3731ms)
✔ the generic source converter requires consumer brand and does not turn retailers into restaurants (6.7999ms)
✔ compatible title punctuation and casing retains authority, aliases and original source titles (36.9812ms)
✔ compatible title harmless wording refresh retains authority, aliases and original source titles (4.9284ms)
✔ compatible title retailer wording and word order retains authority, aliases and original source titles (4.0348ms)
✔ compatible title duplicated pack wording retains authority, aliases and original source titles (4.7697ms)
✔ compatible title current verified title retains authority, aliases and original source titles (4.1387ms)
✔ equally trusted compatible titles use existing publication currentness (1.1124ms)
✔ material title Original versus Chocolate remains unresolved (12.3877ms)
✔ material title Full Cream versus Reduced Fat remains unresolved (5.2805ms)
✔ material title regular versus Gluten Free remains unresolved (4.8204ms)
✔ material title title pack 420 g versus 840 g remains unresolved (5.7895ms)
✔ material title 6 Pack versus 12 Pack remains unresolved (3.6923ms)
✔ material title salt formulation remains unresolved (3.2957ms)
✔ material title sweetening remains unresolved (5.5632ms)
✔ material title title size remains unresolved (4.8917ms)
✔ material title product family remains unresolved (3.4467ms)
✔ structured pack versus title-only pack cannot bypass identity checking (2.893ms)
✔ compatible same-GTIN evidence still corroborates with manufacturer authority and both sources (2.5666ms)
✔ same GTIN 420 g versus 840 g is inspectable identity conflict even with stronger manufacturer evidence (5.6665ms)
✔ incompatible same-GTIN flavour blocks ordinary logging (2.6484ms)
✔ incompatible same-GTIN brand blocks ordinary logging (2.374ms)
✔ incompatible same-GTIN physical form blocks ordinary logging (2.2001ms)
✔ incompatible same-GTIN explicit variant blocks ordinary logging (7.4331ms)
✔ incompatible same-GTIN count blocks ordinary logging (3.5833ms)
✔ incompatible same-GTIN size blocks ordinary logging (3.1951ms)
✔ same-GTIN identity conflict cannot be cleared by re-canonicalising with the preferred clean source (3.3134ms)
✔ equal-authority nutrition conflict remains blocked and never averaged (2.3817ms)
✔ different GTINs remain distinct without manufacturing or replacing barcodes (0.856ms)
✔ all shared dedupe surfaces retain the same-GTIN conflict instead of choosing a clean rank winner (6.339ms)
✔ retailer index loads all same-GTIN evidence on the same page before permitting selection (6.0476ms)
✔ unlisted OFF evidence for a listed GTIN is retained for conflict analysis without creating another retailer product (5.1039ms)
ℹ tests 254
ℹ suites 0
ℹ pass 253
ℹ fail 1
ℹ cancelled 0
ℹ skipped 0
ℹ todo 0
ℹ duration_ms 49073.6216

✖ failing tests:

test at tests\coles-source.test.js:17:1
✖ guided Coles bread uses reviewed source-declared brand identity without claiming retailer verification (518.428ms)
  AssertionError [ERR_ASSERTION]: The expression evaluated to a falsy value:
  
    assert(result.foods.every(f=>C.privateLabelCollectionMembership(f,'coles').length>0))
  
      at TestContext.<anonymous> (C:\Users\mlwes\OneDrive\Documents\HEC Development\Healthy_Eating_Companion_Founder_Trial_Alpha_0_6_32\tests\coles-source.test.js:18:211)
      at async Test.run (node:internal/test_runner/test:1389:7)
      at async Test.processPendingSubtests (node:internal/test_runner/test:960:7) {
    generatedMessage: true,
    code: 'ERR_ASSERTION',
    actual: false,
    expected: true,
    operator: '==',
    diff: 'simple'
  }
