✔ every generated record passes identity, GTIN, AU, nutrition, conflicts and unknown preservation (25785.8552ms)
✔ all admitted source tokens meet reproducible tiers without merging companies or sub-brands (13003.9368ms)
✔ the wave adds no duplicate OFF identity and retains existing retailer evidence (3520.2571ms)
✔ known solids never gain liquid measures in the complete generated wave (5524.5379ms)
✔ brand plus exact product outranks lexical extensions and incomplete records never enter brand browse (538.3475ms)
✔ brand browse is bounded, category scoped, and all pages cover the complete brand (316.161ms)
✔ generic food and retailer intent cannot become an exact-brand catalogue query (6.183ms)
✔ a complete indexed brand outranks a shorter registered brand prefix (32.6571ms)
✔ concept Brand Name options contain accepted relevant products only (679.8032ms)
✔ source tokens allow secondary explicit brand membership without ownership inference (1.6267ms)
✔ cancelled asynchronous queries cannot hand off foods (2.5159ms)
✔ decorated brand sorting preserves the existing complete ranking order (494.544ms)
✔ cached raw OFF rows cannot bypass audited brand admission (165.8773ms)
✔ representative real products retain one amount-to-Review conversion (76.5083ms)
✔ audited brand generation is byte deterministic and committed outputs match (86452.9014ms)
✔ cached online renderer and subsequent lookup retain conflict, retailer evidence and both packs (102.1545ms)
✔ product cache retains complete canonical evidence even when one competing source did not score (6.0903ms)
✔ online canonical ranking retains score, Australian preference and name tie ordering (3.7261ms)
✔ federated and repeatedly canonicalised conflicts remain blocked through the cached UI (6.9287ms)
✔ legacy online result policy retains canonical legacy records and stable lookup (16.7833ms)
✔ brand query families unite membership without merging variant nutrition identities (1010.8932ms)
✔ bare roots and specific product queries retain distinct ownership (6.8169ms)
✔ reviewed unsafe beverage identities remain held across all canonical consumers (40.7377ms)
✔ volume and energy audit 9313820004518 (7.381ms)
✔ volume and energy audit 9313820016108 (7.6507ms)
✔ volume and energy audit 9300675001410 (3.1904ms)
✔ volume and energy audit 9300675011419 (2.1823ms)
✔ volume and energy audit 9300675090667 (3.9469ms)
✔ volume and energy audit 9310021039028 (7.7758ms)
✔ volume and energy audit 9310077313011 (5.735ms)
✔ mass, energy units, printed zero and Unknown remain distinct (8.763ms)
✔ food heads outrank ingredient words and unsupported snack-stick classification stays deferred (3.8733ms)
✔ retailer totals, ownership, filtering, paging and category membership stay consistent (5779.5492ms)
✔ small catalogue navigation is adaptive and large catalogues stay bounded (0.4059ms)
✔ accepted local brand products cannot bypass conflicting same-GTIN retailer evidence (16.8633ms)
✔ real catalogue identity outranks broad beverage ancestry (105.2972ms)
✔ raw solid mL is quarantined at the final profile and resolved-food boundary (9.6447ms)
✔ raw solid L is quarantined at the final profile and resolved-food boundary (2.0964ms)
✔ raw solid cup is quarantined at the final profile and resolved-food boundary (1.9735ms)
✔ package volume and unsuitable source units cannot redefine a named solid (11.6096ms)
✔ genuine per-100-mL solid conflict is not relabelled or scaled as grams (5.925ms)
✔ valid gram nutrition survives an incompatible source serving (4.9959ms)
✔ volume aliases are validated by user-facing family, not a countable default (3.6951ms)
✔ guided Review cannot reintroduce quarantined units (18.1667ms)
✔ voice and typed measure resolution rejects solid volume and accepts supported grams (1.8915ms)
✔ liquid identity preserves volumes and rejects unrelated solid item units (4.5877ms)
✔ spreads preserve validated household-to-gram measures without becoming liquid (3.009ms)
✔ sliced food preserves source slice and grams (2.2318ms)
✔ official restaurant item preserves its natural unit (90.2411ms)
✔ unknown identity with only volume metadata has a conservative completion state (3.9694ms)
✔ specific short-plural food categories outrank beverage flavour words (1.8321ms)
✔ specific liquid categories retain milk despite chocolate flavour metadata (1.3272ms)
✔ powdered milk remains solid despite liquid ancestry (0.5363ms)
✔ explicit source mL denominator is preserved before semantic normalization (1.6406ms)
✔ trusted density conversion supports grams without exposing volume for a solid (2.0056ms)
✔ late carried candidates and legacy allowed lists cross the same firewall (1.3716ms)
✔ consumedPortion rejects a quarantined carried measure when food is supplied (0.7485ms)
✔ legacy inferred catalogue form cannot override solid identity (1.2507ms)
✔ explicit source slice counts on a countable product keep their gram conversion (1.9954ms)
✔ real McCain product is safe through production search and rendered Portion Choice (22156.168ms)
✔ A. generic Margarine persists one teaspoon as exactly 5 g (227.4509ms)
✔ B. generic Margarine persists an arbitrary 7 g amount (53.7235ms)
✔ C. Flora spread persists one teaspoon without reverting to its 10 g serve (16.6745ms)
✔ D. explicit manufacturer serve persists one by 10 g (6.9509ms)
✔ E. generic milk persists 250 mL (82.3787ms)
✔ F. generic milk persists one metric cup as 250 mL (65.4245ms)
✔ G. wholemeal bread persists one regular slice as 40 g (56.8783ms)
✔ H. countable food persists two biscuits as 30 g (7.4733ms)
✔ final Review amount edits update the same consumed-portion contract (41.2771ms)
✔ final Review measure edits update the contract without selecting a reference-basis default (38.4232ms)
✔ production editor scales Review nutrition from the consumed contract and persists it twice (1.6278ms)
✔ AUSNUT spread profile: generic margarine (3.9506ms)
✔ AUSNUT spread profile: Flora (1.7968ms)
✔ AUSNUT spread profile: Meadow Lea (2.0393ms)
✔ AUSNUT spread profile: Bega almond (1.6344ms)
✔ AUSNUT spread profile: peanut butter (1.4112ms)
✔ AUSNUT spread profile: yeast spread (1.3763ms)
✔ spread packet weights remain product-specific (1.7317ms)
✔ AUSNUT source metadata and disabled thickness gap are machine-auditable (0.1826ms)
✔ semantic source order prefers explicit metadata before source metadata and inference (4.6618ms)
✔ representative records cover all eight reusable semantic roles (2.8429ms)
✔ serving policy retains natural, count, size, package and 100 g reference semantics (0.9351ms)
✔ Hotcakes is a complete source-backed meal and never a condiment serving (0.6436ms)
✔ Hotcakes and hot cakes rank the complete item first while explicit syrup intent ranks the component first (190.4066ms)
✔ parent/component ranking is general rather than a Hotcakes-only rule (2.8869ms)
✔ semantic validation rejects unsafe meal, package, natural-item and configurable combinations (2.0477ms)
✔ the deterministic McDonald’s audit covers all 211 records with no unresolved conflict (32.0508ms)
✔ counted and configurable records remain nutritionally safe (42.7524ms)
✔ exact and close mobile result names use three-line and two-line wrapping contracts (14.5844ms)
✔ focused search layout leaves the first result usable at 390x844 and 390x520 (7.8575ms)
✔ incremental product ranking converges without changing the editable search field (253.8527ms)
✔ existing representative food behavior remains intact (36.6954ms)
✔ the semantic module is loaded once before catalogue imports and cached offline (11.1656ms)
✔ exact query ownership retires Cote for Côte (23.0909ms)
✔ exact query ownership retires Côte for Cote (1.4517ms)
✔ exact query ownership retires resume for résumé (0.8543ms)
✔ exact query ownership retires résumé for resume (0.761ms)
✔ exact query ownership retires Burgen for Bürgen (0.9551ms)
✔ exact query ownership retires Häagen-Dazs for Haagen-Dazs (1.0374ms)
✔ exact query ownership retires Milk for milk (2.4421ms)
✔ exact query ownership retires milk for milk  (0.8461ms)
✔ exact query ownership retires Bürgen for Bürgen (0.8469ms)
✔ returning to an earlier exact spelling cannot revive its old ticket (1.0053ms)
✔ approved retrieval equivalence never defines input identity (0.7759ms)
✔ production brand cache and late hydration stay owned across Cote → Côte (59.5116ms)
✔ production brand cache and late hydration stay owned across Côte → Cote (7.2669ms)
✔ production brand cache and late hydration stay owned across resume → résumé (7.1358ms)
✔ production brand cache and late hydration stay owned across résumé → resume (5.1959ms)
✔ production brand cache and late hydration stay owned across Burgen → Bürgen (4.4679ms)
✔ production brand cache and late hydration stay owned across Häagen-Dazs → Haagen-Dazs (3.9315ms)
✔ currentness checks require exact input even if a caller supplies the current revision (3.3067ms)
✔ production OFF await rejects a late response after an exact-input edit (4.2227ms)
✔ production delayed preview cannot revive a retired query (4.6543ms)
✔ production explicit-product hydration ignores a retired owner even with the same local request token (5.7927ms)
✔ production guided-source hydration rejects a retired central owner (4.4805ms)
✔ generated shell and worker exactly match the canonical content generation (216.8171ms)
✔ same visible version with changed controller produces a new shared generation (202.7239ms)
✔ complete dependency inventory includes bootstrap configuration and both deployment variants (3.0787ms)
✔ my-data installs verified core before skipWaiting and exposes safe readiness (273.5567ms)
✔ test installs verified core before skipWaiting and exposes safe readiness (164.8223ms)
✔ required core 404 rejects installation and keeps incomplete staging unreadable for retry (150.9153ms)
✔ required core wrong-bytes rejects installation and keeps incomplete staging unreadable for retry (138.5909ms)
✔ slow required dependency does not publish readiness or skipWaiting early (178.77ms)
✔ optional artwork failure is outside atomic core readiness (164.336ms)
✔ navigation and versioned core remain cached and coherent while offline (139.3335ms)
✔ missing generation and unknown generation cannot fall back to old core or HTML (132.749ms)
✔ unversioned core data consumers receive the verified current data, not a network revalidation (110.4571ms)
✔ activation retains previous caches until every live client reports current readiness (108.0335ms)
✔ same-path cached assets cannot cross a generation boundary (116.7724ms)
✔ bootstrap owns update lifecycle and leaves personal storage contracts untouched (2.9471ms)
✔ exact retailer recognition remains separate from consumer-brand identity (35.0107ms)
✔ no name, OFF URL or brand-index match can substitute for verified retailer membership (25.1247ms)
✔ membership keeps the national and private-label consumer brands and provenance intact (50.5289ms)
✔ community nutrition with separate official listing evidence does not become manufacturer verification (8.4865ms)
✔ food-only categories and all-items postings exclude non-food products (4.7442ms)
✔ root and category directory do not hydrate products; pages have a strict bound and cache (17.7934ms)
✔ category and Back navigation retain retailer ownership (4.4697ms)
✔ retiring retailer intent leaves subsequent generic and brand searches independent (136.3785ms)
✔ late retailer hydration cannot replace a newer owner or refill its cancelled session (4.4215ms)
✔ late category result cannot overwrite a newer category within the same query (4.5441ms)
✔ a synthetic second retailer uses the identical registration, evidence and browse contracts (6.0515ms)
✔ guided supermarket identity requires separate house/private-label evidence, not retailer stock (3.9041ms)
✔ actual consumer-brand selection still uses consumer-brand membership (1.3478ms)
✔ unverified or wrong-brand commercial identity evidence cannot widen the guided route (1.6162ms)
✔ product handoff keeps canonical identity, unknown nutrients and one confirmation (18.9115ms)
✔ a loader cannot substitute foreign IDs or weaken the indexed listing evidence (8.811ms)
✔ retailer aliases cannot take over generic food or known consumer-brand recognition (3.1416ms)
✔ the generic source converter requires consumer brand and does not turn retailers into restaurants (7.6997ms)
✔ every actual retailer category and house brand has eligible products and settles with exactly those identities (9139.8241ms)
✔ stale category, stale brand and empty intersection settle empty without offering zero choices (3.6963ms)
✔ unresolved adapter is bounded; late result cannot refill caches or overwrite retry (43.0555ms)
✔ shard deadline aborts stalled read, evicts rejected promise and allows real retry (14.6472ms)
✔ loader rejection and catalogue replacement terminate as errors (5.7631ms)
✔ timeout from an old request cannot finish a newer request (15.5496ms)
✔ compatible title punctuation and casing retains authority, aliases and original source titles (43.8676ms)
✔ compatible title harmless wording refresh retains authority, aliases and original source titles (7.1558ms)
✔ compatible title retailer wording and word order retains authority, aliases and original source titles (3.1309ms)
✔ compatible title duplicated pack wording retains authority, aliases and original source titles (3.1903ms)
✔ compatible title current verified title retains authority, aliases and original source titles (3.8295ms)
✔ equally trusted compatible titles use existing publication currentness (1.4571ms)
✔ material title Original versus Chocolate remains unresolved (20.5481ms)
✔ material title Full Cream versus Reduced Fat remains unresolved (10.5943ms)
✔ material title regular versus Gluten Free remains unresolved (7.6722ms)
✔ material title title pack 420 g versus 840 g remains unresolved (7.3331ms)
✔ material title 6 Pack versus 12 Pack remains unresolved (5.5529ms)
✔ material title salt formulation remains unresolved (4.1094ms)
✔ material title sweetening remains unresolved (3.04ms)
✔ material title title size remains unresolved (3.4019ms)
✔ material title product family remains unresolved (6.2202ms)
✔ structured pack versus title-only pack cannot bypass identity checking (5.416ms)
✔ compatible same-GTIN evidence still corroborates with manufacturer authority and both sources (2.4249ms)
✔ same GTIN 420 g versus 840 g is inspectable identity conflict even with stronger manufacturer evidence (7.0183ms)
✔ incompatible same-GTIN flavour blocks ordinary logging (4.6911ms)
✔ incompatible same-GTIN brand blocks ordinary logging (3.8759ms)
✔ incompatible same-GTIN physical form blocks ordinary logging (3.7507ms)
✔ incompatible same-GTIN explicit variant blocks ordinary logging (7.0785ms)
✔ incompatible same-GTIN count blocks ordinary logging (3.924ms)
✔ incompatible same-GTIN size blocks ordinary logging (5.2838ms)
✔ same-GTIN identity conflict cannot be cleared by re-canonicalising with the preferred clean source (5.8148ms)
✔ equal-authority nutrition conflict remains blocked and never averaged (1.5162ms)
✔ different GTINs remain distinct without manufacturing or replacing barcodes (0.5436ms)
✔ all shared dedupe surfaces retain the same-GTIN conflict instead of choosing a clean rank winner (4.1737ms)
✔ retailer index loads all same-GTIN evidence on the same page before permitting selection (10.7269ms)
✔ unlisted OFF evidence for a listed GTIN is retained for conflict analysis without creating another retailer product (5.7218ms)
ℹ tests 184
ℹ suites 0
ℹ pass 184
ℹ fail 0
ℹ cancelled 0
ℹ skipped 0
ℹ todo 0
ℹ duration_ms 99094.5294
