✔ every generated record passes identity, GTIN, AU, nutrition, conflicts and unknown preservation (11574.1597ms)
✔ all admitted source tokens meet reproducible tiers without merging companies or sub-brands (8648.9338ms)
✔ the wave adds no duplicate OFF identity and retains existing retailer evidence (1879.1987ms)
✔ known solids never gain liquid measures in the complete generated wave (2131.7707ms)
✔ brand plus exact product outranks lexical extensions and incomplete records never enter brand browse (288.0494ms)
✔ brand browse is bounded, category scoped, and all pages cover the complete brand (130.2863ms)
✔ generic food and retailer intent cannot become an exact-brand catalogue query (1.8056ms)
✔ a complete indexed brand outranks a shorter registered brand prefix (12.4687ms)
✔ concept Brand Name options contain accepted relevant products only (373.8119ms)
✔ source tokens allow secondary explicit brand membership without ownership inference (1.5654ms)
✔ cancelled asynchronous queries cannot hand off foods (2.2815ms)
✔ decorated brand sorting preserves the existing complete ranking order (200.346ms)
✔ cached raw OFF rows cannot bypass audited brand admission (88.2837ms)
✔ representative real products retain one amount-to-Review conversion (22.76ms)
✔ audited brand generation is byte deterministic and committed outputs match (45800.99ms)
✔ cached online renderer and subsequent lookup retain conflict, retailer evidence and both packs (47.8424ms)
✔ product cache retains complete canonical evidence even when one competing source did not score (3.556ms)
✔ online canonical ranking retains score, Australian preference and name tie ordering (2.0172ms)
✔ federated and repeatedly canonicalised conflicts remain blocked through the cached UI (6.1852ms)
✔ legacy online result policy retains canonical legacy records and stable lookup (7.5348ms)
✔ brand query families unite membership without merging variant nutrition identities (363.9275ms)
✔ bare roots and specific product queries retain distinct ownership (3.1525ms)
✔ reviewed unsafe beverage identities remain held across all canonical consumers (10.0854ms)
✔ volume and energy audit 9313820004518 (2.4379ms)
✔ volume and energy audit 9313820016108 (2.0735ms)
✔ volume and energy audit 9300675001410 (1.2811ms)
✔ volume and energy audit 9300675011419 (1.4522ms)
✔ volume and energy audit 9300675090667 (2.503ms)
✔ volume and energy audit 9310021039028 (2.7275ms)
✔ volume and energy audit 9310077313011 (3.0555ms)
✔ mass, energy units, printed zero and Unknown remain distinct (3.2233ms)
✔ food heads outrank ingredient words and unsupported snack-stick classification stays deferred (1.5559ms)
✔ retailer totals, ownership, filtering, paging and category membership stay consistent (3261.1028ms)
✔ small catalogue navigation is adaptive and large catalogues stay bounded (0.3082ms)
✔ real catalogue identity outranks broad beverage ancestry (36.6226ms)
✔ raw solid mL is quarantined at the final profile and resolved-food boundary (3.3348ms)
✔ raw solid L is quarantined at the final profile and resolved-food boundary (1.9738ms)
✔ raw solid cup is quarantined at the final profile and resolved-food boundary (1.6467ms)
✔ package volume and unsuitable source units cannot redefine a named solid (6.9779ms)
✔ genuine per-100-mL solid conflict is not relabelled or scaled as grams (3.2163ms)
✔ valid gram nutrition survives an incompatible source serving (3.2123ms)
✔ volume aliases are validated by user-facing family, not a countable default (1.351ms)
✔ guided Review cannot reintroduce quarantined units (11.7559ms)
✔ voice and typed measure resolution rejects solid volume and accepts supported grams (2.1621ms)
✔ liquid identity preserves volumes and rejects unrelated solid item units (4.5636ms)
✔ spreads preserve validated household-to-gram measures without becoming liquid (4.0722ms)
✔ sliced food preserves source slice and grams (2.0658ms)
✔ official restaurant item preserves its natural unit (70.984ms)
✔ unknown identity with only volume metadata has a conservative completion state (5.9729ms)
✔ specific short-plural food categories outrank beverage flavour words (1.8416ms)
✔ specific liquid categories retain milk despite chocolate flavour metadata (1.1855ms)
✔ powdered milk remains solid despite liquid ancestry (0.3013ms)
✔ explicit source mL denominator is preserved before semantic normalization (0.713ms)
✔ trusted density conversion supports grams without exposing volume for a solid (0.8483ms)
✔ late carried candidates and legacy allowed lists cross the same firewall (0.5888ms)
✔ consumedPortion rejects a quarantined carried measure when food is supplied (0.414ms)
✔ legacy inferred catalogue form cannot override solid identity (1.0221ms)
✔ explicit source slice counts on a countable product keep their gram conversion (2.1917ms)
✔ real McCain product is safe through production search and rendered Portion Choice (16615.2004ms)
✔ A. generic Margarine persists one teaspoon as exactly 5 g (83.3247ms)
✔ B. generic Margarine persists an arbitrary 7 g amount (29.6527ms)
✔ C. Flora spread persists one teaspoon without reverting to its 10 g serve (8.5922ms)
✔ D. explicit manufacturer serve persists one by 10 g (2.6169ms)
✔ E. generic milk persists 250 mL (41.4501ms)
✔ F. generic milk persists one metric cup as 250 mL (31.6569ms)
✔ G. wholemeal bread persists one regular slice as 40 g (27.5584ms)
✔ H. countable food persists two biscuits as 30 g (3.6682ms)
✔ final Review amount edits update the same consumed-portion contract (20.7599ms)
✔ final Review measure edits update the contract without selecting a reference-basis default (19.4858ms)
✔ production editor scales Review nutrition from the consumed contract and persists it twice (1.6278ms)
✔ AUSNUT spread profile: generic margarine (1.7234ms)
✔ AUSNUT spread profile: Flora (0.7566ms)
✔ AUSNUT spread profile: Meadow Lea (0.8292ms)
✔ AUSNUT spread profile: Bega almond (0.956ms)
✔ AUSNUT spread profile: peanut butter (0.9702ms)
✔ AUSNUT spread profile: yeast spread (0.8839ms)
✔ spread packet weights remain product-specific (1.2686ms)
✔ AUSNUT source metadata and disabled thickness gap are machine-auditable (0.1613ms)
✔ semantic source order prefers explicit metadata before source metadata and inference (1.925ms)
✔ representative records cover all eight reusable semantic roles (0.4068ms)
✔ serving policy retains natural, count, size, package and 100 g reference semantics (1.5399ms)
✔ Hotcakes is a complete source-backed meal and never a condiment serving (0.9504ms)
✔ Hotcakes and hot cakes rank the complete item first while explicit syrup intent ranks the component first (92.869ms)
✔ parent/component ranking is general rather than a Hotcakes-only rule (0.7304ms)
✔ semantic validation rejects unsafe meal, package, natural-item and configurable combinations (0.6075ms)
✔ the deterministic McDonald’s audit covers all 211 records with no unresolved conflict (17.9286ms)
✔ counted and configurable records remain nutritionally safe (22.6921ms)
✔ exact and close mobile result names use three-line and two-line wrapping contracts (5.1669ms)
✔ focused search layout leaves the first result usable at 390x844 and 390x520 (4.5429ms)
✔ incremental product ranking converges without changing the editable search field (146.4658ms)
✔ existing representative food behavior remains intact (18.7322ms)
✔ the semantic module is loaded once before catalogue imports and cached offline (3.4927ms)
✔ exact query ownership retires Cote for Côte (13.9597ms)
✔ exact query ownership retires Côte for Cote (0.948ms)
✔ exact query ownership retires resume for résumé (0.6473ms)
✔ exact query ownership retires résumé for resume (0.5411ms)
✔ exact query ownership retires Burgen for Bürgen (0.8007ms)
✔ exact query ownership retires Häagen-Dazs for Haagen-Dazs (0.828ms)
✔ exact query ownership retires Milk for milk (2.5861ms)
✔ exact query ownership retires milk for milk  (0.4847ms)
✔ exact query ownership retires Bürgen for Bürgen (0.5585ms)
✔ returning to an earlier exact spelling cannot revive its old ticket (0.5362ms)
✔ approved retrieval equivalence never defines input identity (0.2591ms)
✔ production brand cache and late hydration stay owned across Cote → Côte (36.163ms)
✔ production brand cache and late hydration stay owned across Côte → Cote (4.0401ms)
✔ production brand cache and late hydration stay owned across resume → résumé (3.6471ms)
✔ production brand cache and late hydration stay owned across résumé → resume (4.2865ms)
✔ production brand cache and late hydration stay owned across Burgen → Bürgen (3.2432ms)
✔ production brand cache and late hydration stay owned across Häagen-Dazs → Haagen-Dazs (2.0699ms)
✔ currentness checks require exact input even if a caller supplies the current revision (1.5667ms)
✔ production OFF await rejects a late response after an exact-input edit (2.3477ms)
✔ production delayed preview cannot revive a retired query (2.453ms)
✔ production explicit-product hydration ignores a retired owner even with the same local request token (2.7345ms)
✔ production guided-source hydration rejects a retired central owner (2.5028ms)
✔ generated shell and worker exactly match the canonical content generation (100.6652ms)
✔ same visible version with changed controller produces a new shared generation (93.3043ms)
✔ complete dependency inventory includes bootstrap configuration and both deployment variants (2.7325ms)
✔ my-data installs verified core before skipWaiting and exposes safe readiness (125.6633ms)
✔ test installs verified core before skipWaiting and exposes safe readiness (83.9196ms)
✔ required core 404 rejects installation and keeps incomplete staging unreadable for retry (80.8155ms)
✔ required core wrong-bytes rejects installation and keeps incomplete staging unreadable for retry (66.4432ms)
✔ slow required dependency does not publish readiness or skipWaiting early (77.345ms)
✔ optional artwork failure is outside atomic core readiness (77.9311ms)
✔ navigation and versioned core remain cached and coherent while offline (76.8828ms)
✔ missing generation and unknown generation cannot fall back to old core or HTML (97.3415ms)
✔ unversioned core data consumers receive the verified current data, not a network revalidation (87.7722ms)
✔ activation retains previous caches until every live client reports current readiness (82.153ms)
✔ same-path cached assets cannot cross a generation boundary (84.4086ms)
✔ bootstrap owns update lifecycle and leaves personal storage contracts untouched (1.5536ms)
✔ exact retailer recognition remains separate from consumer-brand identity (12.678ms)
✔ no name, OFF URL or brand-index match can substitute for verified retailer membership (9.847ms)
✔ membership keeps the national and private-label consumer brands and provenance intact (23.1023ms)
✔ community nutrition with separate official listing evidence does not become manufacturer verification (3.3541ms)
✔ food-only categories and all-items postings exclude non-food products (1.6875ms)
✔ root and category directory do not hydrate products; pages have a strict bound and cache (9.0285ms)
✔ category and Back navigation retain retailer ownership (3.6418ms)
✔ retiring retailer intent leaves subsequent generic and brand searches independent (45.8044ms)
✔ late retailer hydration cannot replace a newer owner or refill its cancelled session (1.6309ms)
✔ late category result cannot overwrite a newer category within the same query (1.6244ms)
✔ a synthetic second retailer uses the identical registration, evidence and browse contracts (1.6673ms)
✔ guided supermarket identity requires separate house/private-label evidence, not retailer stock (2.0138ms)
✔ actual consumer-brand selection still uses consumer-brand membership (0.7619ms)
✔ unverified or wrong-brand commercial identity evidence cannot widen the guided route (0.7779ms)
✔ product handoff keeps canonical identity, unknown nutrients and one confirmation (8.1757ms)
✔ a loader cannot substitute foreign IDs or weaken the indexed listing evidence (2.3083ms)
✔ retailer aliases cannot take over generic food or known consumer-brand recognition (1.3828ms)
✔ the generic source converter requires consumer brand and does not turn retailers into restaurants (2.6547ms)
✔ every actual retailer category and house brand has eligible products and settles with exactly those identities (5889.8297ms)
✔ stale category, stale brand and empty intersection settle empty without offering zero choices (2.5995ms)
✔ unresolved adapter is bounded; late result cannot refill caches or overwrite retry (46.1291ms)
✔ shard deadline aborts stalled read, evicts rejected promise and allows real retry (28.0876ms)
✔ loader rejection and catalogue replacement terminate as errors (7.0081ms)
✔ timeout from an old request cannot finish a newer request (25.1345ms)
✔ compatible title punctuation and casing retains authority, aliases and original source titles (48.3362ms)
✔ compatible title harmless wording refresh retains authority, aliases and original source titles (5.1692ms)
✔ compatible title retailer wording and word order retains authority, aliases and original source titles (2.7367ms)
✔ compatible title duplicated pack wording retains authority, aliases and original source titles (3.1672ms)
✔ compatible title current verified title retains authority, aliases and original source titles (4.5517ms)
✔ equally trusted compatible titles use existing publication currentness (0.7872ms)
✔ material title Original versus Chocolate remains unresolved (8.0088ms)
✔ material title Full Cream versus Reduced Fat remains unresolved (5.753ms)
✔ material title regular versus Gluten Free remains unresolved (3.5166ms)
✔ material title title pack 420 g versus 840 g remains unresolved (3.8812ms)
✔ material title 6 Pack versus 12 Pack remains unresolved (3.9703ms)
✔ material title salt formulation remains unresolved (4.9616ms)
✔ material title sweetening remains unresolved (3.7146ms)
✔ material title title size remains unresolved (3.2245ms)
✔ material title product family remains unresolved (2.8836ms)
✔ structured pack versus title-only pack cannot bypass identity checking (3.9622ms)
✔ compatible same-GTIN evidence still corroborates with manufacturer authority and both sources (1.8521ms)
✔ same GTIN 420 g versus 840 g is inspectable identity conflict even with stronger manufacturer evidence (2.9729ms)
✔ incompatible same-GTIN flavour blocks ordinary logging (2.5141ms)
✔ incompatible same-GTIN brand blocks ordinary logging (2.2153ms)
✔ incompatible same-GTIN physical form blocks ordinary logging (2.4336ms)
✔ incompatible same-GTIN explicit variant blocks ordinary logging (4.4306ms)
✔ incompatible same-GTIN count blocks ordinary logging (5.3183ms)
✔ incompatible same-GTIN size blocks ordinary logging (3.6612ms)
✔ same-GTIN identity conflict cannot be cleared by re-canonicalising with the preferred clean source (3.194ms)
✔ equal-authority nutrition conflict remains blocked and never averaged (0.9638ms)
✔ different GTINs remain distinct without manufacturing or replacing barcodes (0.4223ms)
✔ all shared dedupe surfaces retain the same-GTIN conflict instead of choosing a clean rank winner (6.0622ms)
✔ retailer index loads all same-GTIN evidence on the same page before permitting selection (6.2732ms)
✔ unlisted OFF evidence for a listed GTIN is retained for conflict analysis without creating another retailer product (2.8752ms)
ℹ tests 183
ℹ suites 0
ℹ pass 183
ℹ fail 0
ℹ cancelled 0
ℹ skipped 0
ℹ todo 0
ℹ duration_ms 55393.5438
