✔ semantic source order prefers explicit metadata before source metadata and inference (4.8321ms)
✔ representative records cover all eight reusable semantic roles (1.1138ms)
✔ serving policy retains natural, count, size, package and 100 g reference semantics (1.9172ms)
✔ Hotcakes is a complete source-backed meal and never a condiment serving (1.4908ms)
✔ Hotcakes and hot cakes rank the complete item first while explicit syrup intent ranks the component first (219.3132ms)
✔ parent/component ranking is general rather than a Hotcakes-only rule (1.7618ms)
✔ semantic validation rejects unsafe meal, package, natural-item and configurable combinations (1.8594ms)
✔ the deterministic McDonald’s audit covers all 211 records with no unresolved conflict (37.4877ms)
✔ counted and configurable records remain nutritionally safe (35.9915ms)
✔ exact and close mobile result names use three-line and two-line wrapping contracts (6.5376ms)
✔ focused search layout leaves the first result usable at 390x844 and 390x520 (10.0269ms)
✔ incremental product ranking converges without changing the editable search field (319.5745ms)
✔ existing representative food behavior remains intact (32.7895ms)
✔ the semantic module is loaded once before catalogue imports and cached offline (3.9431ms)
✔ exact query ownership retires Cote for Côte (20.9596ms)
✔ exact query ownership retires Côte for Cote (1.7875ms)
✔ exact query ownership retires resume for résumé (1.14ms)
✔ exact query ownership retires résumé for resume (1.5002ms)
✔ exact query ownership retires Burgen for Bürgen (2.3053ms)
✔ exact query ownership retires Häagen-Dazs for Haagen-Dazs (2.8329ms)
✔ exact query ownership retires Milk for milk (4.0548ms)
✔ exact query ownership retires milk for milk  (0.7717ms)
✔ exact query ownership retires Bürgen for Bürgen (0.8265ms)
✔ returning to an earlier exact spelling cannot revive its old ticket (1.3248ms)
✔ approved retrieval equivalence never defines input identity (0.5822ms)
✔ production brand cache and late hydration stay owned across Cote → Côte (73.4839ms)
✔ production brand cache and late hydration stay owned across Côte → Cote (8.5866ms)
✔ production brand cache and late hydration stay owned across resume → résumé (7.8811ms)
✔ production brand cache and late hydration stay owned across résumé → resume (5.6032ms)
✔ production brand cache and late hydration stay owned across Burgen → Bürgen (5.1335ms)
✔ production brand cache and late hydration stay owned across Häagen-Dazs → Haagen-Dazs (3.9354ms)
✔ currentness checks require exact input even if a caller supplies the current revision (2.997ms)
✔ production OFF await rejects a late response after an exact-input edit (5.0664ms)
✔ production delayed preview cannot revive a retired query (5.6904ms)
✔ production explicit-product hydration ignores a retired owner even with the same local request token (5.7944ms)
✔ production guided-source hydration rejects a retired central owner (4.6568ms)
✔ every actual retailer category and house brand has eligible products and settles with exactly those identities (6921.5835ms)
✔ stale category, stale brand and empty intersection settle empty without offering zero choices (1.3355ms)
✔ unresolved adapter is bounded; late result cannot refill caches or overwrite retry (40.3676ms)
✔ shard deadline aborts stalled read, evicts rejected promise and allows real retry (27.0645ms)
✔ loader rejection and catalogue replacement terminate as errors (4.7889ms)
✔ timeout from an old request cannot finish a newer request (24.6012ms)
ℹ tests 42
ℹ suites 0
ℹ pass 42
ℹ fail 0
ℹ cancelled 0
ℹ skipped 0
ℹ todo 0
ℹ duration_ms 7388.1583
