✔ cached online renderer and subsequent lookup retain conflict, retailer evidence and both packs (70.5309ms)
✔ product cache retains complete canonical evidence even when one competing source did not score (4.0688ms)
✔ online canonical ranking retains score, Australian preference and name tie ordering (2.5841ms)
✔ federated and repeatedly canonicalised conflicts remain blocked through the cached UI (8.1677ms)
✔ legacy online result policy retains canonical legacy records and stable lookup (11.4913ms)
✔ brand query families unite membership without merging variant nutrition identities (909.6827ms)
✔ bare roots and specific product queries retain distinct ownership (40.3264ms)
✔ reviewed unsafe beverage identities remain held across all canonical consumers (56.9315ms)
✔ volume and energy audit 9313820004518 (6.8197ms)
✔ volume and energy audit 9313820016108 (9.0189ms)
✔ volume and energy audit 9300675001410 (4.7307ms)
✔ volume and energy audit 9300675011419 (13.8637ms)
✔ volume and energy audit 9300675090667 (19.4397ms)
✔ volume and energy audit 9310021039028 (7.0998ms)
✔ volume and energy audit 9310077313011 (8.685ms)
✔ mass, energy units, printed zero and Unknown remain distinct (7.047ms)
✔ food heads outrank ingredient words and unsupported snack-stick classification stays deferred (3.1749ms)
✔ retailer totals, ownership, filtering, paging and category membership stay consistent (4038.803ms)
✔ small catalogue navigation is adaptive and large catalogues stay bounded (0.3934ms)
✔ real catalogue identity outranks broad beverage ancestry (60.4534ms)
✔ raw solid mL is quarantined at the final profile and resolved-food boundary (3.8936ms)
✔ raw solid L is quarantined at the final profile and resolved-food boundary (1.7837ms)
✔ raw solid cup is quarantined at the final profile and resolved-food boundary (2.6055ms)
✔ package volume and unsuitable source units cannot redefine a named solid (6.715ms)
✔ genuine per-100-mL solid conflict is not relabelled or scaled as grams (3.1378ms)
✔ valid gram nutrition survives an incompatible source serving (3.7388ms)
✔ volume aliases are validated by user-facing family, not a countable default (2.117ms)
✔ guided Review cannot reintroduce quarantined units (17.0361ms)
✔ voice and typed measure resolution rejects solid volume and accepts supported grams (2.1919ms)
✔ liquid identity preserves volumes and rejects unrelated solid item units (3.4187ms)
✔ spreads preserve validated household-to-gram measures without becoming liquid (2.3287ms)
✔ sliced food preserves source slice and grams (1.1593ms)
✔ official restaurant item preserves its natural unit (85.8607ms)
✔ unknown identity with only volume metadata has a conservative completion state (7.1638ms)
✔ specific short-plural food categories outrank beverage flavour words (2.8713ms)
✔ specific liquid categories retain milk despite chocolate flavour metadata (0.9731ms)
✔ powdered milk remains solid despite liquid ancestry (0.2498ms)
✔ explicit source mL denominator is preserved before semantic normalization (0.673ms)
✔ trusted density conversion supports grams without exposing volume for a solid (1.0188ms)
✔ late carried candidates and legacy allowed lists cross the same firewall (0.7243ms)
✔ consumedPortion rejects a quarantined carried measure when food is supplied (0.5987ms)
✔ legacy inferred catalogue form cannot override solid identity (2.3118ms)
✔ explicit source slice counts on a countable product keep their gram conversion (6.3308ms)
✔ real McCain product is safe through production search and rendered Portion Choice (17368.1389ms)
✔ A. generic Margarine persists one teaspoon as exactly 5 g (145.2497ms)
✔ B. generic Margarine persists an arbitrary 7 g amount (41.6525ms)
✔ C. Flora spread persists one teaspoon without reverting to its 10 g serve (10.9173ms)
✔ D. explicit manufacturer serve persists one by 10 g (4.012ms)
✔ E. generic milk persists 250 mL (62.7013ms)
✔ F. generic milk persists one metric cup as 250 mL (45.3248ms)
✔ G. wholemeal bread persists one regular slice as 40 g (56.3517ms)
✔ H. countable food persists two biscuits as 30 g (15.8198ms)
✔ final Review amount edits update the same consumed-portion contract (59.5014ms)
✔ final Review measure edits update the contract without selecting a reference-basis default (38.0021ms)
✔ production editor scales Review nutrition from the consumed contract and persists it twice (1.6491ms)
✔ AUSNUT spread profile: generic margarine (3.9532ms)
✔ AUSNUT spread profile: Flora (2.9562ms)
✔ AUSNUT spread profile: Meadow Lea (2.3751ms)
✔ AUSNUT spread profile: Bega almond (2.3713ms)
✔ AUSNUT spread profile: peanut butter (1.6336ms)
✔ AUSNUT spread profile: yeast spread (9.3908ms)
✔ spread packet weights remain product-specific (5.0925ms)
✔ AUSNUT source metadata and disabled thickness gap are machine-auditable (0.746ms)
✔ semantic source order prefers explicit metadata before source metadata and inference (2.5339ms)
✔ representative records cover all eight reusable semantic roles (1.092ms)
✔ serving policy retains natural, count, size, package and 100 g reference semantics (4.3119ms)
✔ Hotcakes is a complete source-backed meal and never a condiment serving (0.6914ms)
✔ Hotcakes and hot cakes rank the complete item first while explicit syrup intent ranks the component first (167.427ms)
✔ parent/component ranking is general rather than a Hotcakes-only rule (2.9288ms)
✔ semantic validation rejects unsafe meal, package, natural-item and configurable combinations (1.5562ms)
✔ the deterministic McDonald’s audit covers all 211 records with no unresolved conflict (32.801ms)
✔ counted and configurable records remain nutritionally safe (35.5982ms)
✔ exact and close mobile result names use three-line and two-line wrapping contracts (8.6792ms)
✔ focused search layout leaves the first result usable at 390x844 and 390x520 (9.0435ms)
✔ incremental product ranking converges without changing the editable search field (247.1111ms)
✔ existing representative food behavior remains intact (27.2907ms)
✔ the semantic module is loaded once before catalogue imports and cached offline (3.5099ms)
✔ exact query ownership retires Cote for Côte (19.0656ms)
✔ exact query ownership retires Côte for Cote (2.5287ms)
✔ exact query ownership retires resume for résumé (1.9217ms)
✔ exact query ownership retires résumé for resume (1.2466ms)
✔ exact query ownership retires Burgen for Bürgen (1.9574ms)
✔ exact query ownership retires Häagen-Dazs for Haagen-Dazs (1.5921ms)
✔ exact query ownership retires Milk for milk (2.9797ms)
✔ exact query ownership retires milk for milk  (0.7096ms)
✔ exact query ownership retires Bürgen for Bürgen (1.9554ms)
✔ returning to an earlier exact spelling cannot revive its old ticket (1.398ms)
✔ approved retrieval equivalence never defines input identity (0.6767ms)
✖ production brand cache and late hydration stay owned across Cote → Côte (9.6173ms)
✖ production brand cache and late hydration stay owned across Côte → Cote (3.8434ms)
✖ production brand cache and late hydration stay owned across resume → résumé (4.4714ms)
✖ production brand cache and late hydration stay owned across résumé → resume (2.6774ms)
✖ production brand cache and late hydration stay owned across Burgen → Bürgen (2.1843ms)
✖ production brand cache and late hydration stay owned across Häagen-Dazs → Haagen-Dazs (3.0987ms)
✔ currentness checks require exact input even if a caller supplies the current revision (2.2495ms)
✔ production OFF await rejects a late response after an exact-input edit (3.4444ms)
✔ production delayed preview cannot revive a retired query (3.1731ms)
✔ production explicit-product hydration ignores a retired owner even with the same local request token (2.5813ms)
✔ production guided-source hydration rejects a retired central owner (3.2479ms)
ℹ Error: Test "production brand cache and late hydration stay owned across Cote → Côte" at tests\query-ownership.test.js:30:36 generated asynchronous activity after the test ended. This activity created the error "ReferenceError: clearTimeout is not defined" and would have caused the test to fail, but instead triggered an unhandledRejection event.
ℹ Error: Test "production brand cache and late hydration stay owned across Côte → Cote" at tests\query-ownership.test.js:30:36 generated asynchronous activity after the test ended. This activity created the error "ReferenceError: clearTimeout is not defined" and would have caused the test to fail, but instead triggered an unhandledRejection event.
ℹ Error: Test "production brand cache and late hydration stay owned across resume → résumé" at tests\query-ownership.test.js:30:36 generated asynchronous activity after the test ended. This activity created the error "ReferenceError: clearTimeout is not defined" and would have caused the test to fail, but instead triggered an unhandledRejection event.
ℹ Error: Test "production brand cache and late hydration stay owned across résumé → resume" at tests\query-ownership.test.js:30:36 generated asynchronous activity after the test ended. This activity created the error "ReferenceError: clearTimeout is not defined" and would have caused the test to fail, but instead triggered an unhandledRejection event.
ℹ Error: Test "production brand cache and late hydration stay owned across Burgen → Bürgen" at tests\query-ownership.test.js:30:36 generated asynchronous activity after the test ended. This activity created the error "ReferenceError: clearTimeout is not defined" and would have caused the test to fail, but instead triggered an unhandledRejection event.
ℹ Error: Test "production brand cache and late hydration stay owned across Häagen-Dazs → Haagen-Dazs" at tests\query-ownership.test.js:30:36 generated asynchronous activity after the test ended. This activity created the error "ReferenceError: clearTimeout is not defined" and would have caused the test to fail, but instead triggered an unhandledRejection event.
✔ generated shell and worker exactly match the canonical content generation (252.5111ms)
✔ same visible version with changed controller produces a new shared generation (221.0206ms)
✔ complete dependency inventory includes bootstrap configuration and both deployment variants (4.7628ms)
✔ my-data installs verified core before skipWaiting and exposes safe readiness (241.4953ms)
✔ test installs verified core before skipWaiting and exposes safe readiness (142.2398ms)
✔ required core 404 rejects installation and keeps incomplete staging unreadable for retry (160.5889ms)
✔ required core wrong-bytes rejects installation and keeps incomplete staging unreadable for retry (189.3543ms)
✔ slow required dependency does not publish readiness or skipWaiting early (180.9238ms)
✔ optional artwork failure is outside atomic core readiness (250.4078ms)
✔ navigation and versioned core remain cached and coherent while offline (151.009ms)
✔ missing generation and unknown generation cannot fall back to old core or HTML (167.9187ms)
✔ unversioned core data consumers receive the verified current data, not a network revalidation (174.2467ms)
✔ activation retains previous caches until every live client reports current readiness (119.8326ms)
✔ same-path cached assets cannot cross a generation boundary (131.2139ms)
✔ bootstrap owns update lifecycle and leaves personal storage contracts untouched (4.3129ms)
✔ exact retailer recognition remains separate from consumer-brand identity (21.0337ms)
✔ no name, OFF URL or brand-index match can substitute for verified retailer membership (15.0771ms)
✖ membership keeps the national and private-label consumer brands and provenance intact (10.1623ms)
✔ community nutrition with separate official listing evidence does not become manufacturer verification (29.1641ms)
✔ food-only categories and all-items postings exclude non-food products (2.0673ms)
✔ root and category directory do not hydrate products; pages have a strict bound and cache (14.45ms)
✔ category and Back navigation retain retailer ownership (2.2236ms)
✔ retiring retailer intent leaves subsequent generic and brand searches independent (97.1118ms)
✔ late retailer hydration cannot replace a newer owner or refill its cancelled session (2.0145ms)
✔ late category result cannot overwrite a newer category within the same query (1.8138ms)
✔ a synthetic second retailer uses the identical registration, evidence and browse contracts (4.4906ms)
✔ guided supermarket identity requires separate house/private-label evidence, not retailer stock (3.0258ms)
✔ actual consumer-brand selection still uses consumer-brand membership (2.2778ms)
✔ unverified or wrong-brand commercial identity evidence cannot widen the guided route (1.7301ms)
✔ product handoff keeps canonical identity, unknown nutrients and one confirmation (12.7148ms)
✔ a loader cannot substitute foreign IDs or weaken the indexed listing evidence (1.3695ms)
✔ retailer aliases cannot take over generic food or known consumer-brand recognition (0.7704ms)
✔ the generic source converter requires consumer brand and does not turn retailers into restaurants (3.1769ms)
✔ every actual retailer category and house brand has eligible products and settles with exactly those identities (6854.4999ms)
✔ stale category, stale brand and empty intersection settle empty without offering zero choices (2.2487ms)
✔ unresolved adapter is bounded; late result cannot refill caches or overwrite retry (34.6594ms)
✔ shard deadline aborts stalled read, evicts rejected promise and allows real retry (13.6186ms)
✔ loader rejection and catalogue replacement terminate as errors (3.2268ms)
✔ timeout from an old request cannot finish a newer request (27.7665ms)
✔ compatible title punctuation and casing retains authority, aliases and original source titles (51.4627ms)
✔ compatible title harmless wording refresh retains authority, aliases and original source titles (5.4433ms)
✔ compatible title retailer wording and word order retains authority, aliases and original source titles (3.148ms)
✔ compatible title duplicated pack wording retains authority, aliases and original source titles (3.0473ms)
✔ compatible title current verified title retains authority, aliases and original source titles (3.7379ms)
✔ equally trusted compatible titles use existing publication currentness (1.0483ms)
✔ material title Original versus Chocolate remains unresolved (12.405ms)
✔ material title Full Cream versus Reduced Fat remains unresolved (6.0107ms)
✔ material title regular versus Gluten Free remains unresolved (6.8517ms)
✔ material title title pack 420 g versus 840 g remains unresolved (6.2487ms)
✔ material title 6 Pack versus 12 Pack remains unresolved (5.8504ms)
✔ material title salt formulation remains unresolved (5.8554ms)
✔ material title sweetening remains unresolved (2.805ms)
✔ material title title size remains unresolved (3.7631ms)
✔ material title product family remains unresolved (4.219ms)
✔ structured pack versus title-only pack cannot bypass identity checking (3.2308ms)
✔ compatible same-GTIN evidence still corroborates with manufacturer authority and both sources (1.5169ms)
✔ same GTIN 420 g versus 840 g is inspectable identity conflict even with stronger manufacturer evidence (4.6847ms)
✔ incompatible same-GTIN flavour blocks ordinary logging (2.5885ms)
✔ incompatible same-GTIN brand blocks ordinary logging (3.5633ms)
✔ incompatible same-GTIN physical form blocks ordinary logging (3.8979ms)
✔ incompatible same-GTIN explicit variant blocks ordinary logging (4.5886ms)
✔ incompatible same-GTIN count blocks ordinary logging (3.2258ms)
✔ incompatible same-GTIN size blocks ordinary logging (4.434ms)
✔ same-GTIN identity conflict cannot be cleared by re-canonicalising with the preferred clean source (3.824ms)
✔ equal-authority nutrition conflict remains blocked and never averaged (0.8683ms)
✔ different GTINs remain distinct without manufacturing or replacing barcodes (0.3493ms)
✔ all shared dedupe surfaces retain the same-GTIN conflict instead of choosing a clean rank winner (5.0384ms)
✔ retailer index loads all same-GTIN evidence on the same page before permitting selection (7.7654ms)
✔ unlisted OFF evidence for a listed GTIN is retained for conflict analysis without creating another retailer product (4.7947ms)
ℹ tests 168
ℹ suites 0
ℹ pass 161
ℹ fail 7
ℹ cancelled 0
ℹ skipped 0
ℹ todo 0
ℹ duration_ms 20121.8715

✖ failing tests:

test at tests\query-ownership.test.js:30:36
✖ production brand cache and late hydration stay owned across Cote → Côte (9.6173ms)
  ReferenceError: clearTimeout is not defined
      at evalmachine.<anonymous>:22:13
      at async TestContext.<anonymous> (C:\Users\mlwes\OneDrive\Documents\HEC Development\Healthy_Eating_Companion_Founder_Trial_Alpha_0_6_32\tests\query-ownership.test.js:35:53)
      at async Test.run (node:internal/test_runner/test:1389:7)
      at async Test.processPendingSubtests (node:internal/test_runner/test:960:7)

test at tests\query-ownership.test.js:30:36
✖ production brand cache and late hydration stay owned across Côte → Cote (3.8434ms)
  ReferenceError: clearTimeout is not defined
      at evalmachine.<anonymous>:22:13
      at async TestContext.<anonymous> (C:\Users\mlwes\OneDrive\Documents\HEC Development\Healthy_Eating_Companion_Founder_Trial_Alpha_0_6_32\tests\query-ownership.test.js:35:53)
      at async Test.run (node:internal/test_runner/test:1389:7)
      at async Test.processPendingSubtests (node:internal/test_runner/test:960:7)

test at tests\query-ownership.test.js:30:36
✖ production brand cache and late hydration stay owned across resume → résumé (4.4714ms)
  ReferenceError: clearTimeout is not defined
      at evalmachine.<anonymous>:22:13
      at async TestContext.<anonymous> (C:\Users\mlwes\OneDrive\Documents\HEC Development\Healthy_Eating_Companion_Founder_Trial_Alpha_0_6_32\tests\query-ownership.test.js:35:53)
      at async Test.run (node:internal/test_runner/test:1389:7)
      at async Test.processPendingSubtests (node:internal/test_runner/test:960:7)

test at tests\query-ownership.test.js:30:36
✖ production brand cache and late hydration stay owned across résumé → resume (2.6774ms)
  ReferenceError: clearTimeout is not defined
      at evalmachine.<anonymous>:22:13
      at async TestContext.<anonymous> (C:\Users\mlwes\OneDrive\Documents\HEC Development\Healthy_Eating_Companion_Founder_Trial_Alpha_0_6_32\tests\query-ownership.test.js:35:53)
      at async Test.run (node:internal/test_runner/test:1389:7)
      at async Test.processPendingSubtests (node:internal/test_runner/test:960:7)

test at tests\query-ownership.test.js:30:36
✖ production brand cache and late hydration stay owned across Burgen → Bürgen (2.1843ms)
  ReferenceError: clearTimeout is not defined
      at evalmachine.<anonymous>:22:13
      at async TestContext.<anonymous> (C:\Users\mlwes\OneDrive\Documents\HEC Development\Healthy_Eating_Companion_Founder_Trial_Alpha_0_6_32\tests\query-ownership.test.js:35:53)
      at async Test.run (node:internal/test_runner/test:1389:7)
      at async Test.processPendingSubtests (node:internal/test_runner/test:960:7)

test at tests\query-ownership.test.js:30:36
✖ production brand cache and late hydration stay owned across Häagen-Dazs → Haagen-Dazs (3.0987ms)
  ReferenceError: clearTimeout is not defined
      at evalmachine.<anonymous>:22:13
      at async TestContext.<anonymous> (C:\Users\mlwes\OneDrive\Documents\HEC Development\Healthy_Eating_Companion_Founder_Trial_Alpha_0_6_32\tests\query-ownership.test.js:35:53)
      at async Test.run (node:internal/test_runner/test:1389:7)
      at async Test.processPendingSubtests (node:internal/test_runner/test:960:7)

test at tests\retailer-architecture.test.js:7:1
✖ membership keeps the national and private-label consumer brands and provenance intact (10.1623ms)
  TypeError: Cannot read properties of undefined (reading 'brand')
      at TestContext.<anonymous> (C:\Users\mlwes\OneDrive\Documents\HEC Development\Healthy_Eating_Companion_Founder_Trial_Alpha_0_6_32\tests\retailer-architecture.test.js:7:263)
      at async Test.run (node:internal/test_runner/test:1389:7)
      at async Test.processPendingSubtests (node:internal/test_runner/test:960:7)
