✖ every generated record passes identity, GTIN, AU, nutrition, conflicts and unknown preservation (6466.4944ms)
✔ all admitted source tokens meet reproducible tiers without merging companies or sub-brands (14925.2742ms)
✔ the wave adds no duplicate OFF identity and retains existing retailer evidence (3771.2497ms)
✔ known solids never gain liquid measures in the complete generated wave (3110.9221ms)
✔ brand plus exact product outranks lexical extensions and incomplete records never enter brand browse (471.7504ms)
✔ brand browse is bounded, category scoped, and all pages cover the complete brand (174.8884ms)
✔ generic food and retailer intent cannot become an exact-brand catalogue query (5.0318ms)
✔ a complete indexed brand outranks a shorter registered brand prefix (17.0459ms)
✔ concept Brand Name options contain accepted relevant products only (520.9315ms)
✔ source tokens allow secondary explicit brand membership without ownership inference (1.3794ms)
✔ cancelled asynchronous queries cannot hand off foods (2.0464ms)
✔ decorated brand sorting preserves the existing complete ranking order (282.9297ms)
✔ cached raw OFF rows cannot bypass audited brand admission (164.6369ms)
✔ representative real products retain one amount-to-Review conversion (52.6464ms)
✖ audited brand generation is byte deterministic and committed outputs match (2766.0319ms)
✔ cached online renderer and subsequent lookup retain conflict, retailer evidence and both packs (70.2196ms)
✔ product cache retains complete canonical evidence even when one competing source did not score (4.1054ms)
✔ online canonical ranking retains score, Australian preference and name tie ordering (3.1139ms)
✔ federated and repeatedly canonicalised conflicts remain blocked through the cached UI (5.6485ms)
✔ legacy online result policy retains canonical legacy records and stable lookup (12.5185ms)
✔ brand query families unite membership without merging variant nutrition identities (556.5037ms)
✔ bare roots and specific product queries retain distinct ownership (7.1628ms)
✔ reviewed unsafe beverage identities remain held across all canonical consumers (21.4059ms)
✔ volume and energy audit 9313820004518 (5.4944ms)
✔ volume and energy audit 9313820016108 (4.2058ms)
✔ volume and energy audit 9300675001410 (2.6459ms)
✔ volume and energy audit 9300675011419 (2.7896ms)
✔ volume and energy audit 9300675090667 (4.7932ms)
✔ volume and energy audit 9310021039028 (4.1574ms)
✔ volume and energy audit 9310077313011 (5.044ms)
✔ mass, energy units, printed zero and Unknown remain distinct (4.1011ms)
✔ food heads outrank ingredient words and unsupported snack-stick classification stays deferred (1.8616ms)
✔ retailer totals, ownership, filtering, paging and category membership stay consistent (4725.1278ms)
✔ small catalogue navigation is adaptive and large catalogues stay bounded (0.501ms)
✔ real catalogue identity outranks broad beverage ancestry (69.6247ms)
✔ raw solid mL is quarantined at the final profile and resolved-food boundary (4.8745ms)
✔ raw solid L is quarantined at the final profile and resolved-food boundary (2.131ms)
✔ raw solid cup is quarantined at the final profile and resolved-food boundary (1.951ms)
✔ package volume and unsuitable source units cannot redefine a named solid (7.5984ms)
✔ genuine per-100-mL solid conflict is not relabelled or scaled as grams (5.4567ms)
✔ valid gram nutrition survives an incompatible source serving (2.7086ms)
✔ volume aliases are validated by user-facing family, not a countable default (2.3196ms)
✔ guided Review cannot reintroduce quarantined units (20.2734ms)
✔ voice and typed measure resolution rejects solid volume and accepts supported grams (5.5653ms)
✔ liquid identity preserves volumes and rejects unrelated solid item units (8.3366ms)
✔ spreads preserve validated household-to-gram measures without becoming liquid (8.3326ms)
✔ sliced food preserves source slice and grams (3.2264ms)
✔ official restaurant item preserves its natural unit (130.4945ms)
✔ unknown identity with only volume metadata has a conservative completion state (6.5881ms)
✔ specific short-plural food categories outrank beverage flavour words (2.8481ms)
✔ specific liquid categories retain milk despite chocolate flavour metadata (2.6641ms)
✔ powdered milk remains solid despite liquid ancestry (0.8706ms)
✔ explicit source mL denominator is preserved before semantic normalization (1.963ms)
✔ trusted density conversion supports grams without exposing volume for a solid (2.2563ms)
✔ late carried candidates and legacy allowed lists cross the same firewall (1.555ms)
✔ consumedPortion rejects a quarantined carried measure when food is supplied (1.2312ms)
✔ legacy inferred catalogue form cannot override solid identity (2.1228ms)
✔ explicit source slice counts on a countable product keep their gram conversion (2.9982ms)
✔ real McCain product is safe through production search and rendered Portion Choice (20619.7019ms)
✔ A. generic Margarine persists one teaspoon as exactly 5 g (204.3787ms)
✔ B. generic Margarine persists an arbitrary 7 g amount (78.384ms)
✔ C. Flora spread persists one teaspoon without reverting to its 10 g serve (26.3796ms)
✔ D. explicit manufacturer serve persists one by 10 g (6.4909ms)
✔ E. generic milk persists 250 mL (112.2999ms)
✔ F. generic milk persists one metric cup as 250 mL (87.4014ms)
✔ G. wholemeal bread persists one regular slice as 40 g (83.9981ms)
✔ H. countable food persists two biscuits as 30 g (11.607ms)
✔ final Review amount edits update the same consumed-portion contract (50.6832ms)
✔ final Review measure edits update the contract without selecting a reference-basis default (45.9377ms)
✔ production editor scales Review nutrition from the consumed contract and persists it twice (2.27ms)
✔ AUSNUT spread profile: generic margarine (4.12ms)
✔ AUSNUT spread profile: Flora (2.4647ms)
✔ AUSNUT spread profile: Meadow Lea (2.9018ms)
✔ AUSNUT spread profile: Bega almond (2.0472ms)
✔ AUSNUT spread profile: peanut butter (1.5595ms)
✔ AUSNUT spread profile: yeast spread (1.6733ms)
✔ spread packet weights remain product-specific (1.9072ms)
✔ AUSNUT source metadata and disabled thickness gap are machine-auditable (0.2119ms)
✔ semantic source order prefers explicit metadata before source metadata and inference (5.8899ms)
✔ representative records cover all eight reusable semantic roles (1.2141ms)
✔ serving policy retains natural, count, size, package and 100 g reference semantics (5.5686ms)
✔ Hotcakes is a complete source-backed meal and never a condiment serving (1.6747ms)
✔ Hotcakes and hot cakes rank the complete item first while explicit syrup intent ranks the component first (271.7851ms)
✔ parent/component ranking is general rather than a Hotcakes-only rule (1.8108ms)
✔ semantic validation rejects unsafe meal, package, natural-item and configurable combinations (1.3511ms)
✔ the deterministic McDonald’s audit covers all 211 records with no unresolved conflict (49.5197ms)
✔ counted and configurable records remain nutritionally safe (51.7587ms)
✔ exact and close mobile result names use three-line and two-line wrapping contracts (10.9163ms)
✔ focused search layout leaves the first result usable at 390x844 and 390x520 (12.3708ms)
✔ incremental product ranking converges without changing the editable search field (341.5588ms)
✔ existing representative food behavior remains intact (39.1507ms)
✔ the semantic module is loaded once before catalogue imports and cached offline (5.7866ms)
✔ exact query ownership retires Cote for Côte (24.2985ms)
✔ exact query ownership retires Côte for Cote (3.0506ms)
✔ exact query ownership retires resume for résumé (2.3589ms)
✔ exact query ownership retires résumé for resume (2.8424ms)
✔ exact query ownership retires Burgen for Bürgen (3.2847ms)
✔ exact query ownership retires Häagen-Dazs for Haagen-Dazs (2.3163ms)
✔ exact query ownership retires Milk for milk (6.9278ms)
✔ exact query ownership retires milk for milk  (1.7793ms)
✔ exact query ownership retires Bürgen for Bürgen (3.2092ms)
✔ returning to an earlier exact spelling cannot revive its old ticket (2.2543ms)
✔ approved retrieval equivalence never defines input identity (0.9608ms)
✔ production brand cache and late hydration stay owned across Cote → Côte (83.5257ms)
✔ production brand cache and late hydration stay owned across Côte → Cote (11.4837ms)
✔ production brand cache and late hydration stay owned across resume → résumé (9.0982ms)
✔ production brand cache and late hydration stay owned across résumé → resume (7.945ms)
✔ production brand cache and late hydration stay owned across Burgen → Bürgen (8.5916ms)
✔ production brand cache and late hydration stay owned across Häagen-Dazs → Haagen-Dazs (7.127ms)
✔ currentness checks require exact input even if a caller supplies the current revision (5.03ms)
✔ production OFF await rejects a late response after an exact-input edit (6.3863ms)
✔ production delayed preview cannot revive a retired query (5.4556ms)
✔ production explicit-product hydration ignores a retired owner even with the same local request token (3.8608ms)
✔ production guided-source hydration rejects a retired central owner (7.7347ms)
✔ generated shell and worker exactly match the canonical content generation (229.4526ms)
✔ same visible version with changed controller produces a new shared generation (177.7121ms)
✔ complete dependency inventory includes bootstrap configuration and both deployment variants (3.3318ms)
✔ my-data installs verified core before skipWaiting and exposes safe readiness (264.1007ms)
✔ test installs verified core before skipWaiting and exposes safe readiness (164.6194ms)
✔ required core 404 rejects installation and keeps incomplete staging unreadable for retry (184.4636ms)
✔ required core wrong-bytes rejects installation and keeps incomplete staging unreadable for retry (123.6733ms)
✔ slow required dependency does not publish readiness or skipWaiting early (153.9681ms)
✔ optional artwork failure is outside atomic core readiness (171.6015ms)
✔ navigation and versioned core remain cached and coherent while offline (172.5229ms)
✔ missing generation and unknown generation cannot fall back to old core or HTML (160.7915ms)
✔ unversioned core data consumers receive the verified current data, not a network revalidation (178.4428ms)
✔ activation retains previous caches until every live client reports current readiness (176.7421ms)
✔ same-path cached assets cannot cross a generation boundary (206.47ms)
✔ bootstrap owns update lifecycle and leaves personal storage contracts untouched (4.7942ms)
✔ exact retailer recognition remains separate from consumer-brand identity (34.3898ms)
✔ no name, OFF URL or brand-index match can substitute for verified retailer membership (28.199ms)
✔ membership keeps the national and private-label consumer brands and provenance intact (65.0765ms)
✔ community nutrition with separate official listing evidence does not become manufacturer verification (10.1491ms)
✔ food-only categories and all-items postings exclude non-food products (6.7127ms)
✔ root and category directory do not hydrate products; pages have a strict bound and cache (23.0763ms)
✔ category and Back navigation retain retailer ownership (5.5645ms)
✔ retiring retailer intent leaves subsequent generic and brand searches independent (113.481ms)
✔ late retailer hydration cannot replace a newer owner or refill its cancelled session (5.2331ms)
✔ late category result cannot overwrite a newer category within the same query (4.3786ms)
✔ a synthetic second retailer uses the identical registration, evidence and browse contracts (8.8616ms)
✔ guided supermarket identity requires separate house/private-label evidence, not retailer stock (4.8821ms)
✔ actual consumer-brand selection still uses consumer-brand membership (1.4248ms)
✔ unverified or wrong-brand commercial identity evidence cannot widen the guided route (2.7504ms)
✔ product handoff keeps canonical identity, unknown nutrients and one confirmation (24.9658ms)
✔ a loader cannot substitute foreign IDs or weaken the indexed listing evidence (5.4036ms)
✔ retailer aliases cannot take over generic food or known consumer-brand recognition (3.2992ms)
✔ the generic source converter requires consumer brand and does not turn retailers into restaurants (7.0251ms)
✔ every actual retailer category and house brand has eligible products and settles with exactly those identities (10707.4929ms)
✔ stale category, stale brand and empty intersection settle empty without offering zero choices (3.2883ms)
✔ unresolved adapter is bounded; late result cannot refill caches or overwrite retry (39.1412ms)
✔ shard deadline aborts stalled read, evicts rejected promise and allows real retry (16.3897ms)
✔ loader rejection and catalogue replacement terminate as errors (6.3208ms)
✔ timeout from an old request cannot finish a newer request (22.7966ms)
✔ compatible title punctuation and casing retains authority, aliases and original source titles (73.4338ms)
✔ compatible title harmless wording refresh retains authority, aliases and original source titles (12.0843ms)
✔ compatible title retailer wording and word order retains authority, aliases and original source titles (8.5542ms)
✔ compatible title duplicated pack wording retains authority, aliases and original source titles (9.3427ms)
✔ compatible title current verified title retains authority, aliases and original source titles (9.5059ms)
✔ equally trusted compatible titles use existing publication currentness (2.1585ms)
✔ material title Original versus Chocolate remains unresolved (19.362ms)
✔ material title Full Cream versus Reduced Fat remains unresolved (11.0985ms)
✔ material title regular versus Gluten Free remains unresolved (9.6624ms)
✔ material title title pack 420 g versus 840 g remains unresolved (10.7763ms)
✔ material title 6 Pack versus 12 Pack remains unresolved (9.4209ms)
✔ material title salt formulation remains unresolved (7.6333ms)
✔ material title sweetening remains unresolved (8.5715ms)
✔ material title title size remains unresolved (7.5563ms)
✔ material title product family remains unresolved (8.3187ms)
✔ structured pack versus title-only pack cannot bypass identity checking (7.3594ms)
✔ compatible same-GTIN evidence still corroborates with manufacturer authority and both sources (2.667ms)
✔ same GTIN 420 g versus 840 g is inspectable identity conflict even with stronger manufacturer evidence (16.5387ms)
✔ incompatible same-GTIN flavour blocks ordinary logging (11.549ms)
✔ incompatible same-GTIN brand blocks ordinary logging (10.3226ms)
✔ incompatible same-GTIN physical form blocks ordinary logging (15.6686ms)
✔ incompatible same-GTIN explicit variant blocks ordinary logging (9.4216ms)
✔ incompatible same-GTIN count blocks ordinary logging (10.5262ms)
✔ incompatible same-GTIN size blocks ordinary logging (8.5908ms)
✔ same-GTIN identity conflict cannot be cleared by re-canonicalising with the preferred clean source (15.2467ms)
✔ equal-authority nutrition conflict remains blocked and never averaged (7.6041ms)
✔ different GTINs remain distinct without manufacturing or replacing barcodes (0.7048ms)
✔ all shared dedupe surfaces retain the same-GTIN conflict instead of choosing a clean rank winner (7.3953ms)
✔ retailer index loads all same-GTIN evidence on the same page before permitting selection (18.9944ms)
✔ unlisted OFF evidence for a listed GTIN is retained for conflict analysis without creating another retailer product (10.3354ms)
ℹ tests 183
ℹ suites 0
ℹ pass 181
ℹ fail 2
ℹ cancelled 0
ℹ skipped 0
ℹ todo 0
ℹ duration_ms 46420.6422

✖ failing tests:

test at tests\brand-catalogue.test.js:6:1
✖ every generated record passes identity, GTIN, AU, nutrition, conflicts and unknown preservation (6466.4944ms)
  AssertionError [ERR_ASSERTION]: off:5775345855282
  + actual - expected
  
  + 'needs-nutrition-completion'
  - 'loggable-now'
  
      at TestContext.<anonymous> (C:\Users\mlwes\OneDrive\Documents\HEC Development\Healthy_Eating_Companion_Founder_Trial_Alpha_0_6_32\tests\brand-catalogue.test.js:8:1507)
      at Test.runInAsyncScope (node:async_hooks:227:14)
      at Test.run (node:internal/test_runner/test:1382:25)
      at Test.start (node:internal/test_runner/test:1242:17)
      at startSubtestAfterBootstrap (node:internal/test_runner/harness:387:17) {
    generatedMessage: false,
    code: 'ERR_ASSERTION',
    actual: 'needs-nutrition-completion',
    expected: 'loggable-now',
    operator: 'strictEqual',
    diff: 'simple'
  }

test at tests\brand-generation.test.js:4:1
✖ audited brand generation is byte deterministic and committed outputs match (2766.0319ms)
  AssertionError [ERR_ASSERTION]: Expected values to be strictly equal:
  + actual - expected
  
  + 'needs-nutrition-completion'
  - 'loggable-now'
  
      at C:\Users\mlwes\OneDrive\Documents\HEC Development\Healthy_Eating_Companion_Founder_Trial_Alpha_0_6_32\scripts\build_brand_catalogue.js:25:79
      at Array.map (<anonymous>)
      at derive (C:\Users\mlwes\OneDrive\Documents\HEC Development\Healthy_Eating_Companion_Founder_Trial_Alpha_0_6_32\scripts\build_brand_catalogue.js:23:55)
      at baseOutputs (C:\Users\mlwes\OneDrive\Documents\HEC Development\Healthy_Eating_Companion_Founder_Trial_Alpha_0_6_32\scripts\build_brand_catalogue.js:53:39)
      at Object.outputs (C:\Users\mlwes\OneDrive\Documents\HEC Development\Healthy_Eating_Companion_Founder_Trial_Alpha_0_6_32\scripts\build_brand_catalogue.js:60:74)
      at TestContext.<anonymous> (C:\Users\mlwes\OneDrive\Documents\HEC Development\Healthy_Eating_Companion_Founder_Trial_Alpha_0_6_32\tests\brand-generation.test.js:5:21)
      at Test.runInAsyncScope (node:async_hooks:227:14)
      at Test.run (node:internal/test_runner/test:1382:25)
      at Test.start (node:internal/test_runner/test:1242:17)
      at startSubtestAfterBootstrap (node:internal/test_runner/harness:387:17) {
    generatedMessage: true,
    code: 'ERR_ASSERTION',
    actual: 'needs-nutrition-completion',
    expected: 'loggable-now',
    operator: 'strictEqual',
    diff: 'simple'
  }
