✔ every generated record passes identity, GTIN, AU, nutrition, conflicts and unknown preservation (22278.0087ms)
✔ all admitted source tokens meet reproducible tiers without merging companies or sub-brands (13896.2485ms)
✔ the wave adds no duplicate OFF identity and retains existing retailer evidence (2661.8645ms)
✔ known solids never gain liquid measures in the complete generated wave (3693.8238ms)
✔ brand plus exact product outranks lexical extensions and incomplete records never enter brand browse (392.1222ms)
✔ brand browse is bounded, category scoped, and all pages cover the complete brand (192.0295ms)
✔ generic food and retailer intent cannot become an exact-brand catalogue query (4.6545ms)
✔ a complete indexed brand outranks a shorter registered brand prefix (18.7595ms)
✔ concept Brand Name options contain accepted relevant products only (503.5374ms)
✔ source tokens allow secondary explicit brand membership without ownership inference (1.1543ms)
✔ cancelled asynchronous queries cannot hand off foods (3.1185ms)
✔ decorated brand sorting preserves the existing complete ranking order (267.1416ms)
✔ cached raw OFF rows cannot bypass audited brand admission (106.2832ms)
✔ representative real products retain one amount-to-Review conversion (40.6461ms)
✔ audited brand generation is byte deterministic and committed outputs match (76884.0283ms)
✔ cached online renderer and subsequent lookup retain conflict, retailer evidence and both packs (84.3602ms)
✔ product cache retains complete canonical evidence even when one competing source did not score (6.869ms)
✔ online canonical ranking retains score, Australian preference and name tie ordering (3.2709ms)
✔ federated and repeatedly canonicalised conflicts remain blocked through the cached UI (7.5788ms)
✔ legacy online result policy retains canonical legacy records and stable lookup (14.258ms)
✔ brand query families unite membership without merging variant nutrition identities (879.8876ms)
✔ bare roots and specific product queries retain distinct ownership (13.348ms)
✔ reviewed unsafe beverage identities remain held across all canonical consumers (28.1673ms)
✔ volume and energy audit 9313820004518 (5.3357ms)
✔ volume and energy audit 9313820016108 (4.7514ms)
✔ volume and energy audit 9300675001410 (4.9414ms)
✔ volume and energy audit 9300675011419 (4.8219ms)
✔ volume and energy audit 9300675090667 (9.0196ms)
✔ volume and energy audit 9310021039028 (7.8733ms)
✔ volume and energy audit 9310077313011 (8.0683ms)
✔ mass, energy units, printed zero and Unknown remain distinct (17.9544ms)
✔ food heads outrank ingredient words and unsupported snack-stick classification stays deferred (3.4957ms)
✔ retailer totals, ownership, filtering, paging and category membership stay consistent (5354.0647ms)
✔ small catalogue navigation is adaptive and large catalogues stay bounded (0.3611ms)
✔ accepted local brand products cannot bypass conflicting same-GTIN retailer evidence (17.3236ms)
✔ real catalogue identity outranks broad beverage ancestry (41.9034ms)
✔ raw solid mL is quarantined at the final profile and resolved-food boundary (5.672ms)
✔ raw solid L is quarantined at the final profile and resolved-food boundary (2.8234ms)
✔ raw solid cup is quarantined at the final profile and resolved-food boundary (3.3099ms)
✔ package volume and unsuitable source units cannot redefine a named solid (24.9086ms)
✔ genuine per-100-mL solid conflict is not relabelled or scaled as grams (6.228ms)
✔ valid gram nutrition survives an incompatible source serving (10.1255ms)
✔ volume aliases are validated by user-facing family, not a countable default (5.1731ms)
✔ guided Review cannot reintroduce quarantined units (27.6099ms)
✔ voice and typed measure resolution rejects solid volume and accepts supported grams (2.6339ms)
✔ liquid identity preserves volumes and rejects unrelated solid item units (3.8973ms)
✔ spreads preserve validated household-to-gram measures without becoming liquid (3.2694ms)
✔ sliced food preserves source slice and grams (2.0605ms)
✔ official restaurant item preserves its natural unit (89.3793ms)
✔ unknown identity with only volume metadata has a conservative completion state (4.1746ms)
✔ specific short-plural food categories outrank beverage flavour words (1.8439ms)
✔ specific liquid categories retain milk despite chocolate flavour metadata (1.1944ms)
✔ powdered milk remains solid despite liquid ancestry (0.3451ms)
✔ explicit source mL denominator is preserved before semantic normalization (0.8492ms)
✔ trusted density conversion supports grams without exposing volume for a solid (1.0492ms)
✔ late carried candidates and legacy allowed lists cross the same firewall (0.9574ms)
✔ consumedPortion rejects a quarantined carried measure when food is supplied (1.4707ms)
✔ legacy inferred catalogue form cannot override solid identity (1.4749ms)
✔ explicit source slice counts on a countable product keep their gram conversion (2.244ms)
✔ real McCain product is safe through production search and rendered Portion Choice (19918.2557ms)
✔ A. generic Margarine persists one teaspoon as exactly 5 g (95.4948ms)
✔ B. generic Margarine persists an arbitrary 7 g amount (31.1387ms)
✔ C. Flora spread persists one teaspoon without reverting to its 10 g serve (10.8602ms)
✔ D. explicit manufacturer serve persists one by 10 g (3.6437ms)
✔ E. generic milk persists 250 mL (58.6026ms)
✔ F. generic milk persists one metric cup as 250 mL (38.4432ms)
✔ G. wholemeal bread persists one regular slice as 40 g (34.6745ms)
✔ H. countable food persists two biscuits as 30 g (5.3695ms)
✔ final Review amount edits update the same consumed-portion contract (25.3192ms)
✔ final Review measure edits update the contract without selecting a reference-basis default (22.203ms)
✔ production editor scales Review nutrition from the consumed contract and persists it twice (1.3166ms)
✔ AUSNUT spread profile: generic margarine (3.2331ms)
✔ AUSNUT spread profile: Flora (1.7468ms)
✔ AUSNUT spread profile: Meadow Lea (1.5912ms)
✔ AUSNUT spread profile: Bega almond (1.7933ms)
✔ AUSNUT spread profile: peanut butter (1.5347ms)
✔ AUSNUT spread profile: yeast spread (1.4798ms)
✔ spread packet weights remain product-specific (1.9012ms)
✔ AUSNUT source metadata and disabled thickness gap are machine-auditable (0.2014ms)
✔ semantic source order prefers explicit metadata before source metadata and inference (2.3798ms)
✔ representative records cover all eight reusable semantic roles (0.475ms)
✔ serving policy retains natural, count, size, package and 100 g reference semantics (2.3102ms)
✔ Hotcakes is a complete source-backed meal and never a condiment serving (0.5464ms)
✔ Hotcakes and hot cakes rank the complete item first while explicit syrup intent ranks the component first (111.8355ms)
✔ parent/component ranking is general rather than a Hotcakes-only rule (1.0351ms)
✔ semantic validation rejects unsafe meal, package, natural-item and configurable combinations (0.7017ms)
✔ the deterministic McDonald’s audit covers all 211 records with no unresolved conflict (20.8081ms)
✔ counted and configurable records remain nutritionally safe (26.8579ms)
✔ exact and close mobile result names use three-line and two-line wrapping contracts (5.3668ms)
✔ focused search layout leaves the first result usable at 390x844 and 390x520 (6.5579ms)
✔ incremental product ranking converges without changing the editable search field (165.8125ms)
✔ existing representative food behavior remains intact (21.3636ms)
✔ the semantic module is loaded once before catalogue imports and cached offline (3.6871ms)
✔ exact query ownership retires Cote for Côte (33.8073ms)
✔ exact query ownership retires Côte for Cote (7.1912ms)
✔ exact query ownership retires resume for résumé (1.4659ms)
✔ exact query ownership retires résumé for resume (0.9313ms)
✔ exact query ownership retires Burgen for Bürgen (1.2513ms)
✔ exact query ownership retires Häagen-Dazs for Haagen-Dazs (1.4183ms)
✔ exact query ownership retires Milk for milk (2.6937ms)
✔ exact query ownership retires milk for milk  (0.9969ms)
✔ exact query ownership retires Bürgen for Bürgen (1.6711ms)
✔ returning to an earlier exact spelling cannot revive its old ticket (1.7595ms)
✔ approved retrieval equivalence never defines input identity (0.6805ms)
✔ production brand cache and late hydration stay owned across Cote → Côte (56.7106ms)
✔ production brand cache and late hydration stay owned across Côte → Cote (8.58ms)
✔ production brand cache and late hydration stay owned across resume → résumé (8.1155ms)
✔ production brand cache and late hydration stay owned across résumé → resume (4.4876ms)
✔ production brand cache and late hydration stay owned across Burgen → Bürgen (4.942ms)
✔ production brand cache and late hydration stay owned across Häagen-Dazs → Haagen-Dazs (3.648ms)
✔ currentness checks require exact input even if a caller supplies the current revision (2.1458ms)
✔ production OFF await rejects a late response after an exact-input edit (3.8239ms)
✔ production delayed preview cannot revive a retired query (4.4362ms)
✔ production explicit-product hydration ignores a retired owner even with the same local request token (4.8637ms)
✔ production guided-source hydration rejects a retired central owner (3.4453ms)
✔ generated shell and worker exactly match the canonical content generation (136.8393ms)
✔ same visible version with changed controller produces a new shared generation (129.3033ms)
✔ complete dependency inventory includes bootstrap configuration and both deployment variants (2.6938ms)
✔ my-data installs verified core before skipWaiting and exposes safe readiness (184.1948ms)
✔ test installs verified core before skipWaiting and exposes safe readiness (122.6019ms)
✔ required core 404 rejects installation and keeps incomplete staging unreadable for retry (105.5377ms)
✔ required core wrong-bytes rejects installation and keeps incomplete staging unreadable for retry (90.5736ms)
✔ slow required dependency does not publish readiness or skipWaiting early (119.2891ms)
✔ optional artwork failure is outside atomic core readiness (135.4493ms)
✔ navigation and versioned core remain cached and coherent while offline (130.3011ms)
✔ missing generation and unknown generation cannot fall back to old core or HTML (122.0928ms)
✔ unversioned core data consumers receive the verified current data, not a network revalidation (109.6501ms)
✔ activation retains previous caches until every live client reports current readiness (115.9053ms)
✔ same-path cached assets cannot cross a generation boundary (125.7555ms)
✔ bootstrap owns update lifecycle and leaves personal storage contracts untouched (3.2084ms)
✔ exact retailer recognition remains separate from consumer-brand identity (18.7958ms)
✔ no name, OFF URL or brand-index match can substitute for verified retailer membership (16.2929ms)
✔ membership keeps the national and private-label consumer brands and provenance intact (37.2633ms)
✔ community nutrition with separate official listing evidence does not become manufacturer verification (5.0361ms)
✔ food-only categories and all-items postings exclude non-food products (4.0327ms)
✔ root and category directory do not hydrate products; pages have a strict bound and cache (12.1542ms)
✔ category and Back navigation retain retailer ownership (3.5649ms)
✔ retiring retailer intent leaves subsequent generic and brand searches independent (61.0121ms)
✔ late retailer hydration cannot replace a newer owner or refill its cancelled session (1.9214ms)
✔ late category result cannot overwrite a newer category within the same query (4.5729ms)
✔ a synthetic second retailer uses the identical registration, evidence and browse contracts (5.0178ms)
✔ guided supermarket identity requires separate house/private-label evidence, not retailer stock (3.813ms)
✔ actual consumer-brand selection still uses consumer-brand membership (1.1868ms)
✔ unverified or wrong-brand commercial identity evidence cannot widen the guided route (1.1642ms)
✔ product handoff keeps canonical identity, unknown nutrients and one confirmation (13.8237ms)
✔ a loader cannot substitute foreign IDs or weaken the indexed listing evidence (3.813ms)
✔ retailer aliases cannot take over generic food or known consumer-brand recognition (2.0412ms)
✔ the generic source converter requires consumer brand and does not turn retailers into restaurants (5.6353ms)
✔ every actual retailer category and house brand has eligible products and settles with exactly those identities (8548.145ms)
✔ stale category, stale brand and empty intersection settle empty without offering zero choices (3.8503ms)
✔ unresolved adapter is bounded; late result cannot refill caches or overwrite retry (45.274ms)
✔ shard deadline aborts stalled read, evicts rejected promise and allows real retry (26.9541ms)
✔ loader rejection and catalogue replacement terminate as errors (8.4304ms)
✔ timeout from an old request cannot finish a newer request (21.2678ms)
✔ compatible title punctuation and casing retains authority, aliases and original source titles (39.7136ms)
✔ compatible title harmless wording refresh retains authority, aliases and original source titles (5.1143ms)
✔ compatible title retailer wording and word order retains authority, aliases and original source titles (3.4684ms)
✔ compatible title duplicated pack wording retains authority, aliases and original source titles (3.3016ms)
✔ compatible title current verified title retains authority, aliases and original source titles (4.2659ms)
✔ equally trusted compatible titles use existing publication currentness (0.9537ms)
✔ material title Original versus Chocolate remains unresolved (11.7649ms)
✔ material title Full Cream versus Reduced Fat remains unresolved (8.339ms)
✔ material title regular versus Gluten Free remains unresolved (6.4592ms)
✔ material title title pack 420 g versus 840 g remains unresolved (7.868ms)
✔ material title 6 Pack versus 12 Pack remains unresolved (5.8322ms)
✔ material title salt formulation remains unresolved (6.6549ms)
✔ material title sweetening remains unresolved (3.6603ms)
✔ material title title size remains unresolved (3.8183ms)
✔ material title product family remains unresolved (5.6826ms)
✔ structured pack versus title-only pack cannot bypass identity checking (5.0391ms)
✔ compatible same-GTIN evidence still corroborates with manufacturer authority and both sources (1.7121ms)
✔ same GTIN 420 g versus 840 g is inspectable identity conflict even with stronger manufacturer evidence (4.2368ms)
✔ incompatible same-GTIN flavour blocks ordinary logging (6.043ms)
✔ incompatible same-GTIN brand blocks ordinary logging (4.3245ms)
✔ incompatible same-GTIN physical form blocks ordinary logging (4.231ms)
✔ incompatible same-GTIN explicit variant blocks ordinary logging (5.5341ms)
✔ incompatible same-GTIN count blocks ordinary logging (3.4184ms)
✔ incompatible same-GTIN size blocks ordinary logging (3.5144ms)
✔ same-GTIN identity conflict cannot be cleared by re-canonicalising with the preferred clean source (3.7952ms)
✔ equal-authority nutrition conflict remains blocked and never averaged (0.8993ms)
✔ different GTINs remain distinct without manufacturing or replacing barcodes (0.3896ms)
✔ all shared dedupe surfaces retain the same-GTIN conflict instead of choosing a clean rank winner (5.223ms)
✔ retailer index loads all same-GTIN evidence on the same page before permitting selection (8.0387ms)
✔ unlisted OFF evidence for a listed GTIN is retained for conflict analysis without creating another retailer product (3.7005ms)
ℹ tests 184
ℹ suites 0
ℹ pass 184
ℹ fail 0
ℹ cancelled 0
ℹ skipped 0
ℹ todo 0
ℹ duration_ms 88634.9988
