✖ brand query families unite membership without merging variant nutrition identities (48.1676ms)
✔ bare roots and specific product queries retain distinct ownership (5.404ms)
✔ reviewed unsafe beverage identities remain held across all canonical consumers (9.9209ms)
✔ volume and energy audit 9313820004518 (2.6415ms)
✔ volume and energy audit 9313820016108 (1.8758ms)
✔ volume and energy audit 9300675001410 (2.5914ms)
✔ volume and energy audit 9300675011419 (2.6273ms)
✔ volume and energy audit 9300675090667 (3.6907ms)
✔ volume and energy audit 9310021039028 (2.6416ms)
✔ volume and energy audit 9310077313011 (2.5845ms)
✔ mass, energy units, printed zero and Unknown remain distinct (3.097ms)
✔ food heads outrank ingredient words and unsupported snack-stick classification stays deferred (1.734ms)
✔ retailer totals, ownership, filtering, paging and category membership stay consistent (2278.6691ms)
✔ small catalogue navigation is adaptive and large catalogues stay bounded (0.4189ms)
ℹ tests 14
ℹ suites 0
ℹ pass 13
ℹ fail 1
ℹ cancelled 0
ℹ skipped 0
ℹ todo 0
ℹ duration_ms 4049.4637

✖ failing tests:

test at tests\catalogue-wave-5a.test.js:6:1
✖ brand query families unite membership without merging variant nutrition identities (48.1676ms)
  Error: Retailer catalogue: hydrated display category differs from its index
      at requireValue (C:\Users\mlwes\OneDrive\Documents\HEC Development\Healthy_Eating_Companion_Founder_Trial_Alpha_0_6_32\retailer-catalogue.js:14:64)
      at hydrateGroups (C:\Users\mlwes\OneDrive\Documents\HEC Development\Healthy_Eating_Companion_Founder_Trial_Alpha_0_6_32\retailer-catalogue.js:96:9)
      at async Object.search (C:\Users\mlwes\OneDrive\Documents\HEC Development\Healthy_Eating_Companion_Founder_Trial_Alpha_0_6_32\retailer-catalogue.js:121:84)
      at async C:\Users\mlwes\OneDrive\Documents\HEC Development\Healthy_Eating_Companion_Founder_Trial_Alpha_0_6_32\brand-catalogue.js:35:42
      at async Promise.all (index 1)
      at async hydrate (C:\Users\mlwes\OneDrive\Documents\HEC Development\Healthy_Eating_Companion_Founder_Trial_Alpha_0_6_32\brand-catalogue.js:29:17)
      at async Object.search (C:\Users\mlwes\OneDrive\Documents\HEC Development\Healthy_Eating_Companion_Founder_Trial_Alpha_0_6_32\brand-catalogue.js:50:102)
      at async TestContext.<anonymous> (C:\Users\mlwes\OneDrive\Documents\HEC Development\Healthy_Eating_Companion_Founder_Trial_Alpha_0_6_32\tests\catalogue-wave-5a.test.js:8:16)
      at async Test.run (node:internal/test_runner/test:1389:7)
      at async startSubtestAfterBootstrap (node:internal/test_runner/harness:387:3)
