✔ audited brand generation is byte deterministic and committed outputs match (48936.7409ms)
✔ 39 enrolled identities resolve uniquely and category moves are subsets of improvements (3.6955ms)
✔ 15 retained holds and four deferrals stay out of normal admission (538.6705ms)
✔ exact package GTINs complete existing identities without collapsing other milk or vegetable formulations (20.2044ms)
✔ two package-evidenced Aldi trademarks enter house browse, independent Pepsi stays global (35.4124ms)
✔ unknown fibre, true printed zero, preparation and human measures survive a complete review flow (27.8146ms)
✔ shared fallback semantics handle product forms and reject ingredient/flavour/compound traps (1.0886ms)
✔ all three retailer totals and each cross-retailer category consequence reconcile (2269.6504ms)
✔ all moved existing products retain exact identity, nutrients, measures and ownership (978.8266ms)
✔ new exact brand products are globally reachable and every index entry matches its shard (1672.1521ms)
✔ all protected source payloads are unchanged (2620.2928ms)
✔ 32 distinct reviews reconcile; improvements and category changes are not new identities (2.4177ms)
✔ all official banners and forgiving voice/text aliases resolve to one IGA root (37.107ms)
✔ IGA browse contains exactly eight private-label identities in six categories and two families (7.1627ms)
✔ store evidence survives canonicalisation without national stock or ownership leakage (6.1865ms)
✔ new relationship cannot override consumer brand, AU scope or exact product evidence (1.8349ms)
✔ existing nutrition, unknowns, serving basis and measures are byte-equivalent facts (37.6885ms)
✔ same GTIN pack and formulation conflicts remain blocked with new retailer evidence (6.831ms)
✔ three category improvements use whole-product rules for every retailer and reject flavour traps (2.5677ms)
✔ global index reuses every canonical identity and matches IGA projection (481.2261ms)
✔ all previous retailer identities, categories, nutrient and serving facts remain unchanged (2561.7524ms)
✔ frozen OFF, AFCD/AUSNUT, restaurants and unrelated retailer payloads remain unchanged (1263.0891ms)
✔ IGA builder and all index hashes regenerate deterministically (362.2117ms)
✔ base bread asks origin, then supported bread types (99.1604ms)
✔ compound bread identities cannot compete with ordinary bread (0.567ms)
✔ whole meal spelling and supplied white/wholemeal facets agree (8.5083ms)
✔ quantity, food identity and supplied bread type remain separate (1.5057ms)
✔ milk source is unresolved before cow, oat and other source choices (3.4039ms)
✔ milk compounds are excluded while genuine chocolate flavoured milk remains fluid milk (1.4878ms)
✔ plant source queries never acquire cow fat/lactose questions (5.7618ms)
✔ cow source and milk fat/lactose intent are preserved independently (1.4819ms)
✔ AFCD ingredient qualifiers cannot replace an egg or bread head concept (0.5761ms)
✔ plain cereal, cheese, chicken, apple and rice exclude containing foods (0.5773ms)
✔ specific confectionery and condiment categories outrank ingredient-like product names (0.7579ms)
✔ edited identity metadata invalidates classification and facet caches (0.5698ms)
✔ fresh apple is distinct from dried apple and whole eggs never acquire poultry measures (20.5716ms)
✔ hash-brown identity supports plural and spacing without admitting composed dishes (0.564ms)
✔ chips asks food class before preparation and distinguishes fries from crisps (3.8683ms)
✔ declared restaurant identities survive an unrelated same-title incomplete record (90.8086ms)
✔ exact product semantics beat a longer variant independently of product names and scores (4.343ms)
✔ restaurant aliases and explicit counts retain distinct shared intent (96.1653ms)
✔ natural measure utility prioritises slices and fluid volumes without restoring rejected units (4.638ms)
✔ thin/thick spread cannot acquire invented conversions (2.1291ms)
✔ submitted generic diagnostics separate related concepts from equivalent identities (6.7736ms)
✔ bare family aliases do not pre-answer catch-all subtype facets (4.3387ms)
✔ yoghurt cannot inherit the nut ingredient standard serve (1.4222ms)
✔ non-adjacent chocolate egg names are confectionery (0.263ms)
✔ brand and subtype inference separates bread from wraps using committed category evidence (0.529ms)
✔ catalogue discovery expands declared alias inflections before concept filtering (0.6267ms)
✔ egg preparation preserves named methods and skips supplied cooking information (5.4581ms)
✔ real catalogue identity outranks broad beverage ancestry (34.677ms)
✔ raw solid mL is quarantined at the final profile and resolved-food boundary (2.4782ms)
✔ raw solid L is quarantined at the final profile and resolved-food boundary (1.7154ms)
✔ raw solid cup is quarantined at the final profile and resolved-food boundary (1.5012ms)
✔ package volume and unsuitable source units cannot redefine a named solid (4.2769ms)
✔ genuine per-100-mL solid conflict is not relabelled or scaled as grams (2.2339ms)
✔ valid gram nutrition survives an incompatible source serving (1.0811ms)
✔ volume aliases are validated by user-facing family, not a countable default (2.2601ms)
✔ guided Review cannot reintroduce quarantined units (12.6989ms)
✔ voice and typed measure resolution rejects solid volume and accepts supported grams (1.4979ms)
✔ liquid identity preserves volumes and rejects unrelated solid item units (2.8749ms)
✔ spreads preserve validated household-to-gram measures without becoming liquid (2.7124ms)
✔ sliced food preserves source slice and grams (1.6926ms)
✔ official restaurant item preserves its natural unit (66.814ms)
✔ unknown identity with only volume metadata has a conservative completion state (3.7413ms)
✔ specific short-plural food categories outrank beverage flavour words (1.6553ms)
✔ specific liquid categories retain milk despite chocolate flavour metadata (1.2901ms)
✔ powdered milk remains solid despite liquid ancestry (0.3084ms)
✔ explicit source mL denominator is preserved before semantic normalization (0.7048ms)
✔ trusted density conversion supports grams without exposing volume for a solid (0.7949ms)
✔ late carried candidates and legacy allowed lists cross the same firewall (0.6154ms)
✔ consumedPortion rejects a quarantined carried measure when food is supplied (0.4097ms)
✔ legacy inferred catalogue form cannot override solid identity (0.8922ms)
✔ explicit source slice counts on a countable product keep their gram conversion (1.3882ms)
✔ real McCain product is safe through production search and rendered Portion Choice (14806.1838ms)
✔ semantic source order prefers explicit metadata before source metadata and inference (4.688ms)
✔ representative records cover all eight reusable semantic roles (4.878ms)
✔ serving policy retains natural, count, size, package and 100 g reference semantics (1.7115ms)
✔ Hotcakes is a complete source-backed meal and never a condiment serving (1.3565ms)
✔ Hotcakes and hot cakes rank the complete item first while explicit syrup intent ranks the component first (212.535ms)
✔ parent/component ranking is general rather than a Hotcakes-only rule (1.2412ms)
✔ semantic validation rejects unsafe meal, package, natural-item and configurable combinations (0.9647ms)
✔ the deterministic McDonald’s audit covers all 211 records with no unresolved conflict (29.2122ms)
✔ counted and configurable records remain nutritionally safe (34.0138ms)
✔ exact and close mobile result names use three-line and two-line wrapping contracts (7.4833ms)
✔ focused search layout leaves the first result usable at 390x844 and 390x520 (6.094ms)
✔ incremental product ranking converges without changing the editable search field (243.7473ms)
✔ existing representative food behavior remains intact (30.622ms)
✔ the semantic module is loaded once before catalogue imports and cached offline (3.7659ms)
✔ generated shell and worker exactly match the canonical content generation (174.9438ms)
✔ same visible version with changed controller produces a new shared generation (151.1727ms)
✔ complete dependency inventory includes bootstrap configuration and both deployment variants (2.6199ms)
✔ my-data installs verified core before skipWaiting and exposes safe readiness (186.0693ms)
✔ test installs verified core before skipWaiting and exposes safe readiness (138.2902ms)
✔ required core 404 rejects installation and keeps incomplete staging unreadable for retry (129.6567ms)
✔ required core wrong-bytes rejects installation and keeps incomplete staging unreadable for retry (129.6295ms)
✔ slow required dependency does not publish readiness or skipWaiting early (154.173ms)
✔ optional artwork failure is outside atomic core readiness (131.2115ms)
✔ navigation and versioned core remain cached and coherent while offline (121.8438ms)
✔ missing generation and unknown generation cannot fall back to old core or HTML (97.2812ms)
✔ unversioned core data consumers receive the verified current data, not a network revalidation (117.6972ms)
✔ activation retains previous caches until every live client reports current readiness (130.0581ms)
✔ same-path cached assets cannot cross a generation boundary (271.6395ms)
✔ bootstrap owns update lifecycle and leaves personal storage contracts untouched (6.8396ms)
✔ exact retailer recognition remains separate from consumer-brand identity (28.7301ms)
✔ no name, OFF URL or brand-index match can substitute for verified retailer membership (13.3136ms)
✔ membership keeps the national and private-label consumer brands and provenance intact (34.8542ms)
✔ community nutrition with separate official listing evidence does not become manufacturer verification (10.4963ms)
✔ food-only categories and all-items postings exclude non-food products (5.4915ms)
✔ root and category directory do not hydrate products; pages have a strict bound and cache (11.7038ms)
✔ category and Back navigation retain retailer ownership (4.442ms)
✔ retiring retailer intent leaves subsequent generic and brand searches independent (105.9686ms)
✔ late retailer hydration cannot replace a newer owner or refill its cancelled session (3.9875ms)
✔ late category result cannot overwrite a newer category within the same query (2.1558ms)
✔ a synthetic second retailer uses the identical registration, evidence and browse contracts (2.1512ms)
✔ guided supermarket identity requires separate house/private-label evidence, not retailer stock (2.2907ms)
✔ actual consumer-brand selection still uses consumer-brand membership (1.3739ms)
✔ unverified or wrong-brand commercial identity evidence cannot widen the guided route (2.2267ms)
✔ product handoff keeps canonical identity, unknown nutrients and one confirmation (14.1627ms)
✔ a loader cannot substitute foreign IDs or weaken the indexed listing evidence (3.1967ms)
✔ retailer aliases cannot take over generic food or known consumer-brand recognition (1.9787ms)
✔ the generic source converter requires consumer brand and does not turn retailers into restaurants (4.0766ms)
✔ every actual retailer category and house brand has eligible products and settles with exactly those identities (6930.6213ms)
✔ stale category, stale brand and empty intersection settle empty without offering zero choices (2.8474ms)
✔ unresolved adapter is bounded; late result cannot refill caches or overwrite retry (38.5333ms)
✔ shard deadline aborts stalled read, evicts rejected promise and allows real retry (14.4356ms)
✔ loader rejection and catalogue replacement terminate as errors (4.074ms)
✔ timeout from an old request cannot finish a newer request (24.4108ms)
✔ compatible title punctuation and casing retains authority, aliases and original source titles (31.267ms)
✔ compatible title harmless wording refresh retains authority, aliases and original source titles (7.1971ms)
✔ compatible title retailer wording and word order retains authority, aliases and original source titles (2.9248ms)
✔ compatible title duplicated pack wording retains authority, aliases and original source titles (2.8637ms)
✔ compatible title current verified title retains authority, aliases and original source titles (3.5301ms)
✔ equally trusted compatible titles use existing publication currentness (0.9049ms)
✔ material title Original versus Chocolate remains unresolved (11.1679ms)
✔ material title Full Cream versus Reduced Fat remains unresolved (5.7819ms)
✔ material title regular versus Gluten Free remains unresolved (5.1973ms)
✔ material title title pack 420 g versus 840 g remains unresolved (4.0357ms)
✔ material title 6 Pack versus 12 Pack remains unresolved (3.3872ms)
✔ material title salt formulation remains unresolved (2.8111ms)
✔ material title sweetening remains unresolved (4.0177ms)
✔ material title title size remains unresolved (3.2105ms)
✔ material title product family remains unresolved (11.2393ms)
✔ structured pack versus title-only pack cannot bypass identity checking (6.6665ms)
✔ compatible same-GTIN evidence still corroborates with manufacturer authority and both sources (2.4183ms)
✔ same GTIN 420 g versus 840 g is inspectable identity conflict even with stronger manufacturer evidence (4.1152ms)
✔ incompatible same-GTIN flavour blocks ordinary logging (3.3335ms)
✔ incompatible same-GTIN brand blocks ordinary logging (4.8519ms)
✔ incompatible same-GTIN physical form blocks ordinary logging (2.7996ms)
✔ incompatible same-GTIN explicit variant blocks ordinary logging (3.7923ms)
✔ incompatible same-GTIN count blocks ordinary logging (3.4313ms)
✔ incompatible same-GTIN size blocks ordinary logging (3.8697ms)
✔ same-GTIN identity conflict cannot be cleared by re-canonicalising with the preferred clean source (3.5793ms)
✔ equal-authority nutrition conflict remains blocked and never averaged (0.6365ms)
✔ different GTINs remain distinct without manufacturing or replacing barcodes (0.2613ms)
✔ all shared dedupe surfaces retain the same-GTIN conflict instead of choosing a clean rank winner (3.2371ms)
✔ retailer index loads all same-GTIN evidence on the same page before permitting selection (8.0242ms)
✔ unlisted OFF evidence for a listed GTIN is retained for conflict analysis without creating another retailer product (3.5198ms)
ℹ tests 158
ℹ suites 0
ℹ pass 158
ℹ fail 0
ℹ cancelled 0
ℹ skipped 0
ℹ todo 0
ℹ duration_ms 49451.4213
