✔ classification snapshots match uncached decisions after scalar and in-place category/source mutations (1323.4932ms)
✔ complete-record cache hits are identical, isolated, and invalidate every safety/ranking input (77.4355ms)
✔ hydrated OFF adapter records reuse unchanged decisions despite optional undefined metadata (412.9803ms)
✔ memoized and uncached addability agree across all 1922 admitted products (19009.2442ms)
✔ complete concept candidate groups, diagnostics and ranking match the uncached reference (33840.7679ms)
✔ serving normalization preserves the uncached text algorithm (77.4463ms)
✔ the established percentile is the maximum at 20 and index 47 at 50 (1.1245ms)
✔ all samples including a slow first search remain in arrival order (5.6779ms)
✔ generic median and p95 are independent inclusive gates, evaluated without rounding (1.4228ms)
✔ cold check is separate, exactly one observation, and inclusive at 500 ms (4.519ms)
✔ all other rendered operations retain their existing strict 250 ms p95 gate (1.1102ms)
✔ incomplete distributions, unknown operations and invalid durations cannot pass (1.0386ms)
✔ one failing independent run or cold check fails acceptance without averaging (0.3735ms)
✔ classification cache distinguishes category fields and invalidates edited identities (12.4842ms)
✔ indexed peer identity decisions equal the established scan for every admitted category (1320.0102ms)
✔ indexed identity preserves duplicate labels, family shells and distinct GTIN exceptions (1.1492ms)
✔ missing source nutrients stay absent; explicit source zero remains zero (4.0721ms)
✔ whole source brand field and separate tokens are preserved without ownership inference (0.3765ms)
✔ simple punctuation normalization does not merge unrelated accents or parent labels (0.18ms)
✔ unsupported source domains cannot enter through a secondary food tag (0.4819ms)
✔ category assignment requires explicit supported source category; name or brand is insufficient (0.607ms)
✔ noise values are held rather than rewritten into a consumer brand (1.4456ms)
✔ ingredient suffixes cannot turn pizzas and pasta sauces into cheese (0.7063ms)
✔ contradictory serving quantities and mixed cheese identities are excluded (0.9083ms)
✔ cached online renderer and subsequent lookup retain conflict, retailer evidence and both packs (62.0654ms)
✔ product cache retains complete canonical evidence even when one competing source did not score (2.6835ms)
✔ online canonical ranking retains score, Australian preference and name tie ordering (4.0803ms)
✔ federated and repeatedly canonicalised conflicts remain blocked through the cached UI (10.4022ms)
✔ legacy online result policy retains canonical legacy records and stable lookup (13.5436ms)
✔ independent source identities retain eligibility and ranking when weaker same-label rows arrive (72.0329ms)
✔ copies of one canonical identity cannot manufacture label ambiguity (0.9946ms)
✔ ambiguous labels within one source stay blocked and exact preview cannot bypass that decision (13.5957ms)
✔ independent sources do not make generic or unnamed records specific products (14.7769ms)
✔ shared GTIN conflict and source authority checks still control canonical merging (13.6412ms)
Chiko regression evidence: C:\Users\mlwes\AppData\Local\Temp\hec-chiko-regression-w6on9k
✔ real production Chiko preview, hydrated Search and selection retain the accepted roll identity (15308.7316ms)
✔ 1. exact barcode intent resolves one product (933.3475ms)
✔ 2. exact product intent requires a defensible product identity (0.379ms)
✔ 3. consumer brand intent comes from the brand index (1.0041ms)
✔ 4. brand plus product intent is composed before ranking (0.7441ms)
✔ 5. generic category intent comes from category intelligence (1.4076ms)
✔ 6. broad fallback remains available (1.5892ms)
✔ 7. no confident match is explicit (0.9522ms)
✔ 8. brand spaces normalise generically (1.8673ms)
✔ 9. brand punctuation is ignored by the generic key (0.4113ms)
✔ 10. apostrophes normalise generically (0.2317ms)
✔ 11. case normalises generically (1.9196ms)
✔ 12. company/source text is not consumer-brand membership (0.5043ms)
✔ 13. exact product-name field outranks weak text (0.4912ms)
✔ 14. Australian catalogue source outranks broad online fallback (0.1863ms)
✔ 15. category membership is grouped ahead of incidental text (0.1209ms)
✔ 16. adding product words restricts a recognised brand (0.0961ms)
✔ 17. online federation does not mutate local order (2.3765ms)
✔ 18. query progression reports meaningful refinement (0.711ms)
✔ 19. brand reference is navigation-only (0.4857ms)
✔ 20. barcode-only identity is not exact eligible (0.7456ms)
✔ 21. all-uppercase source labels receive readable capitalization (0.4502ms)
✔ 22. exact GTIN deduplication is conservative (9.8188ms)
✔ 23. real variants with different GTINs remain separate (0.1977ms)
✔ 24. brand enters the one guided engine (18.6643ms)
✔ 25. a weak large-brand category facet falls back to product pagination (298.3563ms)
✔ 26. manageable data-derived variants present concrete products (2.2466ms)
✔ 27. only facets that divide candidates are asked (1.4574ms)
✔ 28. Back recomputes from identity answers (10.7941ms)
✔ 29. upstream identity change clears amount state (12.5644ms)
✔ 30. liquid profile uses mL (3.0537ms)
✔ 31. liquid profile offers an Australian 250 mL cup (2.1724ms)
✔ 32. spread profile uses grams (2.4194ms)
✔ 33. spread retains an explicit compatible manufacturer serve (4.6456ms)
✔ 34. trusted generic spread teaspoon uses the existing HEC 5 g conversion (6.1058ms)
✔ 35. an explicit package teaspoon count is allowed (3.5152ms)
✔ 36. countable package derives a piece measure (1.5365ms)
✔ 37. custom decimal amount scales after measure (9.9678ms)
✔ 38. package size is not selected consumption (4.0971ms)
✔ 39. nutrition basis is not selected consumption (2.0453ms)
✔ 40. conflicting kcal and kJ are normalised from one source (0.2178ms)
✔ 41. one basis factor scales kcal and kJ together (0.1204ms)
✔ 42. missing nutrient remains unknown (0.0947ms)
✔ 43. energy conflict downgrades integrity (0.1003ms)
✔ 44. missing macros produce partial nutrition (0.0871ms)
✔ 45. identity-only product is blocked safely (0.3519ms)
✔ 46. real Flora brand universe remains 30 products (0.2449ms)
✔ 47. real Meadow Lea variants share one brand and omit the reference as exact (3.3563ms)
✔ 48. real Milk ranks plain identity/category members first (0.6541ms)
✔ 49. real Pauls excludes similar unrelated brands (1.4292ms)
✔ 50. real Trim Milk keeps both Australian candidates (0.9396ms)
✔ 51. Pauls Trim Milk restricts within Pauls (0.4933ms)
✔ 52. Big Mac authoritative source remains present (1.875ms)
✔ 53. Large McDonald’s Fries remains present (0.8905ms)
✔ 54. Hotcakes complete-meal rule remains present (1.2676ms)
✔ 55. Bunnings natural item remains present (3.0136ms)
✔ 56. Chiko canonical dedup remains one display row (0.322ms)
✔ 57. generic Fries routing remains preserved (1.1415ms)
✔ 58. Weight foundation remains loaded (1.3212ms)
✔ 59. focused keyboard handler preserves the caret (10.3856ms)
✔ 60. all 73,300 committed products remain indexed (0.2291ms)
✔ 61. product shards remain lazy rather than startup-preloaded (4.6806ms)
✔ 62. broader online remains a weaker source tier (0.5103ms)
✔ 63. exact catalogue product taps enter the shared guide (6.3638ms)
✔ 64. serving UI asks measure then amount clearly (8.1806ms)
✔ 65. architecture audit answers all ten requirements YES (12.7252ms)
✔ 66. punctuation-heavy single-brand products use the derived exact-name index (0.3604ms)
✔ 1. delayed online arrivals never reorder or replace the local Trim Milk snapshot (19.5015ms)
✔ 2. a stale Trim mil response is rejected after Trim milk becomes active (13.364ms)
✔ 3. continuing the exact query preserves its revision and immutable local result (2.8635ms)
✔ 4. every changed raw query receives a monotonic revision (0.362ms)
✔ 5. weak names cannot become exact while meaningful peer identities exist (3.1613ms)
✔ 6. barcode-known identity remains incomplete rather than exact (12.142ms)
✔ 7. brand references remain navigation-only (0.1993ms)
✔ 8. small and medium sets use direct concrete products (32.0903ms)
✔ 9. a balanced shopper-facing facet is accepted only for a genuinely large set (64.3931ms)
✔ 10. broad taxonomy noise is rejected and large results paginate real products (184.4373ms)
✔ 11. unspecified spread keeps grams without borrowed household measures (34.3921ms)
✔ 12. liquid milk keeps arbitrary mL and the Australian 250 mL cup (16.9672ms)
✔ 13. production online append updates only the broader surface (0.3572ms)
✔ 14. production large-search awaits are guarded by token, revision and current input (0.4057ms)
✔ 15. weak online shells are excluded from exact-product selection (0.9528ms)
✔ 16. recovery production modules contain no named-brand resolver branches (11.8237ms)
✔ 17. mobile safeguards retain bounded choices, stable caret and unresolved-action suppression (1.9154ms)
✔ 18. catalogue manifest remains the approved production-scale snapshot (0.1482ms)
First screen 390 Bread
First screen 390 Milk
First screen 390 Big Mac
First screen 390 Cheeseburger
First screen 390 Hash Brown
First screen 390 Flora ProActiv Light
First screen 390 Whole meal bread
First screen 390 Wholemeal bread
First screen 390 White bread
First screen 390 Cow milk
First screen 390 Oat milk
First screen 390 Skim milk
First screen 390 Lactose-free milk
First screen 390 Cheese
First screen 390 Yoghurt
First screen 390 Cereal
First screen 390 Sausages
First screen 390 Chips
First screen 390 Fries
First screen 390 Chicken
First screen 390 Apple
First screen 390 Crackers
First screen 390 Margarine
First screen 390 Burger
First screen 390 Rice
First screen 390 Eggs
First screen 390 KFC Wicked Wings
✔ actual Search renders shortlists before guided questions, exact identities and complete Hash Brown source choices (108655.7801ms)
✔ base bread asks origin, then supported bread types (103.0721ms)
✔ compound bread identities cannot compete with ordinary bread (0.4265ms)
✔ whole meal spelling and supplied white/wholemeal facets agree (12.3017ms)
✔ quantity, food identity and supplied bread type remain separate (0.8247ms)
✔ milk source is unresolved before cow, oat and other source choices (4.233ms)
✔ milk compounds are excluded while genuine chocolate flavoured milk remains fluid milk (2.548ms)
✔ plant source queries never acquire cow fat/lactose questions (8.5169ms)
✔ cow source and milk fat/lactose intent are preserved independently (1.2277ms)
✔ AFCD ingredient qualifiers cannot replace an egg or bread head concept (0.4252ms)
✔ plain cereal, cheese, chicken, apple and rice exclude containing foods (0.5619ms)
✔ specific confectionery and condiment categories outrank ingredient-like product names (0.5589ms)
✔ edited identity metadata invalidates classification and facet caches (0.3885ms)
✔ fresh apple is distinct from dried apple and whole eggs never acquire poultry measures (26.348ms)
✔ hash-brown identity supports plural and spacing without admitting composed dishes (0.7565ms)
✔ chips asks food class before preparation and distinguishes fries from crisps (3.3968ms)
✔ declared restaurant identities survive an unrelated same-title incomplete record (116.7531ms)
✔ exact product semantics beat a longer variant independently of product names and scores (7.0846ms)
✔ restaurant aliases and explicit counts retain distinct shared intent (96.8076ms)
✔ natural measure utility prioritises slices and fluid volumes without restoring rejected units (10.0198ms)
✔ thin/thick spread cannot acquire invented conversions (1.4986ms)
✔ submitted generic diagnostics separate related concepts from equivalent identities (9.2688ms)
✔ bare family aliases do not pre-answer catch-all subtype facets (6.4782ms)
✔ yoghurt cannot inherit the nut ingredient standard serve (1.1039ms)
✔ non-adjacent chocolate egg names are confectionery (0.1849ms)
✔ brand and subtype inference separates bread from wraps using committed category evidence (0.4065ms)
✔ catalogue discovery expands declared alias inflections before concept filtering (0.4708ms)
✔ egg preparation preserves named methods and skips supplied cooking information (8.6889ms)
✔ approved historical compatibility preserves NFC/NFD, unaccented and hyphen queries (21.3356ms)
✔ verified alias metadata authorizes widening independently of index compatibility (2.8804ms)
✔ unapproved same-folded diacritic brands remain separate in brand and exact product retrieval (7.408ms)
✔ unapproved exact accented spelling can address its own historical shard without enabling an unaccented alias (4.0833ms)
✔ approved alias pagination preserves distinct records and GTINs (2.3635ms)
✔ evidence lookup and successful historical shard access are cached (1.7826ms)
✔ switching approved and unapproved brands never reuses prior family members (7.4877ms)
✔ same-folded unrelated brand names do not bypass canonical membership or the complete-name collision guard (39.4865ms)
✔ real approved family retains all eight protected GTINs and exact source spellings (1233.1446ms)
✔ protected apostrophe and historical-index products remain reachable through shared matching (2428.7006ms)
✔ real catalogue identity outranks broad beverage ancestry (28.1991ms)
✔ raw solid mL is quarantined at the final profile and resolved-food boundary (1.5446ms)
✔ raw solid L is quarantined at the final profile and resolved-food boundary (1.8163ms)
✔ raw solid cup is quarantined at the final profile and resolved-food boundary (3.1645ms)
✔ package volume and unsuitable source units cannot redefine a named solid (6.6374ms)
✔ genuine per-100-mL solid conflict is not relabelled or scaled as grams (1.8256ms)
✔ valid gram nutrition survives an incompatible source serving (0.768ms)
✔ volume aliases are validated by user-facing family, not a countable default (1.4786ms)
✔ guided Review cannot reintroduce quarantined units (12.2347ms)
✔ voice and typed measure resolution rejects solid volume and accepts supported grams (1.0216ms)
✔ liquid identity preserves volumes and rejects unrelated solid item units (2.7515ms)
✔ spreads preserve validated household-to-gram measures without becoming liquid (4.066ms)
✔ sliced food preserves source slice and grams (3.102ms)
✔ official restaurant item preserves its natural unit (69.7547ms)
✔ unknown identity with only volume metadata has a conservative completion state (2.3728ms)
✔ specific short-plural food categories outrank beverage flavour words (1.2861ms)
✔ specific liquid categories retain milk despite chocolate flavour metadata (0.8949ms)
✔ powdered milk remains solid despite liquid ancestry (0.1993ms)
✔ explicit source mL denominator is preserved before semantic normalization (0.5471ms)
✔ trusted density conversion supports grams without exposing volume for a solid (0.5742ms)
✔ late carried candidates and legacy allowed lists cross the same firewall (0.3983ms)
✔ consumedPortion rejects a quarantined carried measure when food is supplied (0.2958ms)
✔ legacy inferred catalogue form cannot override solid identity (1.8582ms)
✔ explicit source slice counts on a countable product keep their gram conversion (3.6412ms)
✔ real McCain product is safe through production search and rendered Portion Choice (14330.4854ms)
✔ semantic source order prefers explicit metadata before source metadata and inference (1.9852ms)
✔ representative records cover all eight reusable semantic roles (3.5006ms)
✔ serving policy retains natural, count, size, package and 100 g reference semantics (2.7105ms)
✔ Hotcakes is a complete source-backed meal and never a condiment serving (1.9587ms)
✔ Hotcakes and hot cakes rank the complete item first while explicit syrup intent ranks the component first (136.5892ms)
✔ parent/component ranking is general rather than a Hotcakes-only rule (0.7663ms)
✔ semantic validation rejects unsafe meal, package, natural-item and configurable combinations (0.7243ms)
✔ the deterministic McDonald’s audit covers all 211 records with no unresolved conflict (29.7238ms)
✔ counted and configurable records remain nutritionally safe (30.9754ms)
✔ exact and close mobile result names use three-line and two-line wrapping contracts (6.3746ms)
✔ focused search layout leaves the first result usable at 390x844 and 390x520 (5.1667ms)
✔ incremental product ranking converges without changing the editable search field (207.1087ms)
✔ existing representative food behavior remains intact (21.5047ms)
✔ the semantic module is loaded once before catalogue imports and cached offline (3.5961ms)
✔ exact retailer recognition remains separate from consumer-brand identity (17.3504ms)
✔ no name, OFF URL or brand-index match can substitute for verified retailer membership (10.7983ms)
✔ membership keeps the national and private-label consumer brands and provenance intact (24.43ms)
✔ community nutrition with separate official listing evidence does not become manufacturer verification (10.0736ms)
✔ food-only categories and all-items postings exclude non-food products (1.9741ms)
✔ root and category directory do not hydrate products; pages have a strict bound and cache (7.8093ms)
✔ category and Back navigation retain retailer ownership (4.5873ms)
✔ retiring retailer intent leaves subsequent generic and brand searches independent (70.5082ms)
✔ late retailer hydration cannot replace a newer owner or refill its cancelled session (1.1993ms)
✔ late category result cannot overwrite a newer category within the same query (1.6339ms)
✔ a synthetic second retailer uses the identical registration, evidence and browse contracts (3.1425ms)
✔ guided supermarket identity requires separate house/private-label evidence, not retailer stock (6.4324ms)
✔ actual consumer-brand selection still uses consumer-brand membership (1.192ms)
✔ unverified or wrong-brand commercial identity evidence cannot widen the guided route (0.9164ms)
✔ product handoff keeps canonical identity, unknown nutrients and one confirmation (13.2924ms)
✔ a loader cannot substitute foreign IDs or weaken the indexed listing evidence (2.1309ms)
✔ retailer aliases cannot take over generic food or known consumer-brand recognition (1.3901ms)
✔ the generic source converter requires consumer brand and does not turn retailers into restaurants (2.704ms)
✖ canonical cached results, shared retailer browse and GTIN conflicts on two mobile viewports (18057.3231ms)
✔ source metadata lookup retains registry order and detached values (15.6181ms)
✔ restaurant recognition retains prefix results without reading catalogue items (656.6025ms)
✔ recognising KFC does not call application blur (8.2464ms)
✔ KFC remains focused so typing can continue (3.2141ms)
✔ recognition does not commit restaurant browse state (2.7803ms)
✔ one central search-session controller owns typing state (0.4587ms)
✔ production typing controller advances exact ownership for Cote → Côte (12.9353ms)
✔ production typing controller advances exact ownership for resume → résumé (5.0542ms)
✔ production typing controller advances exact ownership for Burgen → Bürgen (8.4485ms)
✔ production typing controller advances exact ownership for Häagen-Dazs → Haagen-Dazs (3.9439ms)
✔ production typing controller advances exact ownership for Milk → milk  (10.534ms)
✔ KFC retains focus through a 0 ms result delay (4.0346ms)
✔ KFC retains focus through a 250 ms result delay (2.9126ms)
✔ KFC retains focus through a 750 ms result delay (4.4827ms)
✔ KFC retains focus through a 1500 ms result delay (5.0058ms)
✔ the same input DOM node survives character-by-character updates (6.0154ms)
✔ McDonald’s and Flora ProActiv Light remain continuously typeable (25.4637ms)
✔ explicit source tap commits and dismisses the keyboard through the shared filter transition (5.3052ms)
✔ recognition preview cannot instantiate Guided Product Resolution (0.7417ms)
✔ chips has a data-backed generic schema (0.1024ms)
✔ chips begins generic progressive resolution (70.4628ms)
✔ food family is the first chips question (31.4153ms)
✔ chips amount begins blank and no 100 g is committed (42.592ms)
✔ verified AUSNUT chip measures are available for the matching AFCD row (2.417ms)
✔ KFC alone is a restaurant source and not an arbitrary product (0.9897ms)
✔ KFC source inventory exposes all 12 categories and 148 products including the reviewed supplement (4.1533ms)
✔ KFC product terms remain restricted to authoritative KFC records (10.334ms)
✔ consumer/OFF records cannot masquerade as the KFC restaurant source (0.1996ms)
✔ Popcorn Chicken without a source infers the unique restaurant family (8.6223ms)
✔ KFC 3 Wicked Wings resolves one official identity (4.36ms)
✔ KFC 6 Wicked Wings resolves one official identity (1.393ms)
✔ KFC 10 Wicked Wings resolves one official identity (1.2279ms)
✔ KFC Wicked Wings exposes exactly the three committed count choices (1.9482ms)
✔ KFC Popcorn Chicken exposes Snack, Regular and Maxi sizes (1.9584ms)
✔ KFC Regular Popcorn Chicken resolves exact (9.1498ms)
✔ KFC Maxi Popcorn Chicken resolves exact (6.9808ms)
✔ KFC chips exposes only Regular and Large official sizes (1.2186ms)
✔ chips food family and source/context are separate dimensions (0.1125ms)
✔ Hot Chips path asks the data-backed source context next (30.7957ms)
✔ Packet Chips path is separate and asks its supported flavour (21.6079ms)
✔ typed oven-baked preparation skips the redundant question (29.0824ms)
✔ an unsupported air-fried method is not silently mapped (0.492ms)
✔ generic chips exposes measure only after exact nutritional identity (54.0045ms)
✔ generic chips grams persist to final Review (41.9147ms)
✔ generic chips AUSNUT chip measure persists to final Review (38.3357ms)
✔ generic chips never substitutes a branded online product (29.2543ms)
✔ source and data-backed generic typing do not launch racing automatic online searches (0.2755ms)
✔ stale no-record ownership is retired on query change and exact identity (1.1162ms)
✔ KFC Regular Popcorn Chicken final portion is one natural portion (5.416ms)
✔ KFC Maxi Popcorn Chicken final portion is one natural portion (7.6339ms)
✔ KFC Regular Chips final portion is one natural portion (3.0603ms)
✔ one six-piece Wicked Wings portion scales nutrition exactly once (3.0211ms)
✔ six individual Wicked Wings pieces also scale the identity exactly once (2.2373ms)
✔ Big Mac remains one burger with official McDonald’s provenance (11.9915ms)
✔ source switching classifies McDonald’s, KFC and generic chips without bleed (172.3671ms)
✔ control: protected KFC snapshot remains 126 unique products without invented standalone Corn Chips (29.5148ms)
✔ 1. catalogue records keep a stable source identity and Australian market context (1.626ms)
✔ 2. AFCD, packaged, private, recipe and online candidates remain distinct record types (0.6156ms)
✔ 3. exact canonical names outrank exact aliases (7.9681ms)
✔ 4. exact aliases outrank order-independent all-token matches (1.058ms)
✔ 5. all query tokens may match in any order (0.4896ms)
✔ 6. potato scallop is a controlled Australian alias for potato cake (1.0586ms)
✔ 7. bare scallop is not silently rewritten to a potato food (1.1863ms)
✔ 8. bare chips remains ambiguous while hot chips and potato chips are explicit (0.2015ms)
✔ 9. Bunnings sausage and snag vocabulary remains explicit and local (2.5888ms)
✔ 10. controlled cappuccino spelling errors are recognised below Australian aliases (0.6751ms)
✔ 11. unlisted spelling differences are not accepted as speculative fuzzy identity (0.3217ms)
✔ 12. broader substring results stay below controlled typos (1.3164ms)
✔ 13. duplicate source IDs collapse to one canonical AFCD record (1.8301ms)
✔ 14. compatible title refresh retains the stronger verified title and older evidence (39.3603ms)
✔ 15. preparation variants are not merged merely because their names match (0.9256ms)
✔ 16. provenance clearly distinguishes AFCD, My Foods and online candidates (0.768ms)
✔ 17. a recognised-only record cannot be logged without usable nutrition (11.1458ms)
✔ 18. a new search is blank while Back restores the same search snapshot (0.5569ms)
✔ 19. the search parser recognises toast as bread and preserves preparation (3.6523ms)
✔ 20. egg preparation choices include oven and air-fryer pathways without merging them (1.3353ms)
✔ 21. required Australian retailers and brands are recognised as commercial context (0.6256ms)
✔ 22. all 1,588 local AFCD records remain present (11.0226ms)
✔ 23. the active search controller delegates to the catalogue and de-duplicates ranked products (1.782ms)
✔ 24. catalogue loading, offline caching and release runtime version are consistent (0.9571ms)
✔ 25. Woolworths beef sausage preserves known meat and commercial source context (2.238ms)
✔ 26. herb and garlic sausage detail is preserved as an answered flavour facet (0.7452ms)
✔ 27. hyphen and space variations normalise to the same exact identity (0.3874ms)
✔ 28. brand, retailer, food-service context and serving descriptions are searchable fields (0.6535ms)
✔ 29. generic sausage branching remains useful while supplied details skip redundant source questions (0.9523ms)
✔ 30. production online ownership rejects late OFF arrival across "milk" → "milk " (7.8539ms)
✔ 30. production online ownership rejects late OFF arrival across "milk " → "milk" (3.5995ms)
✔ 30. production online ownership rejects late OFF arrival across "Cote" → "Côte" (2.1805ms)
✔ 30. production online ownership rejects late OFF arrival across "Burgen" → "Bürgen" (1.9532ms)
✔ 30. production online ownership rejects late OFF arrival across " Häagen-Dazs" → "Häagen-Dazs" (1.9145ms)
✔ 30. accepted OFF cache survives "milk" → "milk " while late USDA cannot render (3.1495ms)
✔ 30. accepted OFF cache survives "milk " → "milk" while late USDA cannot render (3.2388ms)
✔ 30. production cancellation aborts in-flight work and rejects its later completion (3.7426ms)
✔ 31. My Foods, My Recipes and Recent stay on their established stores and render paths (0.869ms)
✔ 1. quantity parsing supports the complete approved unit vocabulary (12.54ms)
✔ 2. parsed quantities and count units remain attached to each component (1.0067ms)
✔ 3. eggs on toast splits conservatively while preserving both quantities (2.3632ms)
✔ 4. poached eggs and wholemeal toast retain preparation and component amount (4.7848ms)
✔ 5. banana and yoghurt is an approved high-confidence compound (1.3645ms)
✔ 6. cereal with milk is an approved high-confidence compound (3.1988ms)
✔ 7. toast with Flora is recognised without inventing a generic spread record (0.9241ms)
✔ 8. low-confidence phrases are not split into fabricated foods (1.5288ms)
✔ 9. per-serving and per-100 columns remain independently represented (0.3882ms)
✔ 10. a per-100 reference is never renamed or assumed to be one serving (0.4126ms)
✔ 11. an explicit manufacturer serving may be calculated from its matching per-100 basis (0.2232ms)
✔ 12. incompatible or unknown unit conversions return missing values rather than guesses (0.1851ms)
✔ 13. Flora ProActiv package semantics use the explicit two-teaspoon serving (17.6998ms)
✔ 14. explicit package cracker counts create a valid per-cracker conversion (6.9537ms)
✔ 15. kilogram and litre options appear only from valid metric conversions (9.4569ms)
✔ 16. package foods never borrow household units solely from words in a product name (1.1371ms)
✔ 17. incomplete recognised products can be saved for review but cannot enter Diary (0.653ms)
✔ 18. a complete reviewed packaged food may be saved or logged (0.1507ms)
✔ 19. Diary snapshots retain identity, serving, provenance and scaled nutrition (0.4193ms)
✔ 20. changing a catalogue product later cannot rewrite an existing Diary snapshot (8.6486ms)
✔ 21. an entry can be reconstructed from its stored snapshot after catalogue removal (0.8794ms)
✔ 22. material per-serving versus per-100 discrepancies are flagged for review (0.4018ms)
✔ 23. active online conversion preserves missing energy as null rather than zero (0.5548ms)
✔ 24. active Diary creation and historical editing use an immutable food snapshot (0.2777ms)
✔ 25. packaged-food foundation is loaded offline at the release version without changing migrations (0.2809ms)
✔ 26. missing online nutrient fields remain null rather than fabricated zeroes (0.2644ms)
✔ 27. voice and meal-planner Diary paths also preserve food snapshots (0.4227ms)
✔ 28. only an explicit parsed amount survives the guided wizard handoff (0.2781ms)
✔ 1. bare Hash Brown has a reusable generic concept (3.1706ms)
✔ 2. submitted bare generic search ranks the generic concept first (32.019ms)
✔ 3. solid identity quarantines an incompatible source mL measure (8.0385ms)
✔ 3a. generic concept metadata outranks malformed source volume inference (2.849ms)
✔ 4. composite generic source plan keeps four canonical paths separate (2.0761ms)
✔ 5. purchased frozen and home-prepared are never one guided state (0.2872ms)
✔ 6. answer history wraps readable labels at phone width (0.7059ms)
✔ 7. main food search exposes semantic form and visible submit control (0.3107ms)
✔ 8. deliberate measure selection focuses the newly rendered amount field (0.9295ms)
✔ 9. written variant count resolves like a digit without multiplying consumption (0.892ms)
✔ 10. consumed quantity remains separate from a counted product variant (0.4597ms)
✔ 11. unfinished prefixes cannot claim the best-match slot (3.4487ms)
✔ 12. a strong complete exact product submission leads with Best match (8.5229ms)
✔ 13. simple whole foods can skip source branching (0.2306ms)
✔ 14. submitted groups are immutable snapshots (4.4412ms)
✔ 15. stale asynchronous work loses ownership after a new preview (0.767ms)
✔ 16. decimal, common fraction and written mixed quantities share one parser (0.653ms)
✔ 17. quantity may follow the food phrase and dozen is explicit (0.2466ms)
✔ 18. an exact product-name count is identity metadata, not consumption (0.3149ms)
✔ 19. exact candidate context separates prefixed consumed count and variant count (0.6414ms)
✔ 20. explicit solid form wins over a malformed source volume (4.4446ms)
✔ 21. liquid, spread and sliced forms retain compatible measure families (4.4038ms)
✔ 22. source plans expose stable route metadata (0.4105ms)
✔ 23. ordinary technical source questions provide a Not Sure path (0.146ms)
✔ 24. the controller records universal destination, source and preparation state (1.1006ms)
✔ 25. search and amount controls retain visible touch-sized responsive rules (0.3838ms)
✔ 26. supplied generic source words keep a generic route and mark it direct (1.0797ms)
✔ 27. delayed online results append a labelled group without reordering primary results (3.2064ms)
✔ 28. committed universal results guard the legacy asynchronous renderer (1.5014ms)
✔ 29. online completion appends its group without replacing primary result nodes (2.8714ms)
✔ 30. repeated legacy render requests preserve the owned committed surface (2.8669ms)
✔ 31. pointer activation survives a legacy focus render without making scroll gestures select (2.0565ms)
✔ 32. valid custom decimal amounts stay exact in the review label (2.0333ms)
✔ 33. amount typing and quick amounts update one live nutrition preview (1.2386ms)
✔ 34. simple whole foods bypass source branching instead of opening an empty chooser (0.673ms)
✔ 35. exact result rows expose central addability status (0.4857ms)
✔ 36. fraction words in an exact product name remain identity language (0.2464ms)
✔ 37. packaged catalogue arrivals append inside the owned packaged branch (0.6136ms)
✖ real Woolworths catalogue, brands, conflicts and eleven Review/Diary flows on both mobile viewports (14338.8001ms)
ℹ tests 376
ℹ suites 0
ℹ pass 374
ℹ fail 2
ℹ cancelled 0
ℹ skipped 0
ℹ todo 0
ℹ duration_ms 246248.402

✖ failing tests:

test at tests\retailer-rendered.test.js:3:1
✖ canonical cached results, shared retailer browse and GTIN conflicts on two mobile viewports (18057.3231ms)
  AssertionError [ERR_ASSERTION]: coles requires admissible private-label evidence after UI hydration
      at switchCommercialChoices (C:\Users\mlwes\OneDrive\Documents\HEC Development\Healthy_Eating_Companion_Founder_Trial_Alpha_0_6_32\scripts\audit_retailer_architecture_edge.js:35:26)
      at async Object.run (C:\Users\mlwes\OneDrive\Documents\HEC Development\Healthy_Eating_Companion_Founder_Trial_Alpha_0_6_32\scripts\audit_retailer_architecture_edge.js:78:1283)
      at async TestContext.<anonymous> (C:\Users\mlwes\OneDrive\Documents\HEC Development\Healthy_Eating_Companion_Founder_Trial_Alpha_0_6_32\tests\retailer-rendered.test.js:3:140)
      at async Test.run (node:internal/test_runner/test:1389:7)
      at async startSubtestAfterBootstrap (node:internal/test_runner/harness:387:3) {
    generatedMessage: false,
    code: 'ERR_ASSERTION',
    actual: false,
    expected: true,
    operator: '==',
    diff: 'simple'
  }

test at tests\woolworths-rendered.test.js:3:1
✖ real Woolworths catalogue, brands, conflicts and eleven Review/Diary flows on both mobile viewports (14338.8001ms)
  AssertionError [ERR_ASSERTION]: Expected values to be strictly equal:

  1762 !== 43

      at Object.run (C:\Users\mlwes\OneDrive\Documents\HEC Development\Healthy_Eating_Companion_Founder_Trial_Alpha_0_6_32\scripts\audit_woolworths_edge.js:24:12)
      at async TestContext.<anonymous> (C:\Users\mlwes\OneDrive\Documents\HEC Development\Healthy_Eating_Companion_Founder_Trial_Alpha_0_6_32\tests\woolworths-rendered.test.js:3:148)
      at async Test.run (node:internal/test_runner/test:1389:7)
      at async startSubtestAfterBootstrap (node:internal/test_runner/harness:387:3) {
    generatedMessage: true,
    code: 'ERR_ASSERTION',
    actual: 1762,
    expected: 43,
    operator: 'strictEqual',
    diff: 'simple'
  }
