✔ frozen pool is pinned and the reviewed projection rebuilds byte-identically (2931.9429ms)
✔ retailers register once in the established deterministic order (53.4831ms)
✔ directory counts and All Items are deterministic and lazy (264.5253ms)
✔ every visible item has approved explicit Australia-only store evidence, source brand and attribution (194.8978ms)
✔ all 705 retained exclusions and lexical rejects remain outside the production index (231.5517ms)
✔ community provenance cannot be fabricated from names, brand, partial store text, foreign country or missing pins (83.617ms)
✔ tampered hydrated community evidence fails closed (68.7432ms)
✔ guided bread is limited to its approved Aldi concept (45.3002ms)
✔ guided yoghurt is limited to its approved Aldi concept (115.2856ms)
✔ guided cheese is limited to its approved Aldi concept (65.9846ms)
✔ guided cereal is limited to its approved Aldi concept (73.9114ms)
✔ retailer-aware Aldi bread uses the food concept even without bread in the source title (63.5398ms)
✔ cancellation clears Aldi ownership and preserves generic Bread intent (94.9807ms)
✔ all 20 existing protected OFF GTIN records merge compatibly without changing brand or nutrition (4569.2071ms)
✔ incompatible same-GTIN identity remains blocked through repeated canonicalisation (76.9623ms)
✔ bread slices preserves identity, amount conversion and one final Review (155.7955ms)
✔ liquid Pepsi preserves identity, amount conversion and one final Review (179.9153ms)
✔ gram cheese preserves identity, amount conversion and one final Review (51.8101ms)
✔ muesli serve preserves identity, amount conversion and one final Review (249.0651ms)
✔ gram yoghurt preserves identity, amount conversion and one final Review (97.2866ms)
✔ unknown values stay unknown; explicit water zeroes remain zero; packs never create count measures (34.9557ms)
✔ bounded Woolworths and Coles regressions retain their roots and accepted catalogues (702.0615ms)
✔ submitted retailer product filter keeps approved concept evidence across either merge order (141.8228ms)
✔ shared concept source choices expose covered retailers without altering generic-only concepts (85.8605ms)
✔ retailer search uses registered food-concept aliases before title matching (174.3758ms)
✔ every generated record passes identity, GTIN, AU, nutrition, conflicts and unknown preservation (44471.0258ms)
✔ all admitted source tokens meet reproducible tiers without merging companies or sub-brands (17070.0723ms)
✔ the wave adds no duplicate OFF identity and retains existing retailer evidence (2046.1895ms)
✔ known solids never gain liquid measures in the complete generated wave (3380.8941ms)
✔ brand plus exact product outranks lexical extensions and incomplete records never enter brand browse (331.0498ms)
✔ brand browse is bounded, category scoped, and all pages cover the complete brand (225.3346ms)
✔ generic food and retailer intent cannot become an exact-brand catalogue query (6.1749ms)
✔ a complete indexed brand outranks a shorter registered brand prefix (15.5745ms)
✔ concept Brand Name options contain accepted relevant products only (451.4016ms)
✔ source tokens allow secondary explicit brand membership without ownership inference (0.6607ms)
✔ cancelled asynchronous queries cannot hand off foods (1.7154ms)
✔ decorated brand sorting preserves the existing complete ranking order (250.4489ms)
✔ cached raw OFF rows cannot bypass audited brand admission (108.6964ms)
✔ representative real products retain one amount-to-Review conversion (38.2334ms)
✔ actual directory controller preserves the entire index set despite loaded manufacturer and retailer records (134212.46ms)
✔ failed generated shard loading cannot substitute a cached or manufacturer-only directory (5.7163ms)
✔ every generated brand directory has exactly its admitted identities across all pages and categories (15176.6343ms)
✔ priority counts, source spellings, Hash Browns membership and exact products remain admitted (43.9178ms)
✔ brand labels, manufacturer supplements and excluded raw products cannot grant generated-directory admission (547.3072ms)
✔ retailer aliases reuse the admitted canonical GTIN without losing either membership (4.7671ms)
✔ fresh brand hydration resolves retailer authority, retains OFF evidence and uses canonical Review nutrition (20.919ms)
✔ audited brand generation is byte deterministic and committed outputs match (63726.1875ms)
✔ classification snapshots match uncached decisions after scalar and in-place category/source mutations (8101.8096ms)
✔ complete-record cache hits are identical, isolated, and invalidate every safety/ranking input (216.965ms)
✔ hydrated OFF adapter records reuse unchanged decisions despite optional undefined metadata (2132.5143ms)
✔ memoized and uncached addability agree across all 1922 admitted products (53114.3189ms)
✔ complete concept candidate groups, diagnostics and ranking match the uncached reference (41634.7846ms)
✔ serving normalization preserves the uncached text algorithm (133.5297ms)
✔ the established percentile is the maximum at 20 and index 47 at 50 (3.8427ms)
✔ all samples including a slow first search remain in arrival order (2.7906ms)
✔ generic median and p95 are independent inclusive gates, evaluated without rounding (1.2458ms)
✔ cold check is separate, exactly one observation, and inclusive at 500 ms (7.04ms)
✔ all other rendered operations retain their existing strict 250 ms p95 gate (1.7282ms)
✔ incomplete distributions, unknown operations and invalid durations cannot pass (3.1879ms)
✔ one failing independent run or cold check fails acceptance without averaging (2.3922ms)
✔ cached online renderer and subsequent lookup retain conflict, retailer evidence and both packs (178.1967ms)
✔ product cache retains complete canonical evidence even when one competing source did not score (11.977ms)
✔ online canonical ranking retains score, Australian preference and name tie ordering (5.0662ms)
✔ federated and repeatedly canonicalised conflicts remain blocked through the cached UI (16.0646ms)
✔ legacy online result policy retains canonical legacy records and stable lookup (22.2829ms)
✔ independent source identities retain eligibility and ranking when weaker same-label rows arrive (197.6565ms)
✔ copies of one canonical identity cannot manufacture label ambiguity (14.3117ms)
✔ ambiguous labels within one source stay blocked and exact preview cannot bypass that decision (43.4277ms)
✔ independent sources do not make generic or unnamed records specific products (54.1454ms)
✔ shared GTIN conflict and source authority checks still control canonical merging (38.068ms)
Chiko regression evidence: C:\Users\mlwes\AppData\Local\Temp\hec-chiko-regression-cVGAEc
✖ real production Chiko preview, hydrated Search and selection retain the accepted roll identity (48594.7851ms)
✔ all admitted expansion identities are unique, loggable, attributable, and retain public release review (38221.4705ms)
✔ unknown OFF nutrients stay absent and qualified official panel values are never invented as zero (1931.8431ms)
✔ every expanded retailer page has actual evidence and no duplicate canonical choices (11733.1631ms)
✔ multi-market explicit Australia store evidence is accepted; a foreign-only or fabricated store claim is rejected (3.4423ms)
✔ manufacturer catalogue identities without GTIN are admitted only by canonical identity (28.7151ms)
✔ all preserved accepted brand identities remain admitted exactly once (227.0172ms)
✔ new regional identity holds and ingredient-only family mentions stay out of unrelated categories (711.8676ms)
✔ new manufacturer products without a known barcode do not display a literal null barcode (39.5049ms)
✔ category coverage never acts as an admission cap for otherwise eligible foods (87.2599ms)
✔ 1. delayed online arrivals never reorder or replace the local Trim Milk snapshot (38.8994ms)
✔ 2. a stale Trim mil response is rejected after Trim milk becomes active (22.3058ms)
✔ 3. continuing the exact query preserves its revision and immutable local result (13.4881ms)
✔ 4. every changed raw query receives a monotonic revision (0.8848ms)
✔ 5. weak names cannot become exact while meaningful peer identities exist (11.8373ms)
✔ 6. barcode-known identity remains incomplete rather than exact (33.9212ms)
✔ 7. brand references remain navigation-only (0.6979ms)
✔ 8. small and medium sets use direct concrete products (127.8296ms)
✔ 9. a balanced shopper-facing facet is accepted only for a genuinely large set (161.7873ms)
✔ 10. broad taxonomy noise is rejected and large results paginate real products (724.321ms)
✔ 11. unspecified spread keeps grams without borrowed household measures (172.6707ms)
✔ 12. liquid milk keeps arbitrary mL and the Australian 250 mL cup (161.1283ms)
✔ 13. production online append updates only the broader surface (1.4039ms)
✔ 14. production large-search awaits are guarded by token, revision and current input (47.8381ms)
✔ 15. weak online shells are excluded from exact-product selection (2.9291ms)
✔ 16. recovery production modules contain no named-brand resolver branches (50.1741ms)
✔ 17. mobile safeguards retain bounded choices, stable caret and unresolved-action suppression (9.2005ms)
✔ 18. catalogue manifest remains the approved production-scale snapshot (7.2516ms)
✔ all Coles source rows reproduce from pinned, attributable OFF bytes without changing the protected layer (7866.0681ms)
✔ reviewed collection directory is lazy, paged and excludes restricted rows (1122.9236ms)
✔ guided Coles bread uses reviewed source-declared brand identity without claiming retailer verification (482.2474ms)
✔ synthetic national-brand, missing-pin, foreign-source and wrong-record claims cannot enter the collection (334.223ms)
✔ compatible same-GTIN OFF hydration retains one identity and the separate collection provenance (491.7573ms)
✔ synthetic compatible cross-retailer evidence keeps memberships separate and never manufactures Coles listing evidence (302.6278ms)
✔ synthetic same-GTIN brand/pack/form conflicts remain blocked after re-canonicalisation (342.4663ms)
✔ missing and conflicting real nutrition remains restricted; unknown optional nutrients stay unknown (300.7913ms)
✔ source natural bread slices and mL drink amounts retain one confirmation and unchanged nutrition (294.0936ms)
✔ late Coles requests cannot replace Woolworths or generic query ownership (821.6858ms)
✔ changed hydrated collection evidence fails closed and cannot silently admit a different source (682.6559ms)
✔ generic intent and existing OFF identifiers remain unchanged (271.8026ms)
✔ generated shell and worker exactly match the canonical content generation (565.9582ms)
✔ same visible version with changed controller produces a new shared generation (369.228ms)
✔ complete dependency inventory includes bootstrap configuration and both deployment variants (5.4759ms)
✔ my-data installs verified core before skipWaiting and exposes safe readiness (550.3754ms)
✔ test installs verified core before skipWaiting and exposes safe readiness (324.5921ms)
✔ required core 404 rejects installation and removes staging without activation (333.1892ms)
✔ required core wrong-bytes rejects installation and removes staging without activation (351.9541ms)
✔ slow required dependency does not publish readiness or skipWaiting early (387.7547ms)
✔ optional artwork failure is outside atomic core readiness (428.0624ms)
✔ navigation and versioned core remain cached and coherent while offline (501.2345ms)
✔ missing generation and unknown generation cannot fall back to old core or HTML (350.3245ms)
✔ unversioned core data consumers receive the verified current data, not a network revalidation (334.6892ms)
✔ activation retains previous caches until every live client reports current readiness (278.4965ms)
✔ same-path cached assets cannot cross a generation boundary (317.1828ms)
✔ bootstrap owns update lifecycle and leaves personal storage contracts untouched (4.6502ms)
✔ exact retailer recognition remains separate from consumer-brand identity (47.0098ms)
✔ no name, OFF URL or brand-index match can substitute for verified retailer membership (20.3243ms)
✔ membership keeps the national and private-label consumer brands and provenance intact (76.2335ms)
✔ community nutrition with separate official listing evidence does not become manufacturer verification (15.6663ms)
✔ food-only categories and all-items postings exclude non-food products (5.5593ms)
✔ root and category directory do not hydrate products; pages have a strict bound and cache (17.4248ms)
✔ category and Back navigation retain retailer ownership (7.4381ms)
✔ retiring retailer intent leaves subsequent generic and brand searches independent (171.6046ms)
✔ late retailer hydration cannot replace a newer owner or refill its cancelled session (3.1784ms)
✔ late category result cannot overwrite a newer category within the same query (14.0627ms)
✔ a synthetic second retailer uses the identical registration, evidence and browse contracts (5.5574ms)
✔ guided supermarket identity requires separate house/private-label evidence, not retailer stock (7.6457ms)
✔ actual consumer-brand selection still uses consumer-brand membership (2.4988ms)
✔ unverified or wrong-brand commercial identity evidence cannot widen the guided route (2.441ms)
✔ product handoff keeps canonical identity, unknown nutrients and one confirmation (33.8287ms)
✔ a loader cannot substitute foreign IDs or weaken the indexed listing evidence (7.4754ms)
✔ retailer aliases cannot take over generic food or known consumer-brand recognition (3.8384ms)
✔ the generic source converter requires consumer brand and does not turn retailers into restaurants (4.9672ms)
✔ official product 277727 retains factual brand, provenance, pack and unknown nutrients (115.9ms)
✔ official product 353871 retains factual brand, provenance, pack and unknown nutrients (13.0072ms)
✔ official product 814281 retains factual brand, provenance, pack and unknown nutrients (17.0096ms)
✔ official product 151547 retains factual brand, provenance, pack and unknown nutrients (15.8662ms)
✔ official product 382738 retains factual brand, provenance, pack and unknown nutrients (6.137ms)
✔ official product 571487 retains factual brand, provenance, pack and unknown nutrients (11.4442ms)
✔ official product 310237 retains factual brand, provenance, pack and unknown nutrients (4.1735ms)
✔ official product 224941 retains factual brand, provenance, pack and unknown nutrients (17.1898ms)
✔ official product 311844 retains factual brand, provenance, pack and unknown nutrients (14.0355ms)
✔ official product 702098 retains factual brand, provenance, pack and unknown nutrients (5.6683ms)
✔ official product 321220 retains factual brand, provenance, pack and unknown nutrients (6.3299ms)
✔ official product 158188 retains factual brand, provenance, pack and unknown nutrients (8.1722ms)
✔ official product 47682 retains factual brand, provenance, pack and unknown nutrients (6.0237ms)
✔ official product 700589 retains factual brand, provenance, pack and unknown nutrients (4.4243ms)
✔ official product 35007 retains factual brand, provenance, pack and unknown nutrients (3.7818ms)
✔ official product 346830 retains factual brand, provenance, pack and unknown nutrients (10.6638ms)
✔ official product 83763 retains factual brand, provenance, pack and unknown nutrients (4.4277ms)
✔ official product 904775 retains factual brand, provenance, pack and unknown nutrients (6.0106ms)
✔ official product 93530 retains factual brand, provenance, pack and unknown nutrients (9.8686ms)
✔ official product 233922 retains factual brand, provenance, pack and unknown nutrients (7.5759ms)
✔ official product 69286 retains factual brand, provenance, pack and unknown nutrients (15.0561ms)
✔ official product 824365 retains factual brand, provenance, pack and unknown nutrients (6.3626ms)
✔ official product 355265 retains factual brand, provenance, pack and unknown nutrients (8.6281ms)
✔ official product 824442 retains factual brand, provenance, pack and unknown nutrients (6.871ms)
✔ official product 36009 retains factual brand, provenance, pack and unknown nutrients (3.0572ms)
✔ official product 396254 retains factual brand, provenance, pack and unknown nutrients (13.4319ms)
✔ official product 756826 retains factual brand, provenance, pack and unknown nutrients (4.012ms)
✔ official product 248249 retains factual brand, provenance, pack and unknown nutrients (14.967ms)
✔ official product 754170 retains factual brand, provenance, pack and unknown nutrients (10.2453ms)
✔ official product 924103 retains factual brand, provenance, pack and unknown nutrients (5.9744ms)
✔ official product 98299 retains factual brand, provenance, pack and unknown nutrients (4.5ms)
✔ official product 38939 retains factual brand, provenance, pack and unknown nutrients (6.5101ms)
✔ official product 230519 retains factual brand, provenance, pack and unknown nutrients (5.785ms)
✔ official product 665356 retains factual brand, provenance, pack and unknown nutrients (6.106ms)
✔ official product 756086 retains factual brand, provenance, pack and unknown nutrients (8.1233ms)
✔ official product 6033180 retains factual brand, provenance, pack and unknown nutrients (5.4728ms)
✔ official product 825528 retains factual brand, provenance, pack and unknown nutrients (6.9355ms)
✔ official product 228345 retains factual brand, provenance, pack and unknown nutrients (4.9484ms)
✔ official product 830211 retains factual brand, provenance, pack and unknown nutrients (4.2447ms)
✔ official product 288440 retains factual brand, provenance, pack and unknown nutrients (7.8024ms)
✔ official product 208679 retains factual brand, provenance, pack and unknown nutrients (4.2736ms)
✔ official product 905257 retains factual brand, provenance, pack and unknown nutrients (12.7154ms)
✔ official product 902837 retains factual brand, provenance, pack and unknown nutrients (3.6739ms)
✔ bounded wave totals are exact and all retained canonical displays use actual official consumer brands (1.287ms)
✔ source shards and exact OFF corroboration remain pinned to committed bytes (571.7929ms)
✔ invalid GTINs are never corrected and qualified values never become zero (1.1547ms)
✔ directory is registered with food-only categories and performs zero product hydration (226.1696ms)
✔ real pagination hydrates complete same-GTIN groups and keeps page context (224.9986ms)
✔ real private-label breadth is verified product by product and national bread stays outside guided Woolworths (53.7728ms)
✔ indexed search preserves private product intent and national consumer brands (38.3576ms)
✔ La Gina title evolution safely merges, retains OFF alias and prefers the official nutrition (11.1963ms)
✔ sandwich slice bread is a loaf and harmless title evolution is retained (3.0753ms)
✔ equivalent shared solid-form labels do not manufacture a material identity conflict (4.0766ms)
✔ real different brand evidence remains conflict-blocked even with a valid shared GTIN (43.5402ms)
✔ barcode capture actions cannot re-enable ordinary logging for the real identity conflict (11.7328ms)
✔ official source serving discrepancy retains official identity and cannot fall back to incomplete OFF nutrition (7.1027ms)
✔ higher-trust nutrition differences are retained, never averaged (3.7162ms)
✔ missing water/produce nutrition stays missing and package produce stays distinct from generic composition (9.5945ms)
✔ real spread uses documented measures without invented teaspoons or borrowed conversions (2.7673ms)
✔ dry and uncooked product nutrition states are visible and ingredient facts remain available (0.5122ms)
✔ retailer search cancellation discards stale results and never hydrates a whole catalogue (454.6582ms)
ℹ tests 204
ℹ suites 0
ℹ pass 203
ℹ fail 1
ℹ cancelled 0
ℹ skipped 0
ℹ todo 0
ℹ duration_ms 152404.585

✖ failing tests:

test at tests\canonical-search-identity-consistency.test.js:60:1
✖ real production Chiko preview, hydrated Search and selection retain the accepted roll identity (48594.7851ms)
  page.waitForFunction: Timeout 30000ms exceeded.
      at TestContext.<anonymous> (C:\Users\mlwes\OneDrive\Documents\HEC Development\Healthy_Eating_Companion_Founder_Trial_Alpha_0_6_32\tests\canonical-search-identity-consistency.test.js:66:16) {
    name: 'TimeoutError',
    log: []
  }
