✔ frozen pool is pinned and the reviewed projection rebuilds byte-identically (2471.123ms)
✔ retailers register once in the established deterministic order (31.5882ms)
✔ directory counts and All Items are deterministic and lazy (180.9078ms)
✔ every visible item has approved explicit Australia-only store evidence, source brand and attribution (163.8751ms)
✔ all 705 retained exclusions and lexical rejects remain outside the production index (22.2652ms)
✔ community provenance cannot be fabricated from names, brand, partial store text, foreign country or missing pins (49.1048ms)
✔ tampered hydrated community evidence fails closed (130.4011ms)
✔ guided bread is limited to its approved Aldi concept (45.9058ms)
✔ guided yoghurt is limited to its approved Aldi concept (136.0697ms)
✔ guided cheese is limited to its approved Aldi concept (46.8829ms)
✔ guided cereal is limited to its approved Aldi concept (36.435ms)
✔ retailer-aware Aldi bread uses the food concept even without bread in the source title (98.45ms)
✔ cancellation clears Aldi ownership and preserves generic Bread intent (33.6945ms)
✔ all 20 existing protected OFF GTIN records merge compatibly without changing brand or nutrition (2085.4164ms)
✔ incompatible same-GTIN identity remains blocked through repeated canonicalisation (245.8351ms)
✔ bread slices preserves identity, amount conversion and one final Review (121.2679ms)
✔ liquid Pepsi preserves identity, amount conversion and one final Review (44.8868ms)
✔ gram cheese preserves identity, amount conversion and one final Review (16.2379ms)
✔ muesli serve preserves identity, amount conversion and one final Review (113.2923ms)
✔ gram yoghurt preserves identity, amount conversion and one final Review (15.9183ms)
✔ unknown values stay unknown; explicit water zeroes remain zero; packs never create count measures (42.5023ms)
✔ bounded Woolworths and Coles regressions retain their roots and accepted catalogues (373.6277ms)
✔ submitted retailer product filter keeps approved concept evidence across either merge order (74.8853ms)
✔ shared concept source choices expose covered retailers without altering generic-only concepts (28.6923ms)
✔ retailer search uses registered food-concept aliases before title matching (45.9187ms)
✔ every generated record passes identity, GTIN, AU, nutrition, conflicts and unknown preservation (30996.6586ms)
✔ all admitted source tokens meet reproducible tiers without merging companies or sub-brands (16452.3454ms)
✔ the wave adds no duplicate OFF identity and retains existing retailer evidence (5973.8591ms)
✔ known solids never gain liquid measures in the complete generated wave (7142.2912ms)
✔ brand plus exact product outranks lexical extensions and incomplete records never enter brand browse (819.9801ms)
✔ brand browse is bounded, category scoped, and all pages cover the complete brand (373.1433ms)
✔ generic food and retailer intent cannot become an exact-brand catalogue query (10.3462ms)
✔ a complete indexed brand outranks a shorter registered brand prefix (33.9568ms)
✔ concept Brand Name options contain accepted relevant products only (769.5642ms)
✔ source tokens allow secondary explicit brand membership without ownership inference (3.2844ms)
✔ cancelled asynchronous queries cannot hand off foods (4.7664ms)
✔ decorated brand sorting preserves the existing complete ranking order (432.4713ms)
✔ cached raw OFF rows cannot bypass audited brand admission (229.1107ms)
✔ representative real products retain one amount-to-Review conversion (87.1119ms)
✔ actual directory controller preserves the entire index set despite loaded manufacturer and retailer records (114384.8968ms)
✔ failed generated shard loading cannot substitute a cached or manufacturer-only directory (11.4383ms)
✔ every generated brand directory has exactly its admitted identities across all pages and categories (24347.0121ms)
✔ priority counts, source spellings, Hash Browns membership and exact products remain admitted (40.9827ms)
✔ brand labels, manufacturer supplements and excluded raw products cannot grant generated-directory admission (798.3183ms)
✔ retailer aliases reuse the admitted canonical GTIN without losing either membership (6.1003ms)
✔ fresh brand hydration resolves retailer authority, retains OFF evidence and uses canonical Review nutrition (32.8964ms)
✔ audited brand generation is byte deterministic and committed outputs match (78875.271ms)
✔ classification snapshots match uncached decisions after scalar and in-place category/source mutations (5158.2013ms)
✔ complete-record cache hits are identical, isolated, and invalidate every safety/ranking input (146.9608ms)
✔ hydrated OFF adapter records reuse unchanged decisions despite optional undefined metadata (1656.0598ms)
✔ memoized and uncached addability agree across all 1922 admitted products (55441.1821ms)
✔ complete concept candidate groups, diagnostics and ranking match the uncached reference (42148.3281ms)
✔ serving normalization preserves the uncached text algorithm (147.8263ms)
✔ the established percentile is the maximum at 20 and index 47 at 50 (3.1717ms)
✔ all samples including a slow first search remain in arrival order (3.3771ms)
✔ generic median and p95 are independent inclusive gates, evaluated without rounding (1.0088ms)
✔ cold check is separate, exactly one observation, and inclusive at 500 ms (6.4449ms)
✔ all other rendered operations retain their existing strict 250 ms p95 gate (1.3529ms)
✔ incomplete distributions, unknown operations and invalid durations cannot pass (2.2131ms)
✔ one failing independent run or cold check fails acceptance without averaging (3.6177ms)
✔ cached online renderer and subsequent lookup retain conflict, retailer evidence and both packs (195.4109ms)
✔ product cache retains complete canonical evidence even when one competing source did not score (12.1ms)
✔ online canonical ranking retains score, Australian preference and name tie ordering (5.4038ms)
✔ federated and repeatedly canonicalised conflicts remain blocked through the cached UI (11.2925ms)
✔ legacy online result policy retains canonical legacy records and stable lookup (33.2756ms)
✔ independent source identities retain eligibility and ranking when weaker same-label rows arrive (350.4358ms)
✔ copies of one canonical identity cannot manufacture label ambiguity (9.7039ms)
✔ ambiguous labels within one source stay blocked and exact preview cannot bypass that decision (69.6486ms)
✔ independent sources do not make generic or unnamed records specific products (29.9924ms)
✔ shared GTIN conflict and source authority checks still control canonical merging (66.6521ms)
Chiko regression evidence: C:\Users\mlwes\AppData\Local\Temp\hec-chiko-regression-VLunZr
✔ real production Chiko preview, hydrated Search and selection retain the accepted roll identity (59196.4134ms)
✔ all admitted expansion identities are unique, loggable, attributable, and retain public release review (32159.3279ms)
✔ unknown OFF nutrients stay absent and qualified official panel values are never invented as zero (1633.7597ms)
✔ every expanded retailer page has actual evidence and no duplicate canonical choices (20945.8396ms)
✔ multi-market explicit Australia store evidence is accepted; a foreign-only or fabricated store claim is rejected (9.432ms)
✔ manufacturer catalogue identities without GTIN are admitted only by canonical identity (48.6017ms)
✔ all preserved accepted brand identities remain admitted exactly once (354.311ms)
✔ all Coles source rows reproduce from pinned, attributable OFF bytes without changing the protected layer (6835.9589ms)
✔ reviewed collection directory is lazy, paged and excludes restricted rows (1499.4479ms)
✔ guided Coles bread uses reviewed source-declared brand identity without claiming retailer verification (511.347ms)
✔ synthetic national-brand, missing-pin, foreign-source and wrong-record claims cannot enter the collection (394.7821ms)
✔ compatible same-GTIN OFF hydration retains one identity and the separate collection provenance (296.5948ms)
✔ synthetic compatible cross-retailer evidence keeps memberships separate and never manufactures Coles listing evidence (260.3944ms)
✔ synthetic same-GTIN brand/pack/form conflicts remain blocked after re-canonicalisation (673.7514ms)
✔ missing and conflicting real nutrition remains restricted; unknown optional nutrients stay unknown (516.6977ms)
✔ source natural bread slices and mL drink amounts retain one confirmation and unchanged nutrition (249.3405ms)
✔ late Coles requests cannot replace Woolworths or generic query ownership (568.4817ms)
✔ changed hydrated collection evidence fails closed and cannot silently admit a different source (638.5596ms)
✔ generic intent and existing OFF identifiers remain unchanged (390.9023ms)
✔ generated shell and worker exactly match the canonical content generation (434.6547ms)
✔ same visible version with changed controller produces a new shared generation (376.4633ms)
✔ complete dependency inventory includes bootstrap configuration and both deployment variants (18.9354ms)
✔ my-data installs verified core before skipWaiting and exposes safe readiness (617.2872ms)
✔ test installs verified core before skipWaiting and exposes safe readiness (386.091ms)
✔ required core 404 rejects installation and removes staging without activation (400.3377ms)
✔ required core wrong-bytes rejects installation and removes staging without activation (381.8642ms)
✔ slow required dependency does not publish readiness or skipWaiting early (501.6127ms)
✔ optional artwork failure is outside atomic core readiness (623.4227ms)
✔ navigation and versioned core remain cached and coherent while offline (673.3804ms)
✔ missing generation and unknown generation cannot fall back to old core or HTML (475.5062ms)
✔ unversioned core data consumers receive the verified current data, not a network revalidation (446.3352ms)
✔ activation retains previous caches until every live client reports current readiness (352.9967ms)
✔ same-path cached assets cannot cross a generation boundary (288.9218ms)
✔ bootstrap owns update lifecycle and leaves personal storage contracts untouched (7.3698ms)
✔ exact retailer recognition remains separate from consumer-brand identity (76.2887ms)
✔ no name, OFF URL or brand-index match can substitute for verified retailer membership (33.8077ms)
✔ membership keeps the national and private-label consumer brands and provenance intact (185.8307ms)
✔ community nutrition with separate official listing evidence does not become manufacturer verification (13.6747ms)
✔ food-only categories and all-items postings exclude non-food products (24.9867ms)
✔ root and category directory do not hydrate products; pages have a strict bound and cache (16.1471ms)
✔ category and Back navigation retain retailer ownership (7.2258ms)
✔ retiring retailer intent leaves subsequent generic and brand searches independent (247.5829ms)
✔ late retailer hydration cannot replace a newer owner or refill its cancelled session (3.7311ms)
✔ late category result cannot overwrite a newer category within the same query (11.3648ms)
✔ a synthetic second retailer uses the identical registration, evidence and browse contracts (5.5622ms)
✔ guided supermarket identity requires separate house/private-label evidence, not retailer stock (11.6531ms)
✔ actual consumer-brand selection still uses consumer-brand membership (2.7285ms)
✔ unverified or wrong-brand commercial identity evidence cannot widen the guided route (2.5625ms)
✔ product handoff keeps canonical identity, unknown nutrients and one confirmation (30.1243ms)
✔ a loader cannot substitute foreign IDs or weaken the indexed listing evidence (4.9609ms)
✔ retailer aliases cannot take over generic food or known consumer-brand recognition (2.8413ms)
✔ the generic source converter requires consumer brand and does not turn retailers into restaurants (22.5333ms)
✔ official product 277727 retains factual brand, provenance, pack and unknown nutrients (70.622ms)
✔ official product 353871 retains factual brand, provenance, pack and unknown nutrients (14.9869ms)
✔ official product 814281 retains factual brand, provenance, pack and unknown nutrients (9.1707ms)
✔ official product 151547 retains factual brand, provenance, pack and unknown nutrients (17.5344ms)
✔ official product 382738 retains factual brand, provenance, pack and unknown nutrients (13.1808ms)
✔ official product 571487 retains factual brand, provenance, pack and unknown nutrients (8.6072ms)
✔ official product 310237 retains factual brand, provenance, pack and unknown nutrients (7.5966ms)
✔ official product 224941 retains factual brand, provenance, pack and unknown nutrients (14.2374ms)
✔ official product 311844 retains factual brand, provenance, pack and unknown nutrients (14.4816ms)
✔ official product 702098 retains factual brand, provenance, pack and unknown nutrients (5.3157ms)
✔ official product 321220 retains factual brand, provenance, pack and unknown nutrients (11.8135ms)
✔ official product 158188 retains factual brand, provenance, pack and unknown nutrients (13.0976ms)
✔ official product 47682 retains factual brand, provenance, pack and unknown nutrients (7.1343ms)
✔ official product 700589 retains factual brand, provenance, pack and unknown nutrients (15.094ms)
✔ official product 35007 retains factual brand, provenance, pack and unknown nutrients (4.9564ms)
✔ official product 346830 retains factual brand, provenance, pack and unknown nutrients (11.4827ms)
✔ official product 83763 retains factual brand, provenance, pack and unknown nutrients (14.6744ms)
✔ official product 904775 retains factual brand, provenance, pack and unknown nutrients (4.7192ms)
✔ official product 93530 retains factual brand, provenance, pack and unknown nutrients (12.3133ms)
✔ official product 233922 retains factual brand, provenance, pack and unknown nutrients (7.3847ms)
✔ official product 69286 retains factual brand, provenance, pack and unknown nutrients (11.7645ms)
✔ official product 824365 retains factual brand, provenance, pack and unknown nutrients (15.0534ms)
✔ official product 355265 retains factual brand, provenance, pack and unknown nutrients (14.5373ms)
✔ official product 824442 retains factual brand, provenance, pack and unknown nutrients (4.7113ms)
✔ official product 36009 retains factual brand, provenance, pack and unknown nutrients (10.2623ms)
✔ official product 396254 retains factual brand, provenance, pack and unknown nutrients (3.8218ms)
✔ official product 756826 retains factual brand, provenance, pack and unknown nutrients (8.2987ms)
✔ official product 248249 retains factual brand, provenance, pack and unknown nutrients (5.6589ms)
✔ official product 754170 retains factual brand, provenance, pack and unknown nutrients (4.5929ms)
✔ official product 924103 retains factual brand, provenance, pack and unknown nutrients (7.5578ms)
✔ official product 98299 retains factual brand, provenance, pack and unknown nutrients (4.8339ms)
✔ official product 38939 retains factual brand, provenance, pack and unknown nutrients (3.7306ms)
✔ official product 230519 retains factual brand, provenance, pack and unknown nutrients (15.6814ms)
✔ official product 665356 retains factual brand, provenance, pack and unknown nutrients (6.6339ms)
✔ official product 756086 retains factual brand, provenance, pack and unknown nutrients (7.8636ms)
✔ official product 6033180 retains factual brand, provenance, pack and unknown nutrients (8.8741ms)
✔ official product 825528 retains factual brand, provenance, pack and unknown nutrients (6.7433ms)
✔ official product 228345 retains factual brand, provenance, pack and unknown nutrients (9.8428ms)
✔ official product 830211 retains factual brand, provenance, pack and unknown nutrients (14.4742ms)
✔ official product 288440 retains factual brand, provenance, pack and unknown nutrients (11.0447ms)
✔ official product 208679 retains factual brand, provenance, pack and unknown nutrients (11.2613ms)
✔ official product 905257 retains factual brand, provenance, pack and unknown nutrients (4.9276ms)
✔ official product 902837 retains factual brand, provenance, pack and unknown nutrients (5.4981ms)
✔ bounded wave totals are exact and all retained canonical displays use actual official consumer brands (11.5896ms)
✔ source shards and exact OFF corroboration remain pinned to committed bytes (1263.1903ms)
✔ invalid GTINs are never corrected and qualified values never become zero (0.75ms)
✔ directory is registered with food-only categories and performs zero product hydration (272.6812ms)
✔ real pagination hydrates complete same-GTIN groups and keeps page context (1307.8133ms)
✔ real private-label breadth is verified product by product and national bread stays outside guided Woolworths (177.4468ms)
✔ indexed search preserves private product intent and national consumer brands (255.9248ms)
✔ La Gina title evolution safely merges, retains OFF alias and prefers the official nutrition (98.7461ms)
✔ sandwich slice bread is a loaf and harmless title evolution is retained (134.0558ms)
✔ equivalent shared solid-form labels do not manufacture a material identity conflict (3.9433ms)
✔ real different brand evidence remains conflict-blocked even with a valid shared GTIN (124.3808ms)
✔ barcode capture actions cannot re-enable ordinary logging for the real identity conflict (16.0712ms)
✔ official source serving discrepancy retains official identity and cannot fall back to incomplete OFF nutrition (80.8013ms)
✔ higher-trust nutrition differences are retained, never averaged (2.9921ms)
✔ missing water/produce nutrition stays missing and package produce stays distinct from generic composition (28.7627ms)
✔ real spread uses documented measures without invented teaspoons or borrowed conversions (3.7531ms)
✔ dry and uncooked product nutrition states are visible and ingredient facts remain available (0.4017ms)
✔ retailer search cancellation discards stale results and never hydrates a whole catalogue (2852.0871ms)
ℹ tests 183
ℹ suites 0
ℹ pass 183
ℹ fail 0
ℹ cancelled 0
ℹ skipped 0
ℹ todo 0
ℹ duration_ms 141654.3201
